Archive member included to satisfy reference by file (symbol)

../Middlewares/ST/AI/Lib\NetworkRuntime900_CM7_GCC.a(ai_platform.o)
                              ./X-CUBE-AI/App/network.o (ai_buffer_array_item_set_address)
../Middlewares/ST/AI/Lib\NetworkRuntime900_CM7_GCC.a(ai_platform_interface.o)
                              ./X-CUBE-AI/App/network.o (ai_platform_get_weights_map)
../Middlewares/ST/AI/Lib\NetworkRuntime900_CM7_GCC.a(core_common.o)
                              ../Middlewares/ST/AI/Lib\NetworkRuntime900_CM7_GCC.a(ai_platform_interface.o) (core_init)
../Middlewares/ST/AI/Lib\NetworkRuntime900_CM7_GCC.a(core_mem_manager.o)
                              ../Middlewares/ST/AI/Lib\NetworkRuntime900_CM7_GCC.a(ai_platform_interface.o) (core_mem_alloc)
../Middlewares/ST/AI/Lib\NetworkRuntime900_CM7_GCC.a(layers.o)
                              ../Middlewares/ST/AI/Lib\NetworkRuntime900_CM7_GCC.a(ai_platform_interface.o) (ai_check_custom_types)
../Middlewares/ST/AI/Lib\NetworkRuntime900_CM7_GCC.a(layers_conv2d_generic_float.o)
                              ./X-CUBE-AI/App/network.o (forward_dense)
../Middlewares/ST/AI/Lib\NetworkRuntime900_CM7_GCC.a(layers_nl_generic_float.o)
                              ./X-CUBE-AI/App/network.o (forward_relu)
../Middlewares/ST/AI/Lib\NetworkRuntime900_CM7_GCC.a(layers_conv2d_integer_scratch.o)
                              ../Middlewares/ST/AI/Lib\NetworkRuntime900_CM7_GCC.a(layers.o) (get_conv2d_scratch_size)
../Middlewares/ST/AI/Lib\NetworkRuntime900_CM7_GCC.a(forward_lite_conv2d_if32of32wf32.o)
                              ../Middlewares/ST/AI/Lib\NetworkRuntime900_CM7_GCC.a(layers_conv2d_generic_float.o) (forward_lite_conv2d_if32of32wf32)
../Middlewares/ST/AI/Lib\NetworkRuntime900_CM7_GCC.a(lite_nl_softmax_if32of32.o)
                              ../Middlewares/ST/AI/Lib\NetworkRuntime900_CM7_GCC.a(layers_nl_generic_float.o) (forward_lite_nl_softmax_if32of32_kernel)
../Middlewares/ST/AI/Lib\NetworkRuntime900_CM7_GCC.a(lite_nl_relu_if32of32.o)
                              ../Middlewares/ST/AI/Lib\NetworkRuntime900_CM7_GCC.a(layers_nl_generic_float.o) (forward_lite_nl_prelu_if32of32_kernel)
../Middlewares/ST/AI/Lib\NetworkRuntime900_CM7_GCC.a(lite_dense_if32.o)
                              ../Middlewares/ST/AI/Lib\NetworkRuntime900_CM7_GCC.a(layers_conv2d_generic_float.o) (forward_lite_dense_if32of32wf32)
../Middlewares/ST/AI/Lib\NetworkRuntime900_CM7_GCC.a(st_int8_fill.o)
                              ../Middlewares/ST/AI/Lib\NetworkRuntime900_CM7_GCC.a(layers_nl_generic_float.o) (st_int8_fill)
../Middlewares/ST/AI/Lib\NetworkRuntime900_CM7_GCC.a(ai_math_helpers.o)
                              ../Middlewares/ST/AI/Lib\NetworkRuntime900_CM7_GCC.a(layers_nl_generic_float.o) (ai_math_sqrt)
../Middlewares/ST/AI/Lib\NetworkRuntime900_CM7_GCC.a(ai_datatypes_format.o)
                              ../Middlewares/ST/AI/Lib\NetworkRuntime900_CM7_GCC.a(ai_platform_interface.o) (ai_array_to_buffer_fmt)
../Middlewares/ST/AI/Lib\NetworkRuntime900_CM7_GCC.a(ai_datatypes_internal.o)
                              ../Middlewares/ST/AI/Lib\NetworkRuntime900_CM7_GCC.a(ai_platform_interface.o) (ai_version_get)
../Middlewares/ST/AI/Lib\NetworkRuntime900_CM7_GCC.a(ai_math_elementwise_mul_int8.o)
                              ../Middlewares/ST/AI/Lib\NetworkRuntime900_CM7_GCC.a(ai_math_helpers.o) (ai_math_elementwise_mul_int8)
../Middlewares/ST/AI/Lib\NetworkRuntime900_CM7_GCC.a(ai_math_elementwise_sum_int8.o)
                              ../Middlewares/ST/AI/Lib\NetworkRuntime900_CM7_GCC.a(ai_math_helpers.o) (ai_math_elementwise_sum_int8)
../Middlewares/ST/AI/Lib\NetworkRuntime900_CM7_GCC.a(st_align_factor.o)
                              ../Middlewares/ST/AI/Lib\NetworkRuntime900_CM7_GCC.a(ai_math_helpers.o) (align_factor)
C:/ST/STM32CubeIDE_1.15.1/STM32CubeIDE/plugins/com.st.stm32cube.ide.mcu.externaltools.gnu-tools-for-stm32.12.3.rel1.win32_1.0.100.202403111256/tools/bin/../lib/gcc/arm-none-eabi/12.3.1/../../../../arm-none-eabi/lib/thumb/v7e-m+dp/hard\libc_nano.a(libc_a-exit.o)
                              C:/ST/STM32CubeIDE_1.15.1/STM32CubeIDE/plugins/com.st.stm32cube.ide.mcu.externaltools.gnu-tools-for-stm32.12.3.rel1.win32_1.0.100.202403111256/tools/bin/../lib/gcc/arm-none-eabi/12.3.1/../../../../arm-none-eabi/lib/thumb/v7e-m+dp/hard/crt0.o (exit)
C:/ST/STM32CubeIDE_1.15.1/STM32CubeIDE/plugins/com.st.stm32cube.ide.mcu.externaltools.gnu-tools-for-stm32.12.3.rel1.win32_1.0.100.202403111256/tools/bin/../lib/gcc/arm-none-eabi/12.3.1/../../../../arm-none-eabi/lib/thumb/v7e-m+dp/hard\libc_nano.a(libc_a-malloc.o)
                              ../Middlewares/ST/AI/Lib\NetworkRuntime900_CM7_GCC.a(core_mem_manager.o) (malloc)
[...]
Memory Configuration

Name             Origin             Length             Attributes
FLASH            0x08000000         0x00200000         xr
DTCMRAM          0x20000000         0x00020000         xrw
RAM_D1           0x24000000         0x00080000         xrw
RAM_D2           0x30000000         0x00048000         xrw
RAM_D3           0x38000000         0x00010000         xrw
ITCMRAM          0x00000000         0x00010000         xrw
*default*        0x00000000         0xffffffff

Linker script and memory map

LOAD C:/ST/STM32CubeIDE_1.15.1/STM32CubeIDE/plugins/com.st.stm32cube.ide.mcu.externaltools.gnu-tools-for-stm32.12.3.rel1.win32_1.0.100.202403111256/tools/bin/../lib/gcc/arm-none-eabi/12.3.1/thumb/v7e-m+dp/hard/crti.o
LOAD C:/ST/STM32CubeIDE_1.15.1/STM32CubeIDE/plugins/com.st.stm32cube.ide.mcu.externaltools.gnu-tools-for-stm32.12.3.rel1.win32_1.0.100.202403111256/tools/bin/../lib/gcc/arm-none-eabi/12.3.1/thumb/v7e-m+dp/hard/crtbegin.o
LOAD C:/ST/STM32CubeIDE_1.15.1/STM32CubeIDE/plugins/com.st.stm32cube.ide.mcu.externaltools.gnu-tools-for-stm32.12.3.rel1.win32_1.0.100.202403111256/tools/bin/../lib/gcc/arm-none-eabi/12.3.1/../../../../arm-none-eabi/lib/thumb/v7e-m+dp/hard/crt0.o
LOAD ./Core/Src/gpio.o
LOAD ./Core/Src/main.o
LOAD ./Core/Src/stm32h7xx_hal_msp.o
LOAD ./Core/Src/stm32h7xx_it.o
LOAD ./Core/Src/sysmem.o
LOAD ./Core/Src/system_stm32h7xx.o
LOAD ./Core/Src/usart.o
LOAD ./Core/Startup/startup_stm32h743zitx.o
LOAD ./Drivers/STM32H7xx_HAL_Driver/Src/stm32h7xx_hal.o
LOAD ./Drivers/STM32H7xx_HAL_Driver/Src/stm32h7xx_hal_cortex.o
LOAD ./Drivers/STM32H7xx_HAL_Driver/Src/stm32h7xx_hal_dma.o
LOAD ./Drivers/STM32H7xx_HAL_Driver/Src/stm32h7xx_hal_dma_ex.o
LOAD ./Drivers/STM32H7xx_HAL_Driver/Src/stm32h7xx_hal_exti.o
LOAD ./Drivers/STM32H7xx_HAL_Driver/Src/stm32h7xx_hal_flash.o
LOAD ./Drivers/STM32H7xx_HAL_Driver/Src/stm32h7xx_hal_flash_ex.o
LOAD ./Drivers/STM32H7xx_HAL_Driver/Src/stm32h7xx_hal_gpio.o
LOAD ./Drivers/STM32H7xx_HAL_Driver/Src/stm32h7xx_hal_hsem.o
LOAD ./Drivers/STM32H7xx_HAL_Driver/Src/stm32h7xx_hal_i2c.o
LOAD ./Drivers/STM32H7xx_HAL_Driver/Src/stm32h7xx_hal_i2c_ex.o
LOAD ./Drivers/STM32H7xx_HAL_Driver/Src/stm32h7xx_hal_mdma.o
LOAD ./Drivers/STM32H7xx_HAL_Driver/Src/stm32h7xx_hal_pwr.o
LOAD ./Drivers/STM32H7xx_HAL_Driver/Src/stm32h7xx_hal_pwr_ex.o
LOAD ./Drivers/STM32H7xx_HAL_Driver/Src/stm32h7xx_hal_rcc.o
LOAD ./Drivers/STM32H7xx_HAL_Driver/Src/stm32h7xx_hal_rcc_ex.o
LOAD ./Drivers/STM32H7xx_HAL_Driver/Src/stm32h7xx_hal_tim.o
LOAD ./Drivers/STM32H7xx_HAL_Driver/Src/stm32h7xx_hal_tim_ex.o
LOAD ./Drivers/STM32H7xx_HAL_Driver/Src/stm32h7xx_hal_uart.o
LOAD ./Drivers/STM32H7xx_HAL_Driver/Src/stm32h7xx_hal_uart_ex.o
LOAD ./X-CUBE-AI/App/app_x-cube-ai.o
LOAD ./X-CUBE-AI/App/network.o
LOAD ./X-CUBE-AI/App/network_data.o
LOAD ./X-CUBE-AI/App/network_data_params.o
LOAD ../Middlewares/ST/AI/Lib\NetworkRuntime900_CM7_GCC.a
START GROUP
LOAD C:/ST/STM32CubeIDE_1.15.1/STM32CubeIDE/plugins/com.st.stm32cube.ide.mcu.externaltools.gnu-tools-for-stm32.12.3.rel1.win32_1.0.100.202403111256/tools/bin/../lib/gcc/arm-none-eabi/12.3.1/../../../../arm-none-eabi/lib/thumb/v7e-m+dp/hard\libc_nano.a
LOAD C:/ST/STM32CubeIDE_1.15.1/STM32CubeIDE/plugins/com.st.stm32cube.ide.mcu.externaltools.gnu-tools-for-stm32.12.3.rel1.win32_1.0.100.202403111256/tools/bin/../lib/gcc/arm-none-eabi/12.3.1/../../../../arm-none-eabi/lib/thumb/v7e-m+dp/hard\libm.a
END GROUP
START GROUP
LOAD C:/ST/STM32CubeIDE_1.15.1/STM32CubeIDE/plugins/com.st.stm32cube.ide.mcu.externaltools.gnu-tools-for-stm32.12.3.rel1.win32_1.0.100.202403111256/tools/bin/../lib/gcc/arm-none-eabi/12.3.1/thumb/v7e-m+dp/hard\libgcc.a
LOAD C:/ST/STM32CubeIDE_1.15.1/STM32CubeIDE/plugins/com.st.stm32cube.ide.mcu.externaltools.gnu-tools-for-stm32.12.3.rel1.win32_1.0.100.202403111256/tools/bin/../lib/gcc/arm-none-eabi/12.3.1/../../../../arm-none-eabi/lib/thumb/v7e-m+dp/hard\libc_nano.a
END GROUP
START GROUP
LOAD C:/ST/STM32CubeIDE_1.15.1/STM32CubeIDE/plugins/com.st.stm32cube.ide.mcu.externaltools.gnu-tools-for-stm32.12.3.rel1.win32_1.0.100.202403111256/tools/bin/../lib/gcc/arm-none-eabi/12.3.1/thumb/v7e-m+dp/hard\libgcc.a
LOAD C:/ST/STM32CubeIDE_1.15.1/STM32CubeIDE/plugins/com.st.stm32cube.ide.mcu.externaltools.gnu-tools-for-stm32.12.3.rel1.win32_1.0.100.202403111256/tools/bin/../lib/gcc/arm-none-eabi/12.3.1/../../../../arm-none-eabi/lib/thumb/v7e-m+dp/hard\libc_nano.a
LOAD C:/ST/STM32CubeIDE_1.15.1/STM32CubeIDE/plugins/com.st.stm32cube.ide.mcu.externaltools.gnu-tools-for-stm32.12.3.rel1.win32_1.0.100.202403111256/tools/bin/../lib/gcc/arm-none-eabi/12.3.1/../../../../arm-none-eabi/lib/thumb/v7e-m+dp/hard\libnosys.a
END GROUP
START GROUP
LOAD C:/ST/STM32CubeIDE_1.15.1/STM32CubeIDE/plugins/com.st.stm32cube.ide.mcu.externaltools.gnu-tools-for-stm32.12.3.rel1.win32_1.0.100.202403111256/tools/bin/../lib/gcc/arm-none-eabi/12.3.1/thumb/v7e-m+dp/hard\libgcc.a
LOAD C:/ST/STM32CubeIDE_1.15.1/STM32CubeIDE/plugins/com.st.stm32cube.ide.mcu.externaltools.gnu-tools-for-stm32.12.3.rel1.win32_1.0.100.202403111256/tools/bin/../lib/gcc/arm-none-eabi/12.3.1/../../../../arm-none-eabi/lib/thumb/v7e-m+dp/hard\libc_nano.a
LOAD C:/ST/STM32CubeIDE_1.15.1/STM32CubeIDE/plugins/com.st.stm32cube.ide.mcu.externaltools.gnu-tools-for-stm32.12.3.rel1.win32_1.0.100.202403111256/tools/bin/../lib/gcc/arm-none-eabi/12.3.1/../../../../arm-none-eabi/lib/thumb/v7e-m+dp/hard\libnosys.a
END GROUP
LOAD C:/ST/STM32CubeIDE_1.15.1/STM32CubeIDE/plugins/com.st.stm32cube.ide.mcu.externaltools.gnu-tools-for-stm32.12.3.rel1.win32_1.0.100.202403111256/tools/bin/../lib/gcc/arm-none-eabi/12.3.1/thumb/v7e-m+dp/hard/crtend.o
LOAD C:/ST/STM32CubeIDE_1.15.1/STM32CubeIDE/plugins/com.st.stm32cube.ide.mcu.externaltools.gnu-tools-for-stm32.12.3.rel1.win32_1.0.100.202403111256/tools/bin/../lib/gcc/arm-none-eabi/12.3.1/thumb/v7e-m+dp/hard/crtn.o
                0x24080000                        _estack = (ORIGIN (RAM_D1) + LENGTH (RAM_D1))
                0x00000800                        _Min_Heap_Size = 0x800
                0x00000800                        _Min_Stack_Size = 0x800

.isr_vector     0x08000000      0x298
                0x08000000                        . = ALIGN (0x4)
 *(.isr_vector)
 .isr_vector    0x08000000      0x298 ./Core/Startup/startup_stm32h743zitx.o
                0x08000000                g_pfnVectors
                0x08000298                        . = ALIGN (0x4)

.text           0x080002a0     0x84d0
                0x080002a0                        . = ALIGN (0x4)
 *(.text)
 .text          0x080002a0       0x40 C:/ST/STM32CubeIDE_1.15.1/STM32CubeIDE/plugins/com.st.stm32cube.ide.mcu.externaltools.gnu-tools-for-stm32.12.3.rel1.win32_1.0.100.202403111256/tools/bin/../lib/gcc/arm-none-eabi/12.3.1/thumb/v7e-m+dp/hard/crtbegin.o
 .text          0x080002e0       0xa0 C:/ST/STM32CubeIDE_1.15.1/STM32CubeIDE/plugins/com.st.stm32cube.ide.mcu.externaltools.gnu-tools-for-stm32.12.3.rel1.win32_1.0.100.202403111256/tools/bin/../lib/gcc/arm-none-eabi/12.3.1/../../../../arm-none-eabi/lib/thumb/v7e-m+dp/hard\libc_nano.a(libc_a-memchr.o)
                0x080002e0                memchr
 .text          0x08000380       0x30 C:/ST/STM32CubeIDE_1.15.1/STM32CubeIDE/plugins/com.st.stm32cube.ide.mcu.externaltools.gnu-tools-for-stm32.12.3.rel1.win32_1.0.100.202403111256/tools/bin/../lib/gcc/arm-none-eabi/12.3.1/thumb/v7e-m+dp/hard\libgcc.a(_aeabi_uldivmod.o)
                0x08000380                __aeabi_uldivmod
 .text          0x080003b0      0x2bc C:/ST/STM32CubeIDE_1.15.1/STM32CubeIDE/plugins/com.st.stm32cube.ide.mcu.externaltools.gnu-tools-for-stm32.12.3.rel1.win32_1.0.100.202403111256/tools/bin/../lib/gcc/arm-none-eabi/12.3.1/thumb/v7e-m+dp/hard\libgcc.a(_udivmoddi4.o)
                0x080003b0                __udivmoddi4
 .text          0x0800066c        0x4 C:/ST/STM32CubeIDE_1.15.1/STM32CubeIDE/plugins/com.st.stm32cube.ide.mcu.externaltools.gnu-tools-for-stm32.12.3.rel1.win32_1.0.100.202403111256/tools/bin/../lib/gcc/arm-none-eabi/12.3.1/thumb/v7e-m+dp/hard\libgcc.a(_dvmd_tls.o)
                0x0800066c                __aeabi_idiv0
                0x0800066c                __aeabi_ldiv0
 *(.text*)
 .text.MX_GPIO_Init
                0x08000670       0xc4 ./Core/Src/gpio.o
                0x08000670                MX_GPIO_Init
 .text.main     0x08000734      0x100 ./Core/Src/main.o
                0x08000734                main
 .text.SystemClock_Config
                0x08000834      0x160 ./Core/Src/main.o
                0x08000834                SystemClock_Config
 .text.MPU_Config
                0x08000994       0x58 ./Core/Src/main.o
 .text.Error_Handler
                0x080009ec        0xc ./Core/Src/main.o
                0x080009ec                Error_Handler
 .text.HAL_MspInit
                0x080009f8       0x34 ./Core/Src/stm32h7xx_hal_msp.o
                0x080009f8                HAL_MspInit
 .text.NMI_Handler
                0x08000a2c        0x8 ./Core/Src/stm32h7xx_it.o
                0x08000a2c                NMI_Handler
 .text.HardFault_Handler
                0x08000a34        0x8 ./Core/Src/stm32h7xx_it.o
                0x08000a34                HardFault_Handler
 .text.MemManage_Handler
                0x08000a3c        0x8 ./Core/Src/stm32h7xx_it.o
                0x08000a3c                MemManage_Handler
 .text.BusFault_Handler
                0x08000a44        0x8 ./Core/Src/stm32h7xx_it.o
                0x08000a44                BusFault_Handler
 .text.UsageFault_Handler
                0x08000a4c        0x8 ./Core/Src/stm32h7xx_it.o
                0x08000a4c                UsageFault_Handler
 .text.SVC_Handler
                0x08000a54        0xe ./Core/Src/stm32h7xx_it.o
                0x08000a54                SVC_Handler
 .text.DebugMon_Handler
                0x08000a62        0xe ./Core/Src/stm32h7xx_it.o
                0x08000a62                DebugMon_Handler
 .text.PendSV_Handler
                0x08000a70        0xe ./Core/Src/stm32h7xx_it.o
                0x08000a70                PendSV_Handler
 .text.SysTick_Handler
                0x08000a7e        0xc ./Core/Src/stm32h7xx_it.o
                0x08000a7e                SysTick_Handler
 *fill*         0x08000a8a        0x2 
 .text._sbrk    0x08000a8c       0x6c ./Core/Src/sysmem.o
                0x08000a8c                _sbrk
 .text.SystemInit
                0x08000af8      0x110 ./Core/Src/system_stm32h7xx.o
                0x08000af8                SystemInit
 .text.MX_USART3_UART_Init
                0x08000c08       0x98 ./Core/Src/usart.o
                0x08000c08                MX_USART3_UART_Init
 .text.HAL_UART_MspInit
                0x08000ca0       0xd4 ./Core/Src/usart.o
                0x08000ca0                HAL_UART_MspInit
 .text.Reset_Handler
                0x08000d74       0x50 ./Core/Startup/startup_stm32h743zitx.o
                0x08000d74                Reset_Handler
 .text.Default_Handler
                0x08000dc4        0x2 ./Core/Startup/startup_stm32h743zitx.o
                0x08000dc4                RTC_Alarm_IRQHandler
                0x08000dc4                EXTI2_IRQHandler
                0x08000dc4                TIM8_CC_IRQHandler
                0x08000dc4                HRTIM1_Master_IRQHandler
                0x08000dc4                UART8_IRQHandler
                0x08000dc4                SPI4_IRQHandler
                0x08000dc4                TIM1_CC_IRQHandler
                0x08000dc4                BDMA_Channel6_IRQHandler
                0x08000dc4                DMA2_Stream5_IRQHandler
                0x08000dc4                HRTIM1_FLT_IRQHandler
                0x08000dc4                JPEG_IRQHandler
                0x08000dc4                DMA1_Stream5_IRQHandler
                0x08000dc4                BDMA_Channel1_IRQHandler
                0x08000dc4                HRTIM1_TIMD_IRQHandler
                0x08000dc4                TAMP_STAMP_IRQHandler
                0x08000dc4                EXTI3_IRQHandler
                0x08000dc4                LPTIM4_IRQHandler
                0x08000dc4                TIM8_TRG_COM_TIM14_IRQHandler
                0x08000dc4                LPTIM2_IRQHandler
                0x08000dc4                DFSDM1_FLT1_IRQHandler
                0x08000dc4                DMAMUX2_OVR_IRQHandler
                0x08000dc4                TIM8_UP_TIM13_IRQHandler
                0x08000dc4                I2C3_ER_IRQHandler
                0x08000dc4                DFSDM1_FLT2_IRQHandler
                0x08000dc4                MDMA_IRQHandler
                0x08000dc4                LPTIM3_IRQHandler
                0x08000dc4                HSEM1_IRQHandler
                0x08000dc4                EXTI0_IRQHandler
                0x08000dc4                I2C2_EV_IRQHandler
                0x08000dc4                DMA1_Stream2_IRQHandler
                0x08000dc4                FPU_IRQHandler
                0x08000dc4                OTG_HS_WKUP_IRQHandler
                0x08000dc4                FDCAN1_IT1_IRQHandler
                0x08000dc4                LTDC_ER_IRQHandler
                0x08000dc4                DMA2_Stream2_IRQHandler
                0x08000dc4                HRTIM1_TIME_IRQHandler
                0x08000dc4                SPI1_IRQHandler
                0x08000dc4                TIM6_DAC_IRQHandler
                0x08000dc4                DCMI_IRQHandler
                0x08000dc4                HRTIM1_TIMC_IRQHandler
                0x08000dc4                DMA2_Stream3_IRQHandler
                0x08000dc4                SAI2_IRQHandler
                0x08000dc4                DFSDM1_FLT3_IRQHandler
                0x08000dc4                USART6_IRQHandler
                0x08000dc4                TIM17_IRQHandler
                0x08000dc4                USART3_IRQHandler
                0x08000dc4                BDMA_Channel7_IRQHandler
                0x08000dc4                LPTIM5_IRQHandler
                0x08000dc4                UART5_IRQHandler
                0x08000dc4                ADC3_IRQHandler
                0x08000dc4                DMA2_Stream0_IRQHandler
                0x08000dc4                TIM4_IRQHandler
                0x08000dc4                BDMA_Channel2_IRQHandler
                0x08000dc4                QUADSPI_IRQHandler
                0x08000dc4                I2C1_EV_IRQHandler
                0x08000dc4                DMA1_Stream6_IRQHandler
                0x08000dc4                DMAMUX1_OVR_IRQHandler
                0x08000dc4                DMA1_Stream1_IRQHandler
                0x08000dc4                TIM16_IRQHandler
                0x08000dc4                UART4_IRQHandler
                0x08000dc4                BDMA_Channel5_IRQHandler
                0x08000dc4                TIM3_IRQHandler
                0x08000dc4                RCC_IRQHandler
                0x08000dc4                TIM8_BRK_TIM12_IRQHandler
                0x08000dc4                TIM1_TRG_COM_IRQHandler
                0x08000dc4                Default_Handler
                0x08000dc4                ECC_IRQHandler
                0x08000dc4                CEC_IRQHandler
                0x08000dc4                EXTI15_10_IRQHandler
                0x08000dc4                BDMA_Channel0_IRQHandler
                0x08000dc4                ADC_IRQHandler
                0x08000dc4                DMA1_Stream7_IRQHandler
                0x08000dc4                HRTIM1_TIMA_IRQHandler
                0x08000dc4                SPI5_IRQHandler
                0x08000dc4                TIM7_IRQHandler
                0x08000dc4                SDMMC1_IRQHandler
                0x08000dc4                TIM5_IRQHandler
                0x08000dc4                DMA2_Stream7_IRQHandler
                0x08000dc4                TIM15_IRQHandler
                0x08000dc4                PVD_AVD_IRQHandler
                0x08000dc4                I2C3_EV_IRQHandler
                0x08000dc4                EXTI9_5_IRQHandler
                0x08000dc4                RTC_WKUP_IRQHandler
                0x08000dc4                LTDC_IRQHandler
                0x08000dc4                SAI3_IRQHandler
                0x08000dc4                ETH_WKUP_IRQHandler
                0x08000dc4                SPDIF_RX_IRQHandler
                0x08000dc4                SPI2_IRQHandler
                0x08000dc4                OTG_HS_EP1_IN_IRQHandler
                0x08000dc4                DMA1_Stream0_IRQHandler
                0x08000dc4                CRS_IRQHandler
                0x08000dc4                EXTI4_IRQHandler
                0x08000dc4                RNG_IRQHandler
                0x08000dc4                HRTIM1_TIMB_IRQHandler
                0x08000dc4                FDCAN2_IT1_IRQHandler
                0x08000dc4                ETH_IRQHandler
                0x08000dc4                TIM1_UP_IRQHandler
                0x08000dc4                BDMA_Channel4_IRQHandler
                0x08000dc4                OTG_HS_EP1_OUT_IRQHandler
                0x08000dc4                WWDG_IRQHandler
                0x08000dc4                SPI6_IRQHandler
                0x08000dc4                MDIOS_IRQHandler
                0x08000dc4                I2C4_EV_IRQHandler
                0x08000dc4                FDCAN2_IT0_IRQHandler
                0x08000dc4                LPUART1_IRQHandler
                0x08000dc4                FDCAN1_IT0_IRQHandler
                0x08000dc4                TIM2_IRQHandler
                0x08000dc4                OTG_FS_WKUP_IRQHandler
                0x08000dc4                OTG_HS_IRQHandler
                0x08000dc4                DMA2D_IRQHandler
                0x08000dc4                TIM1_BRK_IRQHandler
                0x08000dc4                EXTI1_IRQHandler
                0x08000dc4                SDMMC2_IRQHandler
                0x08000dc4                OTG_FS_EP1_OUT_IRQHandler
                0x08000dc4                BDMA_Channel3_IRQHandler
                0x08000dc4                UART7_IRQHandler
                0x08000dc4                MDIOS_WKUP_IRQHandler
                0x08000dc4                USART2_IRQHandler
                0x08000dc4                DFSDM1_FLT0_IRQHandler
                0x08000dc4                SAI4_IRQHandler
                0x08000dc4                I2C2_ER_IRQHandler
                0x08000dc4                DMA2_Stream1_IRQHandler
                0x08000dc4                FLASH_IRQHandler
                0x08000dc4                DMA2_Stream4_IRQHandler
                0x08000dc4                USART1_IRQHandler
                0x08000dc4                OTG_FS_IRQHandler
                0x08000dc4                SPI3_IRQHandler
                0x08000dc4                WAKEUP_PIN_IRQHandler
                0x08000dc4                DMA1_Stream4_IRQHandler
                0x08000dc4                OTG_FS_EP1_IN_IRQHandler
                0x08000dc4                I2C1_ER_IRQHandler
                0x08000dc4                FMC_IRQHandler
                0x08000dc4                FDCAN_CAL_IRQHandler
                0x08000dc4                SWPMI1_IRQHandler
                0x08000dc4                COMP1_IRQHandler
                0x08000dc4                LPTIM1_IRQHandler
                0x08000dc4                I2C4_ER_IRQHandler
                0x08000dc4                DMA2_Stream6_IRQHandler
                0x08000dc4                SAI1_IRQHandler
                0x08000dc4                DMA1_Stream3_IRQHandler
 *fill*         0x08000dc6        0x2 
 .text.HAL_Init
                0x08000dc8       0x78 ./Drivers/STM32H7xx_HAL_Driver/Src/stm32h7xx_hal.o
                0x08000dc8                HAL_Init
 .text.HAL_InitTick
                0x08000e40       0x6c ./Drivers/STM32H7xx_HAL_Driver/Src/stm32h7xx_hal.o
                0x08000e40                HAL_InitTick
 .text.HAL_IncTick
                0x08000eac       0x28 ./Drivers/STM32H7xx_HAL_Driver/Src/stm32h7xx_hal.o
                0x08000eac                HAL_IncTick
 .text.HAL_GetTick
                0x08000ed4       0x18 ./Drivers/STM32H7xx_HAL_Driver/Src/stm32h7xx_hal.o
                0x08000ed4                HAL_GetTick
 .text.HAL_Delay
                0x08000eec       0x48 ./Drivers/STM32H7xx_HAL_Driver/Src/stm32h7xx_hal.o
                0x08000eec                HAL_Delay
 .text.HAL_GetREVID
                0x08000f34       0x18 ./Drivers/STM32H7xx_HAL_Driver/Src/stm32h7xx_hal.o
                0x08000f34                HAL_GetREVID
 .text.__NVIC_SetPriorityGrouping
                0x08000f4c       0x48 ./Drivers/STM32H7xx_HAL_Driver/Src/stm32h7xx_hal_cortex.o
 .text.__NVIC_GetPriorityGrouping
                0x08000f94       0x1c ./Drivers/STM32H7xx_HAL_Driver/Src/stm32h7xx_hal_cortex.o
 .text.__NVIC_SetPriority
                0x08000fb0       0x54 ./Drivers/STM32H7xx_HAL_Driver/Src/stm32h7xx_hal_cortex.o
 .text.NVIC_EncodePriority
                0x08001004       0x66 ./Drivers/STM32H7xx_HAL_Driver/Src/stm32h7xx_hal_cortex.o
 *fill*         0x0800106a        0x2 
 .text.SysTick_Config
                0x0800106c       0x44 ./Drivers/STM32H7xx_HAL_Driver/Src/stm32h7xx_hal_cortex.o
 .text.HAL_NVIC_SetPriorityGrouping
                0x080010b0       0x16 ./Drivers/STM32H7xx_HAL_Driver/Src/stm32h7xx_hal_cortex.o
                0x080010b0                HAL_NVIC_SetPriorityGrouping
 .text.HAL_NVIC_SetPriority
                0x080010c6       0x34 ./Drivers/STM32H7xx_HAL_Driver/Src/stm32h7xx_hal_cortex.o
                0x080010c6                HAL_NVIC_SetPriority
 .text.HAL_SYSTICK_Config
                0x080010fa       0x18 ./Drivers/STM32H7xx_HAL_Driver/Src/stm32h7xx_hal_cortex.o
                0x080010fa                HAL_SYSTICK_Config
 *fill*         0x08001112        0x2 
 .text.HAL_MPU_Disable
                0x08001114       0x30 ./Drivers/STM32H7xx_HAL_Driver/Src/stm32h7xx_hal_cortex.o
                0x08001114                HAL_MPU_Disable
 .text.HAL_MPU_Enable
                0x08001144       0x40 ./Drivers/STM32H7xx_HAL_Driver/Src/stm32h7xx_hal_cortex.o
                0x08001144                HAL_MPU_Enable
 .text.HAL_MPU_ConfigRegion
                0x08001184       0x80 ./Drivers/STM32H7xx_HAL_Driver/Src/stm32h7xx_hal_cortex.o
                0x08001184                HAL_MPU_ConfigRegion
 .text.HAL_GPIO_Init
                0x08001204      0x360 ./Drivers/STM32H7xx_HAL_Driver/Src/stm32h7xx_hal_gpio.o
                0x08001204                HAL_GPIO_Init
 .text.HAL_GPIO_WritePin
                0x08001564       0x32 ./Drivers/STM32H7xx_HAL_Driver/Src/stm32h7xx_hal_gpio.o
                0x08001564                HAL_GPIO_WritePin
 *fill*         0x08001596        0x2 
 .text.HAL_PWREx_ConfigSupply
                0x08001598       0x74 ./Drivers/STM32H7xx_HAL_Driver/Src/stm32h7xx_hal_pwr_ex.o
                0x08001598                HAL_PWREx_ConfigSupply
 .text.HAL_RCC_OscConfig
                0x0800160c      0x8b4 ./Drivers/STM32H7xx_HAL_Driver/Src/stm32h7xx_hal_rcc.o
                0x0800160c                HAL_RCC_OscConfig
 .text.HAL_RCC_ClockConfig
                0x08001ec0      0x36c ./Drivers/STM32H7xx_HAL_Driver/Src/stm32h7xx_hal_rcc.o
                0x08001ec0                HAL_RCC_ClockConfig
 .text.HAL_RCC_GetSysClockFreq
                0x0800222c      0x2f4 ./Drivers/STM32H7xx_HAL_Driver/Src/stm32h7xx_hal_rcc.o
                0x0800222c                HAL_RCC_GetSysClockFreq
 .text.HAL_RCC_GetHCLKFreq
                0x08002520       0x60 ./Drivers/STM32H7xx_HAL_Driver/Src/stm32h7xx_hal_rcc.o
                0x08002520                HAL_RCC_GetHCLKFreq
 .text.HAL_RCC_GetPCLK1Freq
                0x08002580       0x2c ./Drivers/STM32H7xx_HAL_Driver/Src/stm32h7xx_hal_rcc.o
                0x08002580                HAL_RCC_GetPCLK1Freq
 .text.HAL_RCC_GetPCLK2Freq
                0x080025ac       0x2c ./Drivers/STM32H7xx_HAL_Driver/Src/stm32h7xx_hal_rcc.o
                0x080025ac                HAL_RCC_GetPCLK2Freq
 .text.HAL_RCCEx_PeriphCLKConfig
                0x080025d8     0x1414 ./Drivers/STM32H7xx_HAL_Driver/Src/stm32h7xx_hal_rcc_ex.o
                0x080025d8                HAL_RCCEx_PeriphCLKConfig
 .text.HAL_RCCEx_GetD3PCLK1Freq
                0x080039ec       0x2c ./Drivers/STM32H7xx_HAL_Driver/Src/stm32h7xx_hal_rcc_ex.o
                0x080039ec                HAL_RCCEx_GetD3PCLK1Freq
 .text.HAL_RCCEx_GetPLL2ClockFreq
                0x08003a18      0x2a8 ./Drivers/STM32H7xx_HAL_Driver/Src/stm32h7xx_hal_rcc_ex.o
                0x08003a18                HAL_RCCEx_GetPLL2ClockFreq
 .text.HAL_RCCEx_GetPLL3ClockFreq
                0x08003cc0      0x2a8 ./Drivers/STM32H7xx_HAL_Driver/Src/stm32h7xx_hal_rcc_ex.o
                0x08003cc0                HAL_RCCEx_GetPLL3ClockFreq
 .text.RCCEx_PLL2_Config
                0x08003f68      0x164 ./Drivers/STM32H7xx_HAL_Driver/Src/stm32h7xx_hal_rcc_ex.o
 .text.RCCEx_PLL3_Config
                0x080040cc      0x164 ./Drivers/STM32H7xx_HAL_Driver/Src/stm32h7xx_hal_rcc_ex.o
 .text.HAL_UART_Init
                0x08004230       0xa0 ./Drivers/STM32H7xx_HAL_Driver/Src/stm32h7xx_hal_uart.o
                0x08004230                HAL_UART_Init
 .text.HAL_UART_Transmit
                0x080042d0      0x11c ./Drivers/STM32H7xx_HAL_Driver/Src/stm32h7xx_hal_uart.o
                0x080042d0                HAL_UART_Transmit
 .text.UART_SetConfig
                0x080043ec      0xad0 ./Drivers/STM32H7xx_HAL_Driver/Src/stm32h7xx_hal_uart.o
                0x080043ec                UART_SetConfig
 .text.UART_AdvFeatureConfig
                0x08004ebc      0x144 ./Drivers/STM32H7xx_HAL_Driver/Src/stm32h7xx_hal_uart.o
                0x08004ebc                UART_AdvFeatureConfig
 .text.UART_CheckIdleState
                0x08005000      0x154 ./Drivers/STM32H7xx_HAL_Driver/Src/stm32h7xx_hal_uart.o
                0x08005000                UART_CheckIdleState
 .text.UART_WaitOnFlagUntilTimeout
                0x08005154       0xda ./Drivers/STM32H7xx_HAL_Driver/Src/stm32h7xx_hal_uart.o
                0x08005154                UART_WaitOnFlagUntilTimeout
 *fill*         0x0800522e        0x2 
 .text.UART_EndRxTransfer
                0x08005230       0xcc ./Drivers/STM32H7xx_HAL_Driver/Src/stm32h7xx_hal_uart.o
 .text.HAL_UARTEx_DisableFifoMode
                0x080052fc       0x72 ./Drivers/STM32H7xx_HAL_Driver/Src/stm32h7xx_hal_uart_ex.o
                0x080052fc                HAL_UARTEx_DisableFifoMode
 .text.HAL_UARTEx_SetTxFifoThreshold
                0x0800536e       0x7c ./Drivers/STM32H7xx_HAL_Driver/Src/stm32h7xx_hal_uart_ex.o
                0x0800536e                HAL_UARTEx_SetTxFifoThreshold
 .text.HAL_UARTEx_SetRxFifoThreshold
                0x080053ea       0x7c ./Drivers/STM32H7xx_HAL_Driver/Src/stm32h7xx_hal_uart_ex.o
                0x080053ea                HAL_UARTEx_SetRxFifoThreshold
 *fill*         0x08005466        0x2 
 .text.UARTEx_SetNbDataToProcess
                0x08005468       0x9c ./Drivers/STM32H7xx_HAL_Driver/Src/stm32h7xx_hal_uart_ex.o
 .text.ai_log_err
                0x08005504       0x44 ./X-CUBE-AI/App/app_x-cube-ai.o
 .text.ai_boostrap
                0x08005548       0xc8 ./X-CUBE-AI/App/app_x-cube-ai.o
 .text.ai_run   0x08005610       0x68 ./X-CUBE-AI/App/app_x-cube-ai.o
 .text.acquire_and_process_data
                0x08005678       0x16 ./X-CUBE-AI/App/app_x-cube-ai.o
                0x08005678                acquire_and_process_data
 *fill*         0x0800568e        0x2 
 .text.post_process
                0x08005690       0xa4 ./X-CUBE-AI/App/app_x-cube-ai.o
                0x08005690                post_process
 .text.MX_X_CUBE_AI_Init
                0x08005734       0x1c ./X-CUBE-AI/App/app_x-cube-ai.o
                0x08005734                MX_X_CUBE_AI_Init
 .text.MX_X_CUBE_AI_Process
                0x08005750       0xa0 ./X-CUBE-AI/App/app_x-cube-ai.o
                0x08005750                MX_X_CUBE_AI_Process
 .text.network_configure_activations
                0x080057f0       0xc0 ./X-CUBE-AI/App/network.o
 .text.network_configure_weights
                0x080058b0      0x118 ./X-CUBE-AI/App/network.o
 .text.ai_network_get_error
                0x080059c8       0x18 ./X-CUBE-AI/App/network.o
                0x080059c8                ai_network_get_error
 .text.ai_network_create
                0x080059e0       0x2c ./X-CUBE-AI/App/network.o
                0x080059e0                ai_network_create
 .text.ai_network_create_and_init
                0x08005a0c       0xfc ./X-CUBE-AI/App/network.o
                0x08005a0c                ai_network_create_and_init
 .text.ai_network_inputs_get
                0x08005b08       0x34 ./X-CUBE-AI/App/network.o
                0x08005b08                ai_network_inputs_get
 .text.ai_network_outputs_get
                0x08005b3c       0x34 ./X-CUBE-AI/App/network.o
                0x08005b3c                ai_network_outputs_get
 .text.ai_network_init
                0x08005b70       0x78 ./X-CUBE-AI/App/network.o
                0x08005b70                ai_network_init
 .text.ai_network_run
                0x08005be8       0x20 ./X-CUBE-AI/App/network.o
                0x08005be8                ai_network_run
 .text.ai_network_data_params_get
                0x08005c08       0x50 ./X-CUBE-AI/App/network_data.o
                0x08005c08                ai_network_data_params_get
 .text.ai_buffer_get_size
                0x08005c58       0x68 ../Middlewares/ST/AI/Lib\NetworkRuntime900_CM7_GCC.a(ai_platform.o)
                0x08005c58                ai_buffer_get_size
 .text.ai_buffer_array_sane
                0x08005cc0       0x14 ../Middlewares/ST/AI/Lib\NetworkRuntime900_CM7_GCC.a(ai_platform.o)
                0x08005cc0                ai_buffer_array_sane
 .text.ai_buffer_array_item_set_address
                0x08005cd4       0x20 ../Middlewares/ST/AI/Lib\NetworkRuntime900_CM7_GCC.a(ai_platform.o)
                0x08005cd4                ai_buffer_array_item_set_address
 .text.ai_platform_get_weights_map
                0x08005cf4       0xb0 ../Middlewares/ST/AI/Lib\NetworkRuntime900_CM7_GCC.a(ai_platform_interface.o)
                0x08005cf4                ai_platform_get_weights_map
 .text.ai_platform_get_activations_map
                0x08005da4       0xb0 ../Middlewares/ST/AI/Lib\NetworkRuntime900_CM7_GCC.a(ai_platform_interface.o)
                0x08005da4                ai_platform_get_activations_map
 .text.ai_platform_bind_network_params
                0x08005e54       0x34 ../Middlewares/ST/AI/Lib\NetworkRuntime900_CM7_GCC.a(ai_platform_interface.o)
                0x08005e54                ai_platform_bind_network_params
 .text.ai_platform_network_get_error
                0x08005e88       0x18 ../Middlewares/ST/AI/Lib\NetworkRuntime900_CM7_GCC.a(ai_platform_interface.o)
                0x08005e88                ai_platform_network_get_error
 .text.ai_platform_network_set_error
                0x08005ea0        0xc ../Middlewares/ST/AI/Lib\NetworkRuntime900_CM7_GCC.a(ai_platform_interface.o)
                0x08005ea0                ai_platform_network_set_error
 .text.ai_platform_inputs_get
                0x08005eac       0xf0 ../Middlewares/ST/AI/Lib\NetworkRuntime900_CM7_GCC.a(ai_platform_interface.o)
                0x08005eac                ai_platform_inputs_get
 .text.ai_platform_outputs_get
                0x08005f9c       0xec ../Middlewares/ST/AI/Lib\NetworkRuntime900_CM7_GCC.a(ai_platform_interface.o)
                0x08005f9c                ai_platform_outputs_get
 .text.ai_platform_network_create
                0x08006088       0x84 ../Middlewares/ST/AI/Lib\NetworkRuntime900_CM7_GCC.a(ai_platform_interface.o)
                0x08006088                ai_platform_network_create
 .text.ai_platform_network_init
                0x0800610c      0x180 ../Middlewares/ST/AI/Lib\NetworkRuntime900_CM7_GCC.a(ai_platform_interface.o)
                0x0800610c                ai_platform_network_init
 .text.ai_platform_network_post_init
                0x0800628c       0x60 ../Middlewares/ST/AI/Lib\NetworkRuntime900_CM7_GCC.a(ai_platform_interface.o)
                0x0800628c                ai_platform_network_post_init
 .text.ai_platform_network_process
                0x080062ec      0x48c ../Middlewares/ST/AI/Lib\NetworkRuntime900_CM7_GCC.a(ai_platform_interface.o)
                0x080062ec                ai_platform_network_process
 .text.core_init
                0x08006778        0x4 ../Middlewares/ST/AI/Lib\NetworkRuntime900_CM7_GCC.a(core_common.o)
                0x08006778                core_init
 .text.core_get_error
                0x0800677c        0xc ../Middlewares/ST/AI/Lib\NetworkRuntime900_CM7_GCC.a(core_common.o)
                0x0800677c                core_get_error
 .text.core_set_error
                0x08006788       0x18 ../Middlewares/ST/AI/Lib\NetworkRuntime900_CM7_GCC.a(core_common.o)
                0x08006788                core_set_error
 .text.ai_check_custom_types
                0x080067a0       0x50 ../Middlewares/ST/AI/Lib\NetworkRuntime900_CM7_GCC.a(layers.o)
                0x080067a0                ai_check_custom_types
 .text.ai_layers_init_all
                0x080067f0       0x1c ../Middlewares/ST/AI/Lib\NetworkRuntime900_CM7_GCC.a(layers.o)
                0x080067f0                ai_layers_init_all
 .text.ai_layers_post_init_all
                0x0800680c       0x28 ../Middlewares/ST/AI/Lib\NetworkRuntime900_CM7_GCC.a(layers.o)
                0x0800680c                ai_layers_post_init_all
 .text.ai_layers_forward_all
                0x08006834       0x90 ../Middlewares/ST/AI/Lib\NetworkRuntime900_CM7_GCC.a(layers.o)
                0x08006834                ai_layers_forward_all
 .text.forward_dense
                0x080068c4      0x3dc ../Middlewares/ST/AI/Lib\NetworkRuntime900_CM7_GCC.a(layers_conv2d_generic_float.o)
                0x080068c4                forward_dense
 .text.forward_relu
                0x08006ca0      0x12c ../Middlewares/ST/AI/Lib\NetworkRuntime900_CM7_GCC.a(layers_nl_generic_float.o)
                0x08006ca0                forward_relu
 .text.forward_lite_nl_relu_generic_if32of32_kernel
                0x08006dcc      0x10c ../Middlewares/ST/AI/Lib\NetworkRuntime900_CM7_GCC.a(lite_nl_relu_if32of32.o)
                0x08006dcc                forward_lite_nl_relu_generic_if32of32_kernel
 .text.forward_lite_dense_if32of32wf32
                0x08006ed8      0x2bc ../Middlewares/ST/AI/Lib\NetworkRuntime900_CM7_GCC.a(lite_dense_if32.o)
                0x08006ed8                forward_lite_dense_if32of32wf32
 .text.st_int8_copy
                0x08007194      0x110 ../Middlewares/ST/AI/Lib\NetworkRuntime900_CM7_GCC.a(st_int8_fill.o)
                0x08007194                st_int8_copy
 .text.ai_array_to_buffer_fmt
                0x080072a4       0xe0 ../Middlewares/ST/AI/Lib\NetworkRuntime900_CM7_GCC.a(ai_datatypes_format.o)
                0x080072a4                ai_array_to_buffer_fmt
 .text.ai_array_get_byte_size
                0x08007384       0x50 ../Middlewares/ST/AI/Lib\NetworkRuntime900_CM7_GCC.a(ai_datatypes_format.o)
                0x08007384                ai_array_get_byte_size
 .text.ai_array_get_data_byte_size
                0x080073d4       0x24 ../Middlewares/ST/AI/Lib\NetworkRuntime900_CM7_GCC.a(ai_datatypes_format.o)
                0x080073d4                ai_array_get_data_byte_size
 .text.ai_version_get
                0x080073f8        0xc ../Middlewares/ST/AI/Lib\NetworkRuntime900_CM7_GCC.a(ai_datatypes_internal.o)
                0x080073f8                ai_version_get
 .text.get_tensor_byte_size
                0x08007404       0x2c ../Middlewares/ST/AI/Lib\NetworkRuntime900_CM7_GCC.a(ai_datatypes_internal.o)
                0x08007404                get_tensor_byte_size
 .text.sbrk_aligned
                0x08007430       0x44 C:/ST/STM32CubeIDE_1.15.1/STM32CubeIDE/plugins/com.st.stm32cube.ide.mcu.externaltools.gnu-tools-for-stm32.12.3.rel1.win32_1.0.100.202403111256/tools/bin/../lib/gcc/arm-none-eabi/12.3.1/../../../../arm-none-eabi/lib/thumb/v7e-m+dp/hard\libc_nano.a(libc_a-mallocr.o)
 .text._malloc_r
                0x08007474      0x100 C:/ST/STM32CubeIDE_1.15.1/STM32CubeIDE/plugins/com.st.stm32cube.ide.mcu.externaltools.gnu-tools-for-stm32.12.3.rel1.win32_1.0.100.202403111256/tools/bin/../lib/gcc/arm-none-eabi/12.3.1/../../../../arm-none-eabi/lib/thumb/v7e-m+dp/hard\libc_nano.a(libc_a-mallocr.o)
                0x08007474                _malloc_r
 .text.__malloc_lock
                0x08007574        0xc C:/ST/STM32CubeIDE_1.15.1/STM32CubeIDE/plugins/com.st.stm32cube.ide.mcu.externaltools.gnu-tools-for-stm32.12.3.rel1.win32_1.0.100.202403111256/tools/bin/../lib/gcc/arm-none-eabi/12.3.1/../../../../arm-none-eabi/lib/thumb/v7e-m+dp/hard\libc_nano.a(libc_a-mlock.o)
                0x08007574                __malloc_lock
 .text.__malloc_unlock
                0x08007580        0xc C:/ST/STM32CubeIDE_1.15.1/STM32CubeIDE/plugins/com.st.stm32cube.ide.mcu.externaltools.gnu-tools-for-stm32.12.3.rel1.win32_1.0.100.202403111256/tools/bin/../lib/gcc/arm-none-eabi/12.3.1/../../../../arm-none-eabi/lib/thumb/v7e-m+dp/hard\libc_nano.a(libc_a-mlock.o)
                0x08007580                __malloc_unlock
 .text._realloc_r
                0x0800758c       0x5c C:/ST/STM32CubeIDE_1.15.1/STM32CubeIDE/plugins/com.st.stm32cube.ide.mcu.externaltools.gnu-tools-for-stm32.12.3.rel1.win32_1.0.100.202403111256/tools/bin/../lib/gcc/arm-none-eabi/12.3.1/../../../../arm-none-eabi/lib/thumb/v7e-m+dp/hard\libc_nano.a(libc_a-reallocr.o)
                0x0800758c                _realloc_r
 .text.std      0x080075e8       0x6c C:/ST/STM32CubeIDE_1.15.1/STM32CubeIDE/plugins/com.st.stm32cube.ide.mcu.externaltools.gnu-tools-for-stm32.12.3.rel1.win32_1.0.100.202403111256/tools/bin/../lib/gcc/arm-none-eabi/12.3.1/../../../../arm-none-eabi/lib/thumb/v7e-m+dp/hard\libc_nano.a(libc_a-findfp.o)
 .text.stdio_exit_handler
                0x08007654       0x18 C:/ST/STM32CubeIDE_1.15.1/STM32CubeIDE/plugins/com.st.stm32cube.ide.mcu.externaltools.gnu-tools-for-stm32.12.3.rel1.win32_1.0.100.202403111256/tools/bin/../lib/gcc/arm-none-eabi/12.3.1/../../../../arm-none-eabi/lib/thumb/v7e-m+dp/hard\libc_nano.a(libc_a-findfp.o)
 .text.cleanup_stdio
                0x0800766c       0x40 C:/ST/STM32CubeIDE_1.15.1/STM32CubeIDE/plugins/com.st.stm32cube.ide.mcu.externaltools.gnu-tools-for-stm32.12.3.rel1.win32_1.0.100.202403111256/tools/bin/../lib/gcc/arm-none-eabi/12.3.1/../../../../arm-none-eabi/lib/thumb/v7e-m+dp/hard\libc_nano.a(libc_a-findfp.o)
 .text.global_stdio_init.part.0
                0x080076ac       0x3c C:/ST/STM32CubeIDE_1.15.1/STM32CubeIDE/plugins/com.st.stm32cube.ide.mcu.externaltools.gnu-tools-for-stm32.12.3.rel1.win32_1.0.100.202403111256/tools/bin/../lib/gcc/arm-none-eabi/12.3.1/../../../../arm-none-eabi/lib/thumb/v7e-m+dp/hard\libc_nano.a(libc_a-findfp.o)
 .text.__sfp_lock_acquire
                0x080076e8        0xc C:/ST/STM32CubeIDE_1.15.1/STM32CubeIDE/plugins/com.st.stm32cube.ide.mcu.externaltools.gnu-tools-for-stm32.12.3.rel1.win32_1.0.100.202403111256/tools/bin/../lib/gcc/arm-none-eabi/12.3.1/../../../../arm-none-eabi/lib/thumb/v7e-m+dp/hard\libc_nano.a(libc_a-findfp.o)
                0x080076e8                __sfp_lock_acquire
 .text.__sfp_lock_release
                0x080076f4        0xc C:/ST/STM32CubeIDE_1.15.1/STM32CubeIDE/plugins/com.st.stm32cube.ide.mcu.externaltools.gnu-tools-for-stm32.12.3.rel1.win32_1.0.100.202403111256/tools/bin/../lib/gcc/arm-none-eabi/12.3.1/../../../../arm-none-eabi/lib/thumb/v7e-m+dp/hard\libc_nano.a(libc_a-findfp.o)
                0x080076f4                __sfp_lock_release
 .text.__sinit  0x08007700       0x30 C:/ST/STM32CubeIDE_1.15.1/STM32CubeIDE/plugins/com.st.stm32cube.ide.mcu.externaltools.gnu-tools-for-stm32.12.3.rel1.win32_1.0.100.202403111256/tools/bin/../lib/gcc/arm-none-eabi/12.3.1/../../../../arm-none-eabi/lib/thumb/v7e-m+dp/hard\libc_nano.a(libc_a-findfp.o)
                0x08007700                __sinit
 .text._fwalk_sglue
                0x08007730       0x3c C:/ST/STM32CubeIDE_1.15.1/STM32CubeIDE/plugins/com.st.stm32cube.ide.mcu.externaltools.gnu-tools-for-stm32.12.3.rel1.win32_1.0.100.202403111256/tools/bin/../lib/gcc/arm-none-eabi/12.3.1/../../../../arm-none-eabi/lib/thumb/v7e-m+dp/hard\libc_nano.a(libc_a-fwalk.o)
                0x08007730                _fwalk_sglue
 .text.printf   0x0800776c       0x24 C:/ST/STM32CubeIDE_1.15.1/STM32CubeIDE/plugins/com.st.stm32cube.ide.mcu.externaltools.gnu-tools-for-stm32.12.3.rel1.win32_1.0.100.202403111256/tools/bin/../lib/gcc/arm-none-eabi/12.3.1/../../../../arm-none-eabi/lib/thumb/v7e-m+dp/hard\libc_nano.a(libc_a-printf.o)
                0x0800776c                iprintf
                0x0800776c                printf
 .text._puts_r  0x08007790       0xaa C:/ST/STM32CubeIDE_1.15.1/STM32CubeIDE/plugins/com.st.stm32cube.ide.mcu.externaltools.gnu-tools-for-stm32.12.3.rel1.win32_1.0.100.202403111256/tools/bin/../lib/gcc/arm-none-eabi/12.3.1/../../../../arm-none-eabi/lib/thumb/v7e-m+dp/hard\libc_nano.a(libc_a-puts.o)
                0x08007790                _puts_r
 *fill*         0x0800783a        0x2 
 .text.puts     0x0800783c       0x10 C:/ST/STM32CubeIDE_1.15.1/STM32CubeIDE/plugins/com.st.stm32cube.ide.mcu.externaltools.gnu-tools-for-stm32.12.3.rel1.win32_1.0.100.202403111256/tools/bin/../lib/gcc/arm-none-eabi/12.3.1/../../../../arm-none-eabi/lib/thumb/v7e-m+dp/hard\libc_nano.a(libc_a-puts.o)
                0x0800783c                puts
 .text.sprintf  0x0800784c       0x40 C:/ST/STM32CubeIDE_1.15.1/STM32CubeIDE/plugins/com.st.stm32cube.ide.mcu.externaltools.gnu-tools-for-stm32.12.3.rel1.win32_1.0.100.202403111256/tools/bin/../lib/gcc/arm-none-eabi/12.3.1/../../../../arm-none-eabi/lib/thumb/v7e-m+dp/hard\libc_nano.a(libc_a-sprintf.o)
                0x0800784c                siprintf
                0x0800784c                sprintf
 .text.__sread  0x0800788c       0x22 C:/ST/STM32CubeIDE_1.15.1/STM32CubeIDE/plugins/com.st.stm32cube.ide.mcu.externaltools.gnu-tools-for-stm32.12.3.rel1.win32_1.0.100.202403111256/tools/bin/../lib/gcc/arm-none-eabi/12.3.1/../../../../arm-none-eabi/lib/thumb/v7e-m+dp/hard\libc_nano.a(libc_a-stdio.o)
                0x0800788c                __sread
 .text.__swrite
                0x080078ae       0x38 C:/ST/STM32CubeIDE_1.15.1/STM32CubeIDE/plugins/com.st.stm32cube.ide.mcu.externaltools.gnu-tools-for-stm32.12.3.rel1.win32_1.0.100.202403111256/tools/bin/../lib/gcc/arm-none-eabi/12.3.1/../../../../arm-none-eabi/lib/thumb/v7e-m+dp/hard\libc_nano.a(libc_a-stdio.o)
                0x080078ae                __swrite
 .text.__sseek  0x080078e6       0x24 C:/ST/STM32CubeIDE_1.15.1/STM32CubeIDE/plugins/com.st.stm32cube.ide.mcu.externaltools.gnu-tools-for-stm32.12.3.rel1.win32_1.0.100.202403111256/tools/bin/../lib/gcc/arm-none-eabi/12.3.1/../../../../arm-none-eabi/lib/thumb/v7e-m+dp/hard\libc_nano.a(libc_a-stdio.o)
                0x080078e6                __sseek
 .text.__sclose
                0x0800790a        0x8 C:/ST/STM32CubeIDE_1.15.1/STM32CubeIDE/plugins/com.st.stm32cube.ide.mcu.externaltools.gnu-tools-for-stm32.12.3.rel1.win32_1.0.100.202403111256/tools/bin/../lib/gcc/arm-none-eabi/12.3.1/../../../../arm-none-eabi/lib/thumb/v7e-m+dp/hard\libc_nano.a(libc_a-stdio.o)
                0x0800790a                __sclose
 .text.__swbuf_r
                0x08007912       0x7c C:/ST/STM32CubeIDE_1.15.1/STM32CubeIDE/plugins/com.st.stm32cube.ide.mcu.externaltools.gnu-tools-for-stm32.12.3.rel1.win32_1.0.100.202403111256/tools/bin/../lib/gcc/arm-none-eabi/12.3.1/../../../../arm-none-eabi/lib/thumb/v7e-m+dp/hard\libc_nano.a(libc_a-wbuf.o)
                0x08007912                __swbuf_r
 *fill*         0x0800798e        0x2 
 .text.__swsetup_r
                0x08007990       0xac C:/ST/STM32CubeIDE_1.15.1/STM32CubeIDE/plugins/com.st.stm32cube.ide.mcu.externaltools.gnu-tools-for-stm32.12.3.rel1.win32_1.0.100.202403111256/tools/bin/../lib/gcc/arm-none-eabi/12.3.1/../../../../arm-none-eabi/lib/thumb/v7e-m+dp/hard\libc_nano.a(libc_a-wsetup.o)
                0x08007990                __swsetup_r
 .text.memset   0x08007a3c       0x10 C:/ST/STM32CubeIDE_1.15.1/STM32CubeIDE/plugins/com.st.stm32cube.ide.mcu.externaltools.gnu-tools-for-stm32.12.3.rel1.win32_1.0.100.202403111256/tools/bin/../lib/gcc/arm-none-eabi/12.3.1/../../../../arm-none-eabi/lib/thumb/v7e-m+dp/hard\libc_nano.a(libc_a-memset.o)
                0x08007a3c                memset
 .text._close_r
                0x08007a4c       0x20 C:/ST/STM32CubeIDE_1.15.1/STM32CubeIDE/plugins/com.st.stm32cube.ide.mcu.externaltools.gnu-tools-for-stm32.12.3.rel1.win32_1.0.100.202403111256/tools/bin/../lib/gcc/arm-none-eabi/12.3.1/../../../../arm-none-eabi/lib/thumb/v7e-m+dp/hard\libc_nano.a(libc_a-closer.o)
                0x08007a4c                _close_r
 .text._lseek_r
                0x08007a6c       0x24 C:/ST/STM32CubeIDE_1.15.1/STM32CubeIDE/plugins/com.st.stm32cube.ide.mcu.externaltools.gnu-tools-for-stm32.12.3.rel1.win32_1.0.100.202403111256/tools/bin/../lib/gcc/arm-none-eabi/12.3.1/../../../../arm-none-eabi/lib/thumb/v7e-m+dp/hard\libc_nano.a(libc_a-lseekr.o)
                0x08007a6c                _lseek_r
 .text._read_r  0x08007a90       0x24 C:/ST/STM32CubeIDE_1.15.1/STM32CubeIDE/plugins/com.st.stm32cube.ide.mcu.externaltools.gnu-tools-for-stm32.12.3.rel1.win32_1.0.100.202403111256/tools/bin/../lib/gcc/arm-none-eabi/12.3.1/../../../../arm-none-eabi/lib/thumb/v7e-m+dp/hard\libc_nano.a(libc_a-readr.o)
                0x08007a90                _read_r
 .text._sbrk_r  0x08007ab4       0x20 C:/ST/STM32CubeIDE_1.15.1/STM32CubeIDE/plugins/com.st.stm32cube.ide.mcu.externaltools.gnu-tools-for-stm32.12.3.rel1.win32_1.0.100.202403111256/tools/bin/../lib/gcc/arm-none-eabi/12.3.1/../../../../arm-none-eabi/lib/thumb/v7e-m+dp/hard\libc_nano.a(libc_a-sbrkr.o)
                0x08007ab4                _sbrk_r
 .text._write_r
                0x08007ad4       0x24 C:/ST/STM32CubeIDE_1.15.1/STM32CubeIDE/plugins/com.st.stm32cube.ide.mcu.externaltools.gnu-tools-for-stm32.12.3.rel1.win32_1.0.100.202403111256/tools/bin/../lib/gcc/arm-none-eabi/12.3.1/../../../../arm-none-eabi/lib/thumb/v7e-m+dp/hard\libc_nano.a(libc_a-writer.o)
                0x08007ad4                _write_r
 .text.__errno  0x08007af8        0xc C:/ST/STM32CubeIDE_1.15.1/STM32CubeIDE/plugins/com.st.stm32cube.ide.mcu.externaltools.gnu-tools-for-stm32.12.3.rel1.win32_1.0.100.202403111256/tools/bin/../lib/gcc/arm-none-eabi/12.3.1/../../../../arm-none-eabi/lib/thumb/v7e-m+dp/hard\libc_nano.a(libc_a-errno.o)
                0x08007af8                __errno
 .text.__libc_init_array
                0x08007b04       0x48 C:/ST/STM32CubeIDE_1.15.1/STM32CubeIDE/plugins/com.st.stm32cube.ide.mcu.externaltools.gnu-tools-for-stm32.12.3.rel1.win32_1.0.100.202403111256/tools/bin/../lib/gcc/arm-none-eabi/12.3.1/../../../../arm-none-eabi/lib/thumb/v7e-m+dp/hard\libc_nano.a(libc_a-init.o)
                0x08007b04                __libc_init_array
 .text.__retarget_lock_init_recursive
                0x08007b4c        0x2 C:/ST/STM32CubeIDE_1.15.1/STM32CubeIDE/plugins/com.st.stm32cube.ide.mcu.externaltools.gnu-tools-for-stm32.12.3.rel1.win32_1.0.100.202403111256/tools/bin/../lib/gcc/arm-none-eabi/12.3.1/../../../../arm-none-eabi/lib/thumb/v7e-m+dp/hard\libc_nano.a(libc_a-lock.o)
                0x08007b4c                __retarget_lock_init_recursive
 .text.__retarget_lock_acquire_recursive
                0x08007b4e        0x2 C:/ST/STM32CubeIDE_1.15.1/STM32CubeIDE/plugins/com.st.stm32cube.ide.mcu.externaltools.gnu-tools-for-stm32.12.3.rel1.win32_1.0.100.202403111256/tools/bin/../lib/gcc/arm-none-eabi/12.3.1/../../../../arm-none-eabi/lib/thumb/v7e-m+dp/hard\libc_nano.a(libc_a-lock.o)
                0x08007b4e                __retarget_lock_acquire_recursive
 .text.__retarget_lock_release_recursive
                0x08007b50        0x2 C:/ST/STM32CubeIDE_1.15.1/STM32CubeIDE/plugins/com.st.stm32cube.ide.mcu.externaltools.gnu-tools-for-stm32.12.3.rel1.win32_1.0.100.202403111256/tools/bin/../lib/gcc/arm-none-eabi/12.3.1/../../../../arm-none-eabi/lib/thumb/v7e-m+dp/hard\libc_nano.a(libc_a-lock.o)
                0x08007b50                __retarget_lock_release_recursive
 .text.memcpy   0x08007b52       0x1c C:/ST/STM32CubeIDE_1.15.1/STM32CubeIDE/plugins/com.st.stm32cube.ide.mcu.externaltools.gnu-tools-for-stm32.12.3.rel1.win32_1.0.100.202403111256/tools/bin/../lib/gcc/arm-none-eabi/12.3.1/../../../../arm-none-eabi/lib/thumb/v7e-m+dp/hard\libc_nano.a(libc_a-memcpy-stub.o)
                0x08007b52                memcpy
 *fill*         0x08007b6e        0x2 
 .text._free_r  0x08007b70       0x94 C:/ST/STM32CubeIDE_1.15.1/STM32CubeIDE/plugins/com.st.stm32cube.ide.mcu.externaltools.gnu-tools-for-stm32.12.3.rel1.win32_1.0.100.202403111256/tools/bin/../lib/gcc/arm-none-eabi/12.3.1/../../../../arm-none-eabi/lib/thumb/v7e-m+dp/hard\libc_nano.a(libc_a-freer.o)
                0x08007b70                _free_r
 .text._malloc_usable_size_r
                0x08007c04       0x10 C:/ST/STM32CubeIDE_1.15.1/STM32CubeIDE/plugins/com.st.stm32cube.ide.mcu.externaltools.gnu-tools-for-stm32.12.3.rel1.win32_1.0.100.202403111256/tools/bin/../lib/gcc/arm-none-eabi/12.3.1/../../../../arm-none-eabi/lib/thumb/v7e-m+dp/hard\libc_nano.a(libc_a-msizer.o)
                0x08007c04                _malloc_usable_size_r
 .text.__ssputs_r
                0x08007c14       0xb6 C:/ST/STM32CubeIDE_1.15.1/STM32CubeIDE/plugins/com.st.stm32cube.ide.mcu.externaltools.gnu-tools-for-stm32.12.3.rel1.win32_1.0.100.202403111256/tools/bin/../lib/gcc/arm-none-eabi/12.3.1/../../../../arm-none-eabi/lib/thumb/v7e-m+dp/hard\libc_nano.a(libc_a-nano-svfprintf.o)
                0x08007c14                __ssputs_r
 *fill*         0x08007cca        0x2 
 .text._svfprintf_r
                0x08007ccc      0x1f8 C:/ST/STM32CubeIDE_1.15.1/STM32CubeIDE/plugins/com.st.stm32cube.ide.mcu.externaltools.gnu-tools-for-stm32.12.3.rel1.win32_1.0.100.202403111256/tools/bin/../lib/gcc/arm-none-eabi/12.3.1/../../../../arm-none-eabi/lib/thumb/v7e-m+dp/hard\libc_nano.a(libc_a-nano-svfprintf.o)
                0x08007ccc                _svfiprintf_r
                0x08007ccc                _svfprintf_r
 .text.__sfputc_r
                0x08007ec4       0x2e C:/ST/STM32CubeIDE_1.15.1/STM32CubeIDE/plugins/com.st.stm32cube.ide.mcu.externaltools.gnu-tools-for-stm32.12.3.rel1.win32_1.0.100.202403111256/tools/bin/../lib/gcc/arm-none-eabi/12.3.1/../../../../arm-none-eabi/lib/thumb/v7e-m+dp/hard\libc_nano.a(libc_a-nano-vfprintf.o)
 .text.__sfputs_r
                0x08007ef2       0x24 C:/ST/STM32CubeIDE_1.15.1/STM32CubeIDE/plugins/com.st.stm32cube.ide.mcu.externaltools.gnu-tools-for-stm32.12.3.rel1.win32_1.0.100.202403111256/tools/bin/../lib/gcc/arm-none-eabi/12.3.1/../../../../arm-none-eabi/lib/thumb/v7e-m+dp/hard\libc_nano.a(libc_a-nano-vfprintf.o)
                0x08007ef2                __sfputs_r
 *fill*         0x08007f16        0x2 
 .text._vfprintf_r
                0x08007f18      0x230 C:/ST/STM32CubeIDE_1.15.1/STM32CubeIDE/plugins/com.st.stm32cube.ide.mcu.externaltools.gnu-tools-for-stm32.12.3.rel1.win32_1.0.100.202403111256/tools/bin/../lib/gcc/arm-none-eabi/12.3.1/../../../../arm-none-eabi/lib/thumb/v7e-m+dp/hard\libc_nano.a(libc_a-nano-vfprintf.o)
                0x08007f18                _vfprintf_r
                0x08007f18                _vfiprintf_r
 .text._printf_common
                0x08008148       0xda C:/ST/STM32CubeIDE_1.15.1/STM32CubeIDE/plugins/com.st.stm32cube.ide.mcu.externaltools.gnu-tools-for-stm32.12.3.rel1.win32_1.0.100.202403111256/tools/bin/../lib/gcc/arm-none-eabi/12.3.1/../../../../arm-none-eabi/lib/thumb/v7e-m+dp/hard\libc_nano.a(libc_a-nano-vfprintf_i.o)
                0x08008148                _printf_common
 *fill*         0x08008222        0x2 
 .text._printf_i
                0x08008224      0x240 C:/ST/STM32CubeIDE_1.15.1/STM32CubeIDE/plugins/com.st.stm32cube.ide.mcu.externaltools.gnu-tools-for-stm32.12.3.rel1.win32_1.0.100.202403111256/tools/bin/../lib/gcc/arm-none-eabi/12.3.1/../../../../arm-none-eabi/lib/thumb/v7e-m+dp/hard\libc_nano.a(libc_a-nano-vfprintf_i.o)
                0x08008224                _printf_i
 .text.__sflush_r
                0x08008464      0x108 C:/ST/STM32CubeIDE_1.15.1/STM32CubeIDE/plugins/com.st.stm32cube.ide.mcu.externaltools.gnu-tools-for-stm32.12.3.rel1.win32_1.0.100.202403111256/tools/bin/../lib/gcc/arm-none-eabi/12.3.1/../../../../arm-none-eabi/lib/thumb/v7e-m+dp/hard\libc_nano.a(libc_a-fflush.o)
                0x08008464                __sflush_r
 .text._fflush_r
                0x0800856c       0x50 C:/ST/STM32CubeIDE_1.15.1/STM32CubeIDE/plugins/com.st.stm32cube.ide.mcu.externaltools.gnu-tools-for-stm32.12.3.rel1.win32_1.0.100.202403111256/tools/bin/../lib/gcc/arm-none-eabi/12.3.1/../../../../arm-none-eabi/lib/thumb/v7e-m+dp/hard\libc_nano.a(libc_a-fflush.o)
                0x0800856c                _fflush_r
 .text.__swhatbuf_r
                0x080085bc       0x4c C:/ST/STM32CubeIDE_1.15.1/STM32CubeIDE/plugins/com.st.stm32cube.ide.mcu.externaltools.gnu-tools-for-stm32.12.3.rel1.win32_1.0.100.202403111256/tools/bin/../lib/gcc/arm-none-eabi/12.3.1/../../../../arm-none-eabi/lib/thumb/v7e-m+dp/hard\libc_nano.a(libc_a-makebuf.o)
                0x080085bc                __swhatbuf_r
 .text.__smakebuf_r
                0x08008608       0x78 C:/ST/STM32CubeIDE_1.15.1/STM32CubeIDE/plugins/com.st.stm32cube.ide.mcu.externaltools.gnu-tools-for-stm32.12.3.rel1.win32_1.0.100.202403111256/tools/bin/../lib/gcc/arm-none-eabi/12.3.1/../../../../arm-none-eabi/lib/thumb/v7e-m+dp/hard\libc_nano.a(libc_a-makebuf.o)
                0x08008608                __smakebuf_r
 .text.memmove  0x08008680       0x34 C:/ST/STM32CubeIDE_1.15.1/STM32CubeIDE/plugins/com.st.stm32cube.ide.mcu.externaltools.gnu-tools-for-stm32.12.3.rel1.win32_1.0.100.202403111256/tools/bin/../lib/gcc/arm-none-eabi/12.3.1/../../../../arm-none-eabi/lib/thumb/v7e-m+dp/hard\libc_nano.a(libc_a-memmove.o)
                0x08008680                memmove
 .text._fstat_r
                0x080086b4       0x24 C:/ST/STM32CubeIDE_1.15.1/STM32CubeIDE/plugins/com.st.stm32cube.ide.mcu.externaltools.gnu-tools-for-stm32.12.3.rel1.win32_1.0.100.202403111256/tools/bin/../lib/gcc/arm-none-eabi/12.3.1/../../../../arm-none-eabi/lib/thumb/v7e-m+dp/hard\libc_nano.a(libc_a-fstatr.o)
                0x080086b4                _fstat_r
 .text._isatty_r
                0x080086d8       0x20 C:/ST/STM32CubeIDE_1.15.1/STM32CubeIDE/plugins/com.st.stm32cube.ide.mcu.externaltools.gnu-tools-for-stm32.12.3.rel1.win32_1.0.100.202403111256/tools/bin/../lib/gcc/arm-none-eabi/12.3.1/../../../../arm-none-eabi/lib/thumb/v7e-m+dp/hard\libc_nano.a(libc_a-isattyr.o)
                0x080086d8                _isatty_r
 .text._close   0x080086f8       0x10 C:/ST/STM32CubeIDE_1.15.1/STM32CubeIDE/plugins/com.st.stm32cube.ide.mcu.externaltools.gnu-tools-for-stm32.12.3.rel1.win32_1.0.100.202403111256/tools/bin/../lib/gcc/arm-none-eabi/12.3.1/../../../../arm-none-eabi/lib/thumb/v7e-m+dp/hard\libnosys.a(close.o)
                0x080086f8                _close
 .text._fstat   0x08008708       0x10 C:/ST/STM32CubeIDE_1.15.1/STM32CubeIDE/plugins/com.st.stm32cube.ide.mcu.externaltools.gnu-tools-for-stm32.12.3.rel1.win32_1.0.100.202403111256/tools/bin/../lib/gcc/arm-none-eabi/12.3.1/../../../../arm-none-eabi/lib/thumb/v7e-m+dp/hard\libnosys.a(fstat.o)
                0x08008708                _fstat
 .text._isatty  0x08008718       0x10 C:/ST/STM32CubeIDE_1.15.1/STM32CubeIDE/plugins/com.st.stm32cube.ide.mcu.externaltools.gnu-tools-for-stm32.12.3.rel1.win32_1.0.100.202403111256/tools/bin/../lib/gcc/arm-none-eabi/12.3.1/../../../../arm-none-eabi/lib/thumb/v7e-m+dp/hard\libnosys.a(isatty.o)
                0x08008718                _isatty
 .text._lseek   0x08008728       0x10 C:/ST/STM32CubeIDE_1.15.1/STM32CubeIDE/plugins/com.st.stm32cube.ide.mcu.externaltools.gnu-tools-for-stm32.12.3.rel1.win32_1.0.100.202403111256/tools/bin/../lib/gcc/arm-none-eabi/12.3.1/../../../../arm-none-eabi/lib/thumb/v7e-m+dp/hard\libnosys.a(lseek.o)
                0x08008728                _lseek
 .text._read    0x08008738       0x10 C:/ST/STM32CubeIDE_1.15.1/STM32CubeIDE/plugins/com.st.stm32cube.ide.mcu.externaltools.gnu-tools-for-stm32.12.3.rel1.win32_1.0.100.202403111256/tools/bin/../lib/gcc/arm-none-eabi/12.3.1/../../../../arm-none-eabi/lib/thumb/v7e-m+dp/hard\libnosys.a(read.o)
                0x08008738                _read
 .text._write   0x08008748       0x10 C:/ST/STM32CubeIDE_1.15.1/STM32CubeIDE/plugins/com.st.stm32cube.ide.mcu.externaltools.gnu-tools-for-stm32.12.3.rel1.win32_1.0.100.202403111256/tools/bin/../lib/gcc/arm-none-eabi/12.3.1/../../../../arm-none-eabi/lib/thumb/v7e-m+dp/hard\libnosys.a(write.o)
                0x08008748                _write
 *(.glue_7)
 .glue_7        0x08008758        0x0 linker stubs
 *(.glue_7t)
 .glue_7t       0x08008758        0x0 linker stubs
 *(.eh_frame)
 .eh_frame      0x08008758        0x0 C:/ST/STM32CubeIDE_1.15.1/STM32CubeIDE/plugins/com.st.stm32cube.ide.mcu.externaltools.gnu-tools-for-stm32.12.3.rel1.win32_1.0.100.202403111256/tools/bin/../lib/gcc/arm-none-eabi/12.3.1/thumb/v7e-m+dp/hard/crtbegin.o
 *(.init)
 .init          0x08008758        0x4 C:/ST/STM32CubeIDE_1.15.1/STM32CubeIDE/plugins/com.st.stm32cube.ide.mcu.externaltools.gnu-tools-for-stm32.12.3.rel1.win32_1.0.100.202403111256/tools/bin/../lib/gcc/arm-none-eabi/12.3.1/thumb/v7e-m+dp/hard/crti.o
                0x08008758                _init
 .init          0x0800875c        0x8 C:/ST/STM32CubeIDE_1.15.1/STM32CubeIDE/plugins/com.st.stm32cube.ide.mcu.externaltools.gnu-tools-for-stm32.12.3.rel1.win32_1.0.100.202403111256/tools/bin/../lib/gcc/arm-none-eabi/12.3.1/thumb/v7e-m+dp/hard/crtn.o
 *(.fini)
 .fini          0x08008764        0x4 C:/ST/STM32CubeIDE_1.15.1/STM32CubeIDE/plugins/com.st.stm32cube.ide.mcu.externaltools.gnu-tools-for-stm32.12.3.rel1.win32_1.0.100.202403111256/tools/bin/../lib/gcc/arm-none-eabi/12.3.1/thumb/v7e-m+dp/hard/crti.o
                0x08008764                _fini
 .fini          0x08008768        0x8 C:/ST/STM32CubeIDE_1.15.1/STM32CubeIDE/plugins/com.st.stm32cube.ide.mcu.externaltools.gnu-tools-for-stm32.12.3.rel1.win32_1.0.100.202403111256/tools/bin/../lib/gcc/arm-none-eabi/12.3.1/thumb/v7e-m+dp/hard/crtn.o
                0x08008770                        . = ALIGN (0x4)
                0x08008770                        _etext = .

.vfp11_veneer   0x08008770        0x0
 .vfp11_veneer  0x08008770        0x0 linker stubs

.v4_bx          0x08008770        0x0
 .v4_bx         0x08008770        0x0 linker stubs

.iplt           0x08008770        0x0
 .iplt          0x08008770        0x0 C:/ST/STM32CubeIDE_1.15.1/STM32CubeIDE/plugins/com.st.stm32cube.ide.mcu.externaltools.gnu-tools-for-stm32.12.3.rel1.win32_1.0.100.202403111256/tools/bin/../lib/gcc/arm-none-eabi/12.3.1/thumb/v7e-m+dp/hard/crtbegin.o

.rodata         0x08008780      0x6dc
                0x08008780                        . = ALIGN (0x4)
 *(.rodata)
 .rodata        0x08008780      0x10f ./X-CUBE-AI/App/app_x-cube-ai.o
 *fill*         0x0800888f        0x1 
 .rodata        0x08008890       0x30 ./X-CUBE-AI/App/network_data.o
 *(.rodata*)
 .rodata.D1CorePrescTable
                0x080088c0       0x10 ./Core/Src/system_stm32h7xx.o
                0x080088c0                D1CorePrescTable
 .rodata.UARTPrescTable
                0x080088d0       0x18 ./Drivers/STM32H7xx_HAL_Driver/Src/stm32h7xx_hal_uart.o
                0x080088d0                UARTPrescTable
 .rodata.numerator.1
                0x080088e8        0x8 ./Drivers/STM32H7xx_HAL_Driver/Src/stm32h7xx_hal_uart_ex.o
 .rodata.denominator.0
                0x080088f0        0x8 ./Drivers/STM32H7xx_HAL_Driver/Src/stm32h7xx_hal_uart_ex.o
 .rodata.gemm_2_chain
                0x080088f8        0x8 ./X-CUBE-AI/App/network.o
 .rodata.nl_1_nl_chain
                0x08008900        0x8 ./X-CUBE-AI/App/network.o
 .rodata.gemm_1_chain
                0x08008908        0x8 ./X-CUBE-AI/App/network.o
 .rodata.nl_0_nl_chain
                0x08008910        0x8 ./X-CUBE-AI/App/network.o
 .rodata.gemm_0_chain
                0x08008918        0x8 ./X-CUBE-AI/App/network.o
 .rodata.s_network_weights_array_u64
                0x08008920      0x508 ./X-CUBE-AI/App/network_data_params.o
                0x08008920                s_network_weights_array_u64
 .rodata._svfprintf_r.str1.1
                0x08008e28       0x11 C:/ST/STM32CubeIDE_1.15.1/STM32CubeIDE/plugins/com.st.stm32cube.ide.mcu.externaltools.gnu-tools-for-stm32.12.3.rel1.win32_1.0.100.202403111256/tools/bin/../lib/gcc/arm-none-eabi/12.3.1/../../../../arm-none-eabi/lib/thumb/v7e-m+dp/hard\libc_nano.a(libc_a-nano-svfprintf.o)
 .rodata._vfprintf_r.str1.1
                0x08008e39       0x11 C:/ST/STM32CubeIDE_1.15.1/STM32CubeIDE/plugins/com.st.stm32cube.ide.mcu.externaltools.gnu-tools-for-stm32.12.3.rel1.win32_1.0.100.202403111256/tools/bin/../lib/gcc/arm-none-eabi/12.3.1/../../../../arm-none-eabi/lib/thumb/v7e-m+dp/hard\libc_nano.a(libc_a-nano-vfprintf.o)
 .rodata._printf_i.str1.1
                0x08008e39       0x22 C:/ST/STM32CubeIDE_1.15.1/STM32CubeIDE/plugins/com.st.stm32cube.ide.mcu.externaltools.gnu-tools-for-stm32.12.3.rel1.win32_1.0.100.202403111256/tools/bin/../lib/gcc/arm-none-eabi/12.3.1/../../../../arm-none-eabi/lib/thumb/v7e-m+dp/hard\libc_nano.a(libc_a-nano-vfprintf_i.o)
                0x08008e5c                        . = ALIGN (0x4)
 *fill*         0x08008e5b        0x1 

.ARM.extab
 *(.ARM.extab* .gnu.linkonce.armextab.*)

.ARM            0x08008e5c        0x8
                0x08008e5c                        __exidx_start = .
 *(.ARM.exidx*)
 .ARM.exidx     0x08008e5c        0x8 C:/ST/STM32CubeIDE_1.15.1/STM32CubeIDE/plugins/com.st.stm32cube.ide.mcu.externaltools.gnu-tools-for-stm32.12.3.rel1.win32_1.0.100.202403111256/tools/bin/../lib/gcc/arm-none-eabi/12.3.1/../../../../arm-none-eabi/lib/thumb/v7e-m+dp/hard\libc_nano.a(libc_a-memchr.o)
 .ARM.exidx     0x08008e64        0x0 C:/ST/STM32CubeIDE_1.15.1/STM32CubeIDE/plugins/com.st.stm32cube.ide.mcu.externaltools.gnu-tools-for-stm32.12.3.rel1.win32_1.0.100.202403111256/tools/bin/../lib/gcc/arm-none-eabi/12.3.1/thumb/v7e-m+dp/hard\libgcc.a(_udivmoddi4.o)
                                  0x8 (size before relaxing)
                0x08008e64                        __exidx_end = .

.preinit_array  0x08008e64        0x0
                0x08008e64                        PROVIDE (__preinit_array_start = .)
 *(.preinit_array*)
                0x08008e64                        PROVIDE (__preinit_array_end = .)

.init_array     0x08008e64        0x4
                0x08008e64                        PROVIDE (__init_array_start = .)
 *(SORT_BY_NAME(.init_array.*))
 *(.init_array*)
 .init_array    0x08008e64        0x4 C:/ST/STM32CubeIDE_1.15.1/STM32CubeIDE/plugins/com.st.stm32cube.ide.mcu.externaltools.gnu-tools-for-stm32.12.3.rel1.win32_1.0.100.202403111256/tools/bin/../lib/gcc/arm-none-eabi/12.3.1/thumb/v7e-m+dp/hard/crtbegin.o
                0x08008e68                        PROVIDE (__init_array_end = .)

.fini_array     0x08008e68        0x4
                [!provide]                        PROVIDE (__fini_array_start = .)
 *(SORT_BY_NAME(.fini_array.*))
 *(.fini_array*)
 .fini_array    0x08008e68        0x4 C:/ST/STM32CubeIDE_1.15.1/STM32CubeIDE/plugins/com.st.stm32cube.ide.mcu.externaltools.gnu-tools-for-stm32.12.3.rel1.win32_1.0.100.202403111256/tools/bin/../lib/gcc/arm-none-eabi/12.3.1/thumb/v7e-m+dp/hard/crtbegin.o
                [!provide]                        PROVIDE (__fini_array_end = .)
                0x08008e6c                        _sidata = LOADADDR (.data)

.rel.dyn        0x08008e6c        0x0
 .rel.iplt      0x08008e6c        0x0 C:/ST/STM32CubeIDE_1.15.1/STM32CubeIDE/plugins/com.st.stm32cube.ide.mcu.externaltools.gnu-tools-for-stm32.12.3.rel1.win32_1.0.100.202403111256/tools/bin/../lib/gcc/arm-none-eabi/12.3.1/thumb/v7e-m+dp/hard/crtbegin.o

.data           0x24000000      0x6f8 load address 0x08008e6c
                0x24000000                        . = ALIGN (0x4)
                0x24000000                        _sdata = .
 *(.data)
 *(.data*)
 .data.SystemCoreClock
                0x24000000        0x4 ./Core/Src/system_stm32h7xx.o
                0x24000000                SystemCoreClock
 .data.SystemD2Clock
                0x24000004        0x4 ./Core/Src/system_stm32h7xx.o
                0x24000004                SystemD2Clock
 .data.uwTickPrio
                0x24000008        0x4 ./Drivers/STM32H7xx_HAL_Driver/Src/stm32h7xx_hal.o
                0x24000008                uwTickPrio
 .data.uwTickFreq
                0x2400000c        0x1 ./Drivers/STM32H7xx_HAL_Driver/Src/stm32h7xx_hal.o
                0x2400000c                uwTickFreq
 *fill*         0x2400000d        0x3 
 .data.data_activations0
                0x24000010        0x4 ./X-CUBE-AI/App/app_x-cube-ai.o
                0x24000010                data_activations0
 .data.serving_default_dense_input0_output_array
                0x24000014       0x10 ./X-CUBE-AI/App/network.o
 .data.gemm_0_output_array
                0x24000024       0x10 ./X-CUBE-AI/App/network.o
 .data.nl_0_nl_output_array
                0x24000034       0x10 ./X-CUBE-AI/App/network.o
 .data.gemm_1_output_array
                0x24000044       0x10 ./X-CUBE-AI/App/network.o
 .data.nl_1_nl_output_array
                0x24000054       0x10 ./X-CUBE-AI/App/network.o
 .data.gemm_2_output_array
                0x24000064       0x10 ./X-CUBE-AI/App/network.o
 .data.gemm_0_weights_array
                0x24000074       0x10 ./X-CUBE-AI/App/network.o
 .data.gemm_0_bias_array
                0x24000084       0x10 ./X-CUBE-AI/App/network.o
 .data.gemm_1_weights_array
                0x24000094       0x10 ./X-CUBE-AI/App/network.o
 .data.gemm_1_bias_array
                0x240000a4       0x10 ./X-CUBE-AI/App/network.o
 .data.gemm_2_weights_array
                0x240000b4       0x10 ./X-CUBE-AI/App/network.o
 .data.gemm_2_bias_array
                0x240000c4       0x10 ./X-CUBE-AI/App/network.o
 .data.__compound_literal.0
                0x240000d4       0x10 ./X-CUBE-AI/App/network.o
 .data.__compound_literal.1
                0x240000e4       0x10 ./X-CUBE-AI/App/network.o
 .data.serving_default_dense_input0_output
                0x240000f4       0x1c ./X-CUBE-AI/App/network.o
 .data.__compound_literal.2
                0x24000110       0x10 ./X-CUBE-AI/App/network.o
 .data.__compound_literal.3
                0x24000120       0x10 ./X-CUBE-AI/App/network.o
 .data.gemm_0_output
                0x24000130       0x1c ./X-CUBE-AI/App/network.o
 .data.__compound_literal.4
                0x2400014c       0x10 ./X-CUBE-AI/App/network.o
 .data.__compound_literal.5
                0x2400015c       0x10 ./X-CUBE-AI/App/network.o
 .data.nl_0_nl_output
                0x2400016c       0x1c ./X-CUBE-AI/App/network.o
 .data.__compound_literal.6
                0x24000188       0x10 ./X-CUBE-AI/App/network.o
 .data.__compound_literal.7
                0x24000198       0x10 ./X-CUBE-AI/App/network.o
 .data.gemm_1_output
                0x240001a8       0x1c ./X-CUBE-AI/App/network.o
 .data.__compound_literal.8
                0x240001c4       0x10 ./X-CUBE-AI/App/network.o
 .data.__compound_literal.9
                0x240001d4       0x10 ./X-CUBE-AI/App/network.o
 .data.nl_1_nl_output
                0x240001e4       0x1c ./X-CUBE-AI/App/network.o
 .data.__compound_literal.10
                0x24000200       0x10 ./X-CUBE-AI/App/network.o
 .data.__compound_literal.11
                0x24000210       0x10 ./X-CUBE-AI/App/network.o
 .data.gemm_2_output
                0x24000220       0x1c ./X-CUBE-AI/App/network.o
 .data.__compound_literal.12
                0x2400023c       0x10 ./X-CUBE-AI/App/network.o
 .data.__compound_literal.13
                0x2400024c       0x10 ./X-CUBE-AI/App/network.o
 .data.gemm_0_weights
                0x2400025c       0x1c ./X-CUBE-AI/App/network.o
 .data.__compound_literal.14
                0x24000278       0x10 ./X-CUBE-AI/App/network.o
 .data.__compound_literal.15
                0x24000288       0x10 ./X-CUBE-AI/App/network.o
 .data.gemm_0_bias
                0x24000298       0x1c ./X-CUBE-AI/App/network.o
 .data.__compound_literal.16
                0x240002b4       0x10 ./X-CUBE-AI/App/network.o
 .data.__compound_literal.17
                0x240002c4       0x10 ./X-CUBE-AI/App/network.o
 .data.gemm_1_weights
                0x240002d4       0x1c ./X-CUBE-AI/App/network.o
 .data.__compound_literal.18
                0x240002f0       0x10 ./X-CUBE-AI/App/network.o
 .data.__compound_literal.19
                0x24000300       0x10 ./X-CUBE-AI/App/network.o
 .data.gemm_1_bias
                0x24000310       0x1c ./X-CUBE-AI/App/network.o
 .data.__compound_literal.20
                0x2400032c       0x10 ./X-CUBE-AI/App/network.o
 .data.__compound_literal.21
                0x2400033c       0x10 ./X-CUBE-AI/App/network.o
 .data.gemm_2_weights
                0x2400034c       0x1c ./X-CUBE-AI/App/network.o
 .data.__compound_literal.22
                0x24000368       0x10 ./X-CUBE-AI/App/network.o
 .data.__compound_literal.23
                0x24000378       0x10 ./X-CUBE-AI/App/network.o
 .data.gemm_2_bias
                0x24000388       0x1c ./X-CUBE-AI/App/network.o
 .data.__compound_literal.24
                0x240003a4        0x4 ./X-CUBE-AI/App/network.o
 .data.__compound_literal.25
                0x240003a8        0x4 ./X-CUBE-AI/App/network.o
 .data.__compound_literal.26
                0x240003ac        0x8 ./X-CUBE-AI/App/network.o
 .data.__compound_literal.28
                0x240003b4       0x30 ./X-CUBE-AI/App/network.o
 .data.gemm_2_layer
                0x240003e4       0x1c ./X-CUBE-AI/App/network.o
 .data.__compound_literal.29
                0x24000400        0x4 ./X-CUBE-AI/App/network.o
 .data.__compound_literal.30
                0x24000404        0x4 ./X-CUBE-AI/App/network.o
 .data.__compound_literal.33
                0x24000408       0x30 ./X-CUBE-AI/App/network.o
 .data.nl_1_nl_layer
                0x24000438       0x20 ./X-CUBE-AI/App/network.o
 .data.__compound_literal.34
                0x24000458        0x4 ./X-CUBE-AI/App/network.o
 .data.__compound_literal.35
                0x2400045c        0x4 ./X-CUBE-AI/App/network.o
 .data.__compound_literal.36
                0x24000460        0x8 ./X-CUBE-AI/App/network.o
 .data.__compound_literal.38
                0x24000468       0x30 ./X-CUBE-AI/App/network.o
 .data.gemm_1_layer
                0x24000498       0x1c ./X-CUBE-AI/App/network.o
 .data.__compound_literal.39
                0x240004b4        0x4 ./X-CUBE-AI/App/network.o
 .data.__compound_literal.40
                0x240004b8        0x4 ./X-CUBE-AI/App/network.o
 .data.__compound_literal.43
                0x240004bc       0x30 ./X-CUBE-AI/App/network.o
 .data.nl_0_nl_layer
                0x240004ec       0x20 ./X-CUBE-AI/App/network.o
 .data.__compound_literal.44
                0x2400050c        0x4 ./X-CUBE-AI/App/network.o
 .data.__compound_literal.45
                0x24000510        0x4 ./X-CUBE-AI/App/network.o
 .data.__compound_literal.46
                0x24000514        0x8 ./X-CUBE-AI/App/network.o
 .data.__compound_literal.48
                0x2400051c       0x30 ./X-CUBE-AI/App/network.o
 .data.gemm_0_layer
                0x2400054c       0x1c ./X-CUBE-AI/App/network.o
 .data.__compound_literal.49
                0x24000568       0x10 ./X-CUBE-AI/App/network.o
 .data.__compound_literal.50
                0x24000578       0x1c ./X-CUBE-AI/App/network.o
 .data.__compound_literal.51
                0x24000594       0x10 ./X-CUBE-AI/App/network.o
 .data.__compound_literal.52
                0x240005a4       0x1c ./X-CUBE-AI/App/network.o
 .data.__compound_literal.53
                0x240005c0        0x4 ./X-CUBE-AI/App/network.o
 .data.__compound_literal.57
                0x240005c4        0xc ./X-CUBE-AI/App/network.o
 .data.__compound_literal.58
                0x240005d0        0x4 ./X-CUBE-AI/App/network.o
 .data.__compound_literal.62
                0x240005d4        0xc ./X-CUBE-AI/App/network.o
 .data.__compound_literal.63
                0x240005e0       0x18 ./X-CUBE-AI/App/network.o
 .data.g_network
                0x240005f8       0x4c ./X-CUBE-AI/App/network.o
 .data.__compound_literal.0
                0x24000644       0x10 ./X-CUBE-AI/App/network_data.o
 .data.g_network_data_map_activations
                0x24000654       0x1c ./X-CUBE-AI/App/network_data.o
                0x24000654                g_network_data_map_activations
 .data.__compound_literal.1
                0x24000670       0x10 ./X-CUBE-AI/App/network_data.o
 .data.g_network_data_map_weights
                0x24000680       0x1c ./X-CUBE-AI/App/network_data.o
                0x24000680                g_network_data_map_weights
 .data.__sglue  0x2400069c        0xc C:/ST/STM32CubeIDE_1.15.1/STM32CubeIDE/plugins/com.st.stm32cube.ide.mcu.externaltools.gnu-tools-for-stm32.12.3.rel1.win32_1.0.100.202403111256/tools/bin/../lib/gcc/arm-none-eabi/12.3.1/../../../../arm-none-eabi/lib/thumb/v7e-m+dp/hard\libc_nano.a(libc_a-findfp.o)
                0x2400069c                __sglue
 .data._impure_ptr
                0x240006a8        0x4 C:/ST/STM32CubeIDE_1.15.1/STM32CubeIDE/plugins/com.st.stm32cube.ide.mcu.externaltools.gnu-tools-for-stm32.12.3.rel1.win32_1.0.100.202403111256/tools/bin/../lib/gcc/arm-none-eabi/12.3.1/../../../../arm-none-eabi/lib/thumb/v7e-m+dp/hard\libc_nano.a(libc_a-impure.o)
                0x240006a8                _impure_ptr
 .data._impure_data
                0x240006ac       0x4c C:/ST/STM32CubeIDE_1.15.1/STM32CubeIDE/plugins/com.st.stm32cube.ide.mcu.externaltools.gnu-tools-for-stm32.12.3.rel1.win32_1.0.100.202403111256/tools/bin/../lib/gcc/arm-none-eabi/12.3.1/../../../../arm-none-eabi/lib/thumb/v7e-m+dp/hard\libc_nano.a(libc_a-impure.o)
                0x240006ac                _impure_data
 *(.RamFunc)
 *(.RamFunc*)
                0x240006f8                        . = ALIGN (0x4)
                0x240006f8                        _edata = .

.igot.plt       0x240006f8        0x0 load address 0x08009564
 .igot.plt      0x240006f8        0x0 C:/ST/STM32CubeIDE_1.15.1/STM32CubeIDE/plugins/com.st.stm32cube.ide.mcu.externaltools.gnu-tools-for-stm32.12.3.rel1.win32_1.0.100.202403111256/tools/bin/../lib/gcc/arm-none-eabi/12.3.1/thumb/v7e-m+dp/hard/crtbegin.o
                0x240006f8                        . = ALIGN (0x4)

.bss            0x24000700      0x344 load address 0x08009564
                0x24000700                        _sbss = .
                0x24000700                        __bss_start__ = _sbss
 *(.bss)
 .bss           0x24000700       0x1c C:/ST/STM32CubeIDE_1.15.1/STM32CubeIDE/plugins/com.st.stm32cube.ide.mcu.externaltools.gnu-tools-for-stm32.12.3.rel1.win32_1.0.100.202403111256/tools/bin/../lib/gcc/arm-none-eabi/12.3.1/thumb/v7e-m+dp/hard/crtbegin.o
 *(.bss*)
 .bss.__sbrk_heap_end
                0x2400071c        0x4 ./Core/Src/sysmem.o
 .bss.huart3    0x24000720       0x94 ./Core/Src/usart.o
                0x24000720                huart3
 .bss.uwTick    0x240007b4        0x4 ./Drivers/STM32H7xx_HAL_Driver/Src/stm32h7xx_hal.o
                0x240007b4                uwTick
 .bss.aiInData  0x240007b8        0x4 ./X-CUBE-AI/App/app_x-cube-ai.o
 .bss.aiOutData
                0x240007bc        0x4 ./X-CUBE-AI/App/app_x-cube-ai.o
 .bss.data_ins  0x240007c0        0x4 ./X-CUBE-AI/App/app_x-cube-ai.o
                0x240007c0                data_ins
 .bss.data_outs
                0x240007c4        0x4 ./X-CUBE-AI/App/app_x-cube-ai.o
                0x240007c4                data_outs
 *fill*         0x240007c8       0x18 
 .bss.pool0     0x240007e0       0x80 ./X-CUBE-AI/App/app_x-cube-ai.o
 .bss.network   0x24000860        0x4 ./X-CUBE-AI/App/app_x-cube-ai.o
 .bss.ai_input  0x24000864        0x4 ./X-CUBE-AI/App/app_x-cube-ai.o
 .bss.ai_output
                0x24000868        0x4 ./X-CUBE-AI/App/app_x-cube-ai.o
 .bss.g_network_activations_map
                0x2400086c        0x4 ./X-CUBE-AI/App/network.o
 .bss.g_network_weights_map
                0x24000870        0x4 ./X-CUBE-AI/App/network.o
 .bss.__compound_literal.27
                0x24000874        0x4 ./X-CUBE-AI/App/network.o
 .bss.__compound_literal.31
                0x24000878        0x4 ./X-CUBE-AI/App/network.o
 .bss.__compound_literal.32
                0x2400087c        0x4 ./X-CUBE-AI/App/network.o
 .bss.__compound_literal.37
                0x24000880        0x4 ./X-CUBE-AI/App/network.o
 .bss.__compound_literal.41
                0x24000884        0x4 ./X-CUBE-AI/App/network.o
 .bss.__compound_literal.42
                0x24000888        0x4 ./X-CUBE-AI/App/network.o
 .bss.__compound_literal.47
                0x2400088c        0x4 ./X-CUBE-AI/App/network.o
 .bss.__compound_literal.54
                0x24000890       0x1c ./X-CUBE-AI/App/network.o
 .bss.__compound_literal.55
                0x240008ac       0x10 ./X-CUBE-AI/App/network.o
 .bss.__compound_literal.56
                0x240008bc        0x8 ./X-CUBE-AI/App/network.o
 .bss.__compound_literal.59
                0x240008c4       0x1c ./X-CUBE-AI/App/network.o
 .bss.__compound_literal.60
                0x240008e0       0x10 ./X-CUBE-AI/App/network.o
 .bss.__compound_literal.61
                0x240008f0        0x8 ./X-CUBE-AI/App/network.o
 .bss.__malloc_sbrk_start
                0x240008f8        0x4 C:/ST/STM32CubeIDE_1.15.1/STM32CubeIDE/plugins/com.st.stm32cube.ide.mcu.externaltools.gnu-tools-for-stm32.12.3.rel1.win32_1.0.100.202403111256/tools/bin/../lib/gcc/arm-none-eabi/12.3.1/../../../../arm-none-eabi/lib/thumb/v7e-m+dp/hard\libc_nano.a(libc_a-mallocr.o)
                0x240008f8                __malloc_sbrk_start
 .bss.__malloc_free_list
                0x240008fc        0x4 C:/ST/STM32CubeIDE_1.15.1/STM32CubeIDE/plugins/com.st.stm32cube.ide.mcu.externaltools.gnu-tools-for-stm32.12.3.rel1.win32_1.0.100.202403111256/tools/bin/../lib/gcc/arm-none-eabi/12.3.1/../../../../arm-none-eabi/lib/thumb/v7e-m+dp/hard\libc_nano.a(libc_a-mallocr.o)
                0x240008fc                __malloc_free_list
 .bss.__sf      0x24000900      0x138 C:/ST/STM32CubeIDE_1.15.1/STM32CubeIDE/plugins/com.st.stm32cube.ide.mcu.externaltools.gnu-tools-for-stm32.12.3.rel1.win32_1.0.100.202403111256/tools/bin/../lib/gcc/arm-none-eabi/12.3.1/../../../../arm-none-eabi/lib/thumb/v7e-m+dp/hard\libc_nano.a(libc_a-findfp.o)
                0x24000900                __sf
 .bss.__stdio_exit_handler
                0x24000a38        0x4 C:/ST/STM32CubeIDE_1.15.1/STM32CubeIDE/plugins/com.st.stm32cube.ide.mcu.externaltools.gnu-tools-for-stm32.12.3.rel1.win32_1.0.100.202403111256/tools/bin/../lib/gcc/arm-none-eabi/12.3.1/../../../../arm-none-eabi/lib/thumb/v7e-m+dp/hard\libc_nano.a(libc_a-findfp.o)
                0x24000a38                __stdio_exit_handler
 .bss.errno     0x24000a3c        0x4 C:/ST/STM32CubeIDE_1.15.1/STM32CubeIDE/plugins/com.st.stm32cube.ide.mcu.externaltools.gnu-tools-for-stm32.12.3.rel1.win32_1.0.100.202403111256/tools/bin/../lib/gcc/arm-none-eabi/12.3.1/../../../../arm-none-eabi/lib/thumb/v7e-m+dp/hard\libc_nano.a(libc_a-reent.o)
                0x24000a3c                errno
 .bss.__lock___malloc_recursive_mutex
                0x24000a40        0x1 C:/ST/STM32CubeIDE_1.15.1/STM32CubeIDE/plugins/com.st.stm32cube.ide.mcu.externaltools.gnu-tools-for-stm32.12.3.rel1.win32_1.0.100.202403111256/tools/bin/../lib/gcc/arm-none-eabi/12.3.1/../../../../arm-none-eabi/lib/thumb/v7e-m+dp/hard\libc_nano.a(libc_a-lock.o)
                0x24000a40                __lock___malloc_recursive_mutex
 .bss.__lock___sfp_recursive_mutex
                0x24000a41        0x1 C:/ST/STM32CubeIDE_1.15.1/STM32CubeIDE/plugins/com.st.stm32cube.ide.mcu.externaltools.gnu-tools-for-stm32.12.3.rel1.win32_1.0.100.202403111256/tools/bin/../lib/gcc/arm-none-eabi/12.3.1/../../../../arm-none-eabi/lib/thumb/v7e-m+dp/hard\libc_nano.a(libc_a-lock.o)
                0x24000a41                __lock___sfp_recursive_mutex
 *(COMMON)
                0x24000a44                        . = ALIGN (0x4)
 *fill*         0x24000a42        0x2 
                0x24000a44                        _ebss = .
                0x24000a44                        __bss_end__ = _ebss

._user_heap_stack
                0x20000000     0x1000
                0x20000000                        . = ALIGN (0x8)
                [!provide]                        PROVIDE (end = .)
                0x20000000                        PROVIDE (_end = .)
                0x20000800                        . = (. + _Min_Heap_Size)
 *fill*         0x20000000      0x800 
                0x20001000                        . = (. + _Min_Stack_Size)
 *fill*         0x20000800      0x800 
                0x20001000                        . = ALIGN (0x8)

/DISCARD/
 libc.a(*)
 libm.a(*)
 libgcc.a(*)

.ARM.attributes
                0x00000000       0x2e
 *(.ARM.attributes)
 .ARM.attributes
                0x00000000       0x20 C:/ST/STM32CubeIDE_1.15.1/STM32CubeIDE/plugins/com.st.stm32cube.ide.mcu.externaltools.gnu-tools-for-stm32.12.3.rel1.win32_1.0.100.202403111256/tools/bin/../lib/gcc/arm-none-eabi/12.3.1/thumb/v7e-m+dp/hard/crti.o
 .ARM.attributes
                0x00000020       0x32 C:/ST/STM32CubeIDE_1.15.1/STM32CubeIDE/plugins/com.st.stm32cube.ide.mcu.externaltools.gnu-tools-for-stm32.12.3.rel1.win32_1.0.100.202403111256/tools/bin/../lib/gcc/arm-none-eabi/12.3.1/thumb/v7e-m+dp/hard/crtbegin.o
 .ARM.attributes
                0x00000052       0x32 ./Core/Src/gpio.o
 .ARM.attributes
                0x00000084       0x32 ./Core/Src/main.o
 .ARM.attributes
                0x000000b6       0x32 ./Core/Src/stm32h7xx_hal_msp.o
 .ARM.attributes
                0x000000e8       0x32 ./Core/Src/stm32h7xx_it.o
 .ARM.attributes
                0x0000011a       0x32 ./Core/Src/sysmem.o
 .ARM.attributes
                0x0000014c       0x32 ./Core/Src/system_stm32h7xx.o
 .ARM.attributes
                0x0000017e       0x32 ./Core/Src/usart.o
 .ARM.attributes
                0x000001b0       0x21 ./Core/Startup/startup_stm32h743zitx.o
 .ARM.attributes
                0x000001d1       0x32 ./Drivers/STM32H7xx_HAL_Driver/Src/stm32h7xx_hal.o
 .ARM.attributes
                0x00000203       0x32 ./Drivers/STM32H7xx_HAL_Driver/Src/stm32h7xx_hal_cortex.o
 .ARM.attributes
                0x00000235       0x32 ./Drivers/STM32H7xx_HAL_Driver/Src/stm32h7xx_hal_gpio.o
 .ARM.attributes
                0x00000267       0x32 ./Drivers/STM32H7xx_HAL_Driver/Src/stm32h7xx_hal_pwr_ex.o
 .ARM.attributes
                0x00000299       0x32 ./Drivers/STM32H7xx_HAL_Driver/Src/stm32h7xx_hal_rcc.o
 .ARM.attributes
                0x000002cb       0x32 ./Drivers/STM32H7xx_HAL_Driver/Src/stm32h7xx_hal_rcc_ex.o
 .ARM.attributes
                0x000002fd       0x32 ./Drivers/STM32H7xx_HAL_Driver/Src/stm32h7xx_hal_uart.o
 .ARM.attributes
                0x0000032f       0x32 ./Drivers/STM32H7xx_HAL_Driver/Src/stm32h7xx_hal_uart_ex.o
 .ARM.attributes
                0x00000361       0x32 ./X-CUBE-AI/App/app_x-cube-ai.o
 .ARM.attributes
                0x00000393       0x32 ./X-CUBE-AI/App/network.o
 .ARM.attributes
                0x000003c5       0x32 ./X-CUBE-AI/App/network_data.o
 .ARM.attributes
                0x000003f7       0x32 ./X-CUBE-AI/App/network_data_params.o
 .ARM.attributes
                0x00000429       0x2e ../Middlewares/ST/AI/Lib\NetworkRuntime900_CM7_GCC.a(ai_platform.o)
 .ARM.attributes
                0x00000457       0x2e ../Middlewares/ST/AI/Lib\NetworkRuntime900_CM7_GCC.a(ai_platform_interface.o)
 .ARM.attributes
                0x00000485       0x2e ../Middlewares/ST/AI/Lib\NetworkRuntime900_CM7_GCC.a(core_common.o)
 .ARM.attributes
                0x000004b3       0x2e ../Middlewares/ST/AI/Lib\NetworkRuntime900_CM7_GCC.a(layers.o)
 .ARM.attributes
                0x000004e1       0x2e ../Middlewares/ST/AI/Lib\NetworkRuntime900_CM7_GCC.a(layers_conv2d_generic_float.o)
 .ARM.attributes
                0x0000050f       0x2e ../Middlewares/ST/AI/Lib\NetworkRuntime900_CM7_GCC.a(layers_nl_generic_float.o)
 .ARM.attributes
                0x0000053d       0x2e ../Middlewares/ST/AI/Lib\NetworkRuntime900_CM7_GCC.a(lite_nl_relu_if32of32.o)
 .ARM.attributes
                0x0000056b       0x2e ../Middlewares/ST/AI/Lib\NetworkRuntime900_CM7_GCC.a(lite_dense_if32.o)
 .ARM.attributes
                0x00000599       0x2e ../Middlewares/ST/AI/Lib\NetworkRuntime900_CM7_GCC.a(st_int8_fill.o)
 .ARM.attributes
                0x000005c7       0x2e ../Middlewares/ST/AI/Lib\NetworkRuntime900_CM7_GCC.a(ai_datatypes_format.o)
 .ARM.attributes
                0x000005f5       0x2e ../Middlewares/ST/AI/Lib\NetworkRuntime900_CM7_GCC.a(ai_datatypes_internal.o)
 .ARM.attributes
                0x00000623       0x32 C:/ST/STM32CubeIDE_1.15.1/STM32CubeIDE/plugins/com.st.stm32cube.ide.mcu.externaltools.gnu-tools-for-stm32.12.3.rel1.win32_1.0.100.202403111256/tools/bin/../lib/gcc/arm-none-eabi/12.3.1/../../../../arm-none-eabi/lib/thumb/v7e-m+dp/hard\libc_nano.a(libc_a-mallocr.o)
 .ARM.attributes
                0x00000655       0x32 C:/ST/STM32CubeIDE_1.15.1/STM32CubeIDE/plugins/com.st.stm32cube.ide.mcu.externaltools.gnu-tools-for-stm32.12.3.rel1.win32_1.0.100.202403111256/tools/bin/../lib/gcc/arm-none-eabi/12.3.1/../../../../arm-none-eabi/lib/thumb/v7e-m+dp/hard\libc_nano.a(libc_a-mlock.o)
 .ARM.attributes
                0x00000687       0x32 C:/ST/STM32CubeIDE_1.15.1/STM32CubeIDE/plugins/com.st.stm32cube.ide.mcu.externaltools.gnu-tools-for-stm32.12.3.rel1.win32_1.0.100.202403111256/tools/bin/../lib/gcc/arm-none-eabi/12.3.1/../../../../arm-none-eabi/lib/thumb/v7e-m+dp/hard\libc_nano.a(libc_a-reallocr.o)
 .ARM.attributes
                0x000006b9       0x32 C:/ST/STM32CubeIDE_1.15.1/STM32CubeIDE/plugins/com.st.stm32cube.ide.mcu.externaltools.gnu-tools-for-stm32.12.3.rel1.win32_1.0.100.202403111256/tools/bin/../lib/gcc/arm-none-eabi/12.3.1/../../../../arm-none-eabi/lib/thumb/v7e-m+dp/hard\libc_nano.a(libc_a-findfp.o)
 .ARM.attributes
                0x000006eb       0x32 C:/ST/STM32CubeIDE_1.15.1/STM32CubeIDE/plugins/com.st.stm32cube.ide.mcu.externaltools.gnu-tools-for-stm32.12.3.rel1.win32_1.0.100.202403111256/tools/bin/../lib/gcc/arm-none-eabi/12.3.1/../../../../arm-none-eabi/lib/thumb/v7e-m+dp/hard\libc_nano.a(libc_a-fwalk.o)
 .ARM.attributes
                0x0000071d       0x32 C:/ST/STM32CubeIDE_1.15.1/STM32CubeIDE/plugins/com.st.stm32cube.ide.mcu.externaltools.gnu-tools-for-stm32.12.3.rel1.win32_1.0.100.202403111256/tools/bin/../lib/gcc/arm-none-eabi/12.3.1/../../../../arm-none-eabi/lib/thumb/v7e-m+dp/hard\libc_nano.a(libc_a-printf.o)
 .ARM.attributes
                0x0000074f       0x32 C:/ST/STM32CubeIDE_1.15.1/STM32CubeIDE/plugins/com.st.stm32cube.ide.mcu.externaltools.gnu-tools-for-stm32.12.3.rel1.win32_1.0.100.202403111256/tools/bin/../lib/gcc/arm-none-eabi/12.3.1/../../../../arm-none-eabi/lib/thumb/v7e-m+dp/hard\libc_nano.a(libc_a-puts.o)
 .ARM.attributes
                0x00000781       0x32 C:/ST/STM32CubeIDE_1.15.1/STM32CubeIDE/plugins/com.st.stm32cube.ide.mcu.externaltools.gnu-tools-for-stm32.12.3.rel1.win32_1.0.100.202403111256/tools/bin/../lib/gcc/arm-none-eabi/12.3.1/../../../../arm-none-eabi/lib/thumb/v7e-m+dp/hard\libc_nano.a(libc_a-sprintf.o)
 .ARM.attributes
                0x000007b3       0x32 C:/ST/STM32CubeIDE_1.15.1/STM32CubeIDE/plugins/com.st.stm32cube.ide.mcu.externaltools.gnu-tools-for-stm32.12.3.rel1.win32_1.0.100.202403111256/tools/bin/../lib/gcc/arm-none-eabi/12.3.1/../../../../arm-none-eabi/lib/thumb/v7e-m+dp/hard\libc_nano.a(libc_a-stdio.o)
 .ARM.attributes
                0x000007e5       0x32 C:/ST/STM32CubeIDE_1.15.1/STM32CubeIDE/plugins/com.st.stm32cube.ide.mcu.externaltools.gnu-tools-for-stm32.12.3.rel1.win32_1.0.100.202403111256/tools/bin/../lib/gcc/arm-none-eabi/12.3.1/../../../../arm-none-eabi/lib/thumb/v7e-m+dp/hard\libc_nano.a(libc_a-wbuf.o)
 .ARM.attributes
                0x00000817       0x32 C:/ST/STM32CubeIDE_1.15.1/STM32CubeIDE/plugins/com.st.stm32cube.ide.mcu.externaltools.gnu-tools-for-stm32.12.3.rel1.win32_1.0.100.202403111256/tools/bin/../lib/gcc/arm-none-eabi/12.3.1/../../../../arm-none-eabi/lib/thumb/v7e-m+dp/hard\libc_nano.a(libc_a-wsetup.o)
 .ARM.attributes
                0x00000849       0x32 C:/ST/STM32CubeIDE_1.15.1/STM32CubeIDE/plugins/com.st.stm32cube.ide.mcu.externaltools.gnu-tools-for-stm32.12.3.rel1.win32_1.0.100.202403111256/tools/bin/../lib/gcc/arm-none-eabi/12.3.1/../../../../arm-none-eabi/lib/thumb/v7e-m+dp/hard\libc_nano.a(libc_a-memset.o)
 .ARM.attributes
                0x0000087b       0x32 C:/ST/STM32CubeIDE_1.15.1/STM32CubeIDE/plugins/com.st.stm32cube.ide.mcu.externaltools.gnu-tools-for-stm32.12.3.rel1.win32_1.0.100.202403111256/tools/bin/../lib/gcc/arm-none-eabi/12.3.1/../../../../arm-none-eabi/lib/thumb/v7e-m+dp/hard\libc_nano.a(libc_a-closer.o)
 .ARM.attributes
                0x000008ad       0x32 C:/ST/STM32CubeIDE_1.15.1/STM32CubeIDE/plugins/com.st.stm32cube.ide.mcu.externaltools.gnu-tools-for-stm32.12.3.rel1.win32_1.0.100.202403111256/tools/bin/../lib/gcc/arm-none-eabi/12.3.1/../../../../arm-none-eabi/lib/thumb/v7e-m+dp/hard\libc_nano.a(libc_a-reent.o)
 .ARM.attributes
                0x000008df       0x32 C:/ST/STM32CubeIDE_1.15.1/STM32CubeIDE/plugins/com.st.stm32cube.ide.mcu.externaltools.gnu-tools-for-stm32.12.3.rel1.win32_1.0.100.202403111256/tools/bin/../lib/gcc/arm-none-eabi/12.3.1/../../../../arm-none-eabi/lib/thumb/v7e-m+dp/hard\libc_nano.a(libc_a-impure.o)
 .ARM.attributes
                0x00000911       0x32 C:/ST/STM32CubeIDE_1.15.1/STM32CubeIDE/plugins/com.st.stm32cube.ide.mcu.externaltools.gnu-tools-for-stm32.12.3.rel1.win32_1.0.100.202403111256/tools/bin/../lib/gcc/arm-none-eabi/12.3.1/../../../../arm-none-eabi/lib/thumb/v7e-m+dp/hard\libc_nano.a(libc_a-lseekr.o)
 .ARM.attributes
                0x00000943       0x32 C:/ST/STM32CubeIDE_1.15.1/STM32CubeIDE/plugins/com.st.stm32cube.ide.mcu.externaltools.gnu-tools-for-stm32.12.3.rel1.win32_1.0.100.202403111256/tools/bin/../lib/gcc/arm-none-eabi/12.3.1/../../../../arm-none-eabi/lib/thumb/v7e-m+dp/hard\libc_nano.a(libc_a-readr.o)
 .ARM.attributes
                0x00000975       0x32 C:/ST/STM32CubeIDE_1.15.1/STM32CubeIDE/plugins/com.st.stm32cube.ide.mcu.externaltools.gnu-tools-for-stm32.12.3.rel1.win32_1.0.100.202403111256/tools/bin/../lib/gcc/arm-none-eabi/12.3.1/../../../../arm-none-eabi/lib/thumb/v7e-m+dp/hard\libc_nano.a(libc_a-sbrkr.o)
 .ARM.attributes
                0x000009a7       0x32 C:/ST/STM32CubeIDE_1.15.1/STM32CubeIDE/plugins/com.st.stm32cube.ide.mcu.externaltools.gnu-tools-for-stm32.12.3.rel1.win32_1.0.100.202403111256/tools/bin/../lib/gcc/arm-none-eabi/12.3.1/../../../../arm-none-eabi/lib/thumb/v7e-m+dp/hard\libc_nano.a(libc_a-writer.o)
 .ARM.attributes
                0x000009d9       0x32 C:/ST/STM32CubeIDE_1.15.1/STM32CubeIDE/plugins/com.st.stm32cube.ide.mcu.externaltools.gnu-tools-for-stm32.12.3.rel1.win32_1.0.100.202403111256/tools/bin/../lib/gcc/arm-none-eabi/12.3.1/../../../../arm-none-eabi/lib/thumb/v7e-m+dp/hard\libc_nano.a(libc_a-errno.o)
 .ARM.attributes
                0x00000a0b       0x32 C:/ST/STM32CubeIDE_1.15.1/STM32CubeIDE/plugins/com.st.stm32cube.ide.mcu.externaltools.gnu-tools-for-stm32.12.3.rel1.win32_1.0.100.202403111256/tools/bin/../lib/gcc/arm-none-eabi/12.3.1/../../../../arm-none-eabi/lib/thumb/v7e-m+dp/hard\libc_nano.a(libc_a-init.o)
 .ARM.attributes
                0x00000a3d       0x32 C:/ST/STM32CubeIDE_1.15.1/STM32CubeIDE/plugins/com.st.stm32cube.ide.mcu.externaltools.gnu-tools-for-stm32.12.3.rel1.win32_1.0.100.202403111256/tools/bin/../lib/gcc/arm-none-eabi/12.3.1/../../../../arm-none-eabi/lib/thumb/v7e-m+dp/hard\libc_nano.a(libc_a-lock.o)
 .ARM.attributes
                0x00000a6f       0x32 C:/ST/STM32CubeIDE_1.15.1/STM32CubeIDE/plugins/com.st.stm32cube.ide.mcu.externaltools.gnu-tools-for-stm32.12.3.rel1.win32_1.0.100.202403111256/tools/bin/../lib/gcc/arm-none-eabi/12.3.1/../../../../arm-none-eabi/lib/thumb/v7e-m+dp/hard\libc_nano.a(libc_a-memcpy-stub.o)
 .ARM.attributes
                0x00000aa1       0x32 C:/ST/STM32CubeIDE_1.15.1/STM32CubeIDE/plugins/com.st.stm32cube.ide.mcu.externaltools.gnu-tools-for-stm32.12.3.rel1.win32_1.0.100.202403111256/tools/bin/../lib/gcc/arm-none-eabi/12.3.1/../../../../arm-none-eabi/lib/thumb/v7e-m+dp/hard\libc_nano.a(libc_a-freer.o)
 .ARM.attributes
                0x00000ad3       0x32 C:/ST/STM32CubeIDE_1.15.1/STM32CubeIDE/plugins/com.st.stm32cube.ide.mcu.externaltools.gnu-tools-for-stm32.12.3.rel1.win32_1.0.100.202403111256/tools/bin/../lib/gcc/arm-none-eabi/12.3.1/../../../../arm-none-eabi/lib/thumb/v7e-m+dp/hard\libc_nano.a(libc_a-msizer.o)
 .ARM.attributes
                0x00000b05       0x32 C:/ST/STM32CubeIDE_1.15.1/STM32CubeIDE/plugins/com.st.stm32cube.ide.mcu.externaltools.gnu-tools-for-stm32.12.3.rel1.win32_1.0.100.202403111256/tools/bin/../lib/gcc/arm-none-eabi/12.3.1/../../../../arm-none-eabi/lib/thumb/v7e-m+dp/hard\libc_nano.a(libc_a-nano-svfprintf.o)
 .ARM.attributes
                0x00000b37       0x32 C:/ST/STM32CubeIDE_1.15.1/STM32CubeIDE/plugins/com.st.stm32cube.ide.mcu.externaltools.gnu-tools-for-stm32.12.3.rel1.win32_1.0.100.202403111256/tools/bin/../lib/gcc/arm-none-eabi/12.3.1/../../../../arm-none-eabi/lib/thumb/v7e-m+dp/hard\libc_nano.a(libc_a-nano-vfprintf.o)
 .ARM.attributes
                0x00000b69       0x32 C:/ST/STM32CubeIDE_1.15.1/STM32CubeIDE/plugins/com.st.stm32cube.ide.mcu.externaltools.gnu-tools-for-stm32.12.3.rel1.win32_1.0.100.202403111256/tools/bin/../lib/gcc/arm-none-eabi/12.3.1/../../../../arm-none-eabi/lib/thumb/v7e-m+dp/hard\libc_nano.a(libc_a-nano-vfprintf_i.o)
 .ARM.attributes
                0x00000b9b       0x32 C:/ST/STM32CubeIDE_1.15.1/STM32CubeIDE/plugins/com.st.stm32cube.ide.mcu.externaltools.gnu-tools-for-stm32.12.3.rel1.win32_1.0.100.202403111256/tools/bin/../lib/gcc/arm-none-eabi/12.3.1/../../../../arm-none-eabi/lib/thumb/v7e-m+dp/hard\libc_nano.a(libc_a-fflush.o)
 .ARM.attributes
                0x00000bcd       0x32 C:/ST/STM32CubeIDE_1.15.1/STM32CubeIDE/plugins/com.st.stm32cube.ide.mcu.externaltools.gnu-tools-for-stm32.12.3.rel1.win32_1.0.100.202403111256/tools/bin/../lib/gcc/arm-none-eabi/12.3.1/../../../../arm-none-eabi/lib/thumb/v7e-m+dp/hard\libc_nano.a(libc_a-makebuf.o)
 .ARM.attributes