Archive member included to satisfy reference by file (symbol)

../Middlewares/ST/AI/Lib\NetworkRuntime900_CM7_GCC.a(ai_platform.o)
                              ./X-CUBE-AI/App/sine_model.o (ai_buffer_array_item_set_address)
../Middlewares/ST/AI/Lib\NetworkRuntime900_CM7_GCC.a(ai_platform_interface.o)
                              ./X-CUBE-AI/App/sine_model.o (ai_platform_get_weights_map)
../Middlewares/ST/AI/Lib\NetworkRuntime900_CM7_GCC.a(core_common.o)
                              ../Middlewares/ST/AI/Lib\NetworkRuntime900_CM7_GCC.a(ai_platform_interface.o) (core_init)
../Middlewares/ST/AI/Lib\NetworkRuntime900_CM7_GCC.a(core_mem_manager.o)
                              ../Middlewares/ST/AI/Lib\NetworkRuntime900_CM7_GCC.a(ai_platform_interface.o) (core_mem_alloc)
../Middlewares/ST/AI/Lib\NetworkRuntime900_CM7_GCC.a(layers.o)
                              ../Middlewares/ST/AI/Lib\NetworkRuntime900_CM7_GCC.a(ai_platform_interface.o) (ai_check_custom_types)
../Middlewares/ST/AI/Lib\NetworkRuntime900_CM7_GCC.a(layers_conv2d_generic_float.o)
                              ./X-CUBE-AI/App/sine_model.o (forward_dense)
../Middlewares/ST/AI/Lib\NetworkRuntime900_CM7_GCC.a(layers_nl_generic_float.o)
                              ./X-CUBE-AI/App/sine_model.o (forward_relu)
../Middlewares/ST/AI/Lib\NetworkRuntime900_CM7_GCC.a(layers_conv2d_integer_scratch.o)
                              ../Middlewares/ST/AI/Lib\NetworkRuntime900_CM7_GCC.a(layers.o) (get_conv2d_scratch_size)
../Middlewares/ST/AI/Lib\NetworkRuntime900_CM7_GCC.a(forward_lite_conv2d_if32of32wf32.o)
                              ../Middlewares/ST/AI/Lib\NetworkRuntime900_CM7_GCC.a(layers_conv2d_generic_float.o) (forward_lite_conv2d_if32of32wf32)
../Middlewares/ST/AI/Lib\NetworkRuntime900_CM7_GCC.a(lite_nl_softmax_if32of32.o)
                              ../Middlewares/ST/AI/Lib\NetworkRuntime900_CM7_GCC.a(layers_nl_generic_float.o) (forward_lite_nl_softmax_if32of32_kernel)
../Middlewares/ST/AI/Lib\NetworkRuntime900_CM7_GCC.a(lite_nl_relu_if32of32.o)
                              ../Middlewares/ST/AI/Lib\NetworkRuntime900_CM7_GCC.a(layers_nl_generic_float.o) (forward_lite_nl_prelu_if32of32_kernel)
../Middlewares/ST/AI/Lib\NetworkRuntime900_CM7_GCC.a(lite_dense_if32.o)
                              ../Middlewares/ST/AI/Lib\NetworkRuntime900_CM7_GCC.a(layers_conv2d_generic_float.o) (forward_lite_dense_if32of32wf32)
../Middlewares/ST/AI/Lib\NetworkRuntime900_CM7_GCC.a(st_int8_fill.o)
                              ../Middlewares/ST/AI/Lib\NetworkRuntime900_CM7_GCC.a(layers_nl_generic_float.o) (st_int8_fill)
../Middlewares/ST/AI/Lib\NetworkRuntime900_CM7_GCC.a(ai_math_helpers.o)
                              ../Middlewares/ST/AI/Lib\NetworkRuntime900_CM7_GCC.a(layers_nl_generic_float.o) (ai_math_sqrt)
../Middlewares/ST/AI/Lib\NetworkRuntime900_CM7_GCC.a(ai_datatypes_format.o)
                              ../Middlewares/ST/AI/Lib\NetworkRuntime900_CM7_GCC.a(ai_platform_interface.o) (ai_array_to_buffer_fmt)
../Middlewares/ST/AI/Lib\NetworkRuntime900_CM7_GCC.a(ai_datatypes_internal.o)
                              ../Middlewares/ST/AI/Lib\NetworkRuntime900_CM7_GCC.a(ai_platform_interface.o) (ai_version_get)
../Middlewares/ST/AI/Lib\NetworkRuntime900_CM7_GCC.a(ai_math_elementwise_mul_int8.o)
                              ../Middlewares/ST/AI/Lib\NetworkRuntime900_CM7_GCC.a(ai_math_helpers.o) (ai_math_elementwise_mul_int8)
../Middlewares/ST/AI/Lib\NetworkRuntime900_CM7_GCC.a(ai_math_elementwise_sum_int8.o)
                              ../Middlewares/ST/AI/Lib\NetworkRuntime900_CM7_GCC.a(ai_math_helpers.o) (ai_math_elementwise_sum_int8)
../Middlewares/ST/AI/Lib\NetworkRuntime900_CM7_GCC.a(st_align_factor.o)
                              ../Middlewares/ST/AI/Lib\NetworkRuntime900_CM7_GCC.a(ai_math_helpers.o) (align_factor)
C:/ST/STM32CubeIDE_1.15.1/STM32CubeIDE/plugins/com.st.stm32cube.ide.mcu.externaltools.gnu-tools-for-stm32.12.3.rel1.win32_1.0.100.202403111256/tools/bin/../lib/gcc/arm-none-eabi/12.3.1/../../../../arm-none-eabi/lib/thumb/v7e-m+dp/hard\libc_nano.a(libc_a-exit.o)
                              C:/ST/STM32CubeIDE_1.15.1/STM32CubeIDE/plugins/com.st.stm32cube.ide.mcu.externaltools.gnu-tools-for-stm32.12.3.rel1.win32_1.0.100.202403111256/tools/bin/../lib/gcc/arm-none-eabi/12.3.1/../../../../arm-none-eabi/lib/thumb/v7e-m+dp/hard/crt0.o (exit)
C:/ST/STM32CubeIDE_1.15.1/STM32CubeIDE/plugins/com.st.stm32cube.ide.mcu.externaltools.gnu-tools-for-stm32.12.3.rel1.win32_1.0.100.202403111256/tools/bin/../lib/gcc/arm-none-eabi/12.3.1/../../../../arm-none-eabi/lib/thumb/v7e-m+dp/hard\libc_nano.a(libc_a-malloc.o)
                              ../Middlewares/ST/AI/Lib\NetworkRuntime900_CM7_GCC.a(core_mem_manager.o) (malloc)
[...]
Memory Configuration

Name             Origin             Length             Attributes
FLASH            0x08000000         0x00200000         xr
DTCMRAM          0x20000000         0x00020000         xrw
RAM_D1           0x24000000         0x00080000         xrw
RAM_D2           0x30000000         0x00048000         xrw
RAM_D3           0x38000000         0x00010000         xrw
ITCMRAM          0x00000000         0x00010000         xrw
*default*        0x00000000         0xffffffff

Linker script and memory map

LOAD C:/ST/STM32CubeIDE_1.15.1/STM32CubeIDE/plugins/com.st.stm32cube.ide.mcu.externaltools.gnu-tools-for-stm32.12.3.rel1.win32_1.0.100.202403111256/tools/bin/../lib/gcc/arm-none-eabi/12.3.1/thumb/v7e-m+dp/hard/crti.o
LOAD C:/ST/STM32CubeIDE_1.15.1/STM32CubeIDE/plugins/com.st.stm32cube.ide.mcu.externaltools.gnu-tools-for-stm32.12.3.rel1.win32_1.0.100.202403111256/tools/bin/../lib/gcc/arm-none-eabi/12.3.1/thumb/v7e-m+dp/hard/crtbegin.o
LOAD C:/ST/STM32CubeIDE_1.15.1/STM32CubeIDE/plugins/com.st.stm32cube.ide.mcu.externaltools.gnu-tools-for-stm32.12.3.rel1.win32_1.0.100.202403111256/tools/bin/../lib/gcc/arm-none-eabi/12.3.1/../../../../arm-none-eabi/lib/thumb/v7e-m+dp/hard/crt0.o
LOAD ./Core/Src/gpio.o
LOAD ./Core/Src/main.o
LOAD ./Core/Src/stm32h7xx_hal_msp.o
LOAD ./Core/Src/stm32h7xx_it.o
LOAD ./Core/Src/sysmem.o
LOAD ./Core/Src/system_stm32h7xx.o
LOAD ./Core/Src/tim.o
LOAD ./Core/Src/usart.o
LOAD ./Core/Startup/startup_stm32h743zitx.o
LOAD ./Drivers/STM32H7xx_HAL_Driver/Src/stm32h7xx_hal.o
LOAD ./Drivers/STM32H7xx_HAL_Driver/Src/stm32h7xx_hal_cortex.o
LOAD ./Drivers/STM32H7xx_HAL_Driver/Src/stm32h7xx_hal_dma.o
LOAD ./Drivers/STM32H7xx_HAL_Driver/Src/stm32h7xx_hal_dma_ex.o
LOAD ./Drivers/STM32H7xx_HAL_Driver/Src/stm32h7xx_hal_exti.o
LOAD ./Drivers/STM32H7xx_HAL_Driver/Src/stm32h7xx_hal_flash.o
LOAD ./Drivers/STM32H7xx_HAL_Driver/Src/stm32h7xx_hal_flash_ex.o
LOAD ./Drivers/STM32H7xx_HAL_Driver/Src/stm32h7xx_hal_gpio.o
LOAD ./Drivers/STM32H7xx_HAL_Driver/Src/stm32h7xx_hal_hsem.o
LOAD ./Drivers/STM32H7xx_HAL_Driver/Src/stm32h7xx_hal_i2c.o
LOAD ./Drivers/STM32H7xx_HAL_Driver/Src/stm32h7xx_hal_i2c_ex.o
LOAD ./Drivers/STM32H7xx_HAL_Driver/Src/stm32h7xx_hal_mdma.o
LOAD ./Drivers/STM32H7xx_HAL_Driver/Src/stm32h7xx_hal_pwr.o
LOAD ./Drivers/STM32H7xx_HAL_Driver/Src/stm32h7xx_hal_pwr_ex.o
LOAD ./Drivers/STM32H7xx_HAL_Driver/Src/stm32h7xx_hal_rcc.o
LOAD ./Drivers/STM32H7xx_HAL_Driver/Src/stm32h7xx_hal_rcc_ex.o
LOAD ./Drivers/STM32H7xx_HAL_Driver/Src/stm32h7xx_hal_tim.o
LOAD ./Drivers/STM32H7xx_HAL_Driver/Src/stm32h7xx_hal_tim_ex.o
LOAD ./Drivers/STM32H7xx_HAL_Driver/Src/stm32h7xx_hal_uart.o
LOAD ./Drivers/STM32H7xx_HAL_Driver/Src/stm32h7xx_hal_uart_ex.o
LOAD ./X-CUBE-AI/App/app_x-cube-ai.o
LOAD ./X-CUBE-AI/App/sine_model.o
LOAD ./X-CUBE-AI/App/sine_model_data.o
LOAD ./X-CUBE-AI/App/sine_model_data_params.o
LOAD ../Middlewares/ST/AI/Lib\NetworkRuntime900_CM7_GCC.a
START GROUP
LOAD C:/ST/STM32CubeIDE_1.15.1/STM32CubeIDE/plugins/com.st.stm32cube.ide.mcu.externaltools.gnu-tools-for-stm32.12.3.rel1.win32_1.0.100.202403111256/tools/bin/../lib/gcc/arm-none-eabi/12.3.1/../../../../arm-none-eabi/lib/thumb/v7e-m+dp/hard\libc_nano.a
LOAD C:/ST/STM32CubeIDE_1.15.1/STM32CubeIDE/plugins/com.st.stm32cube.ide.mcu.externaltools.gnu-tools-for-stm32.12.3.rel1.win32_1.0.100.202403111256/tools/bin/../lib/gcc/arm-none-eabi/12.3.1/../../../../arm-none-eabi/lib/thumb/v7e-m+dp/hard\libm.a
END GROUP
START GROUP
LOAD C:/ST/STM32CubeIDE_1.15.1/STM32CubeIDE/plugins/com.st.stm32cube.ide.mcu.externaltools.gnu-tools-for-stm32.12.3.rel1.win32_1.0.100.202403111256/tools/bin/../lib/gcc/arm-none-eabi/12.3.1/thumb/v7e-m+dp/hard\libgcc.a
LOAD C:/ST/STM32CubeIDE_1.15.1/STM32CubeIDE/plugins/com.st.stm32cube.ide.mcu.externaltools.gnu-tools-for-stm32.12.3.rel1.win32_1.0.100.202403111256/tools/bin/../lib/gcc/arm-none-eabi/12.3.1/../../../../arm-none-eabi/lib/thumb/v7e-m+dp/hard\libc_nano.a
END GROUP
START GROUP
LOAD C:/ST/STM32CubeIDE_1.15.1/STM32CubeIDE/plugins/com.st.stm32cube.ide.mcu.externaltools.gnu-tools-for-stm32.12.3.rel1.win32_1.0.100.202403111256/tools/bin/../lib/gcc/arm-none-eabi/12.3.1/thumb/v7e-m+dp/hard\libgcc.a
LOAD C:/ST/STM32CubeIDE_1.15.1/STM32CubeIDE/plugins/com.st.stm32cube.ide.mcu.externaltools.gnu-tools-for-stm32.12.3.rel1.win32_1.0.100.202403111256/tools/bin/../lib/gcc/arm-none-eabi/12.3.1/../../../../arm-none-eabi/lib/thumb/v7e-m+dp/hard\libc_nano.a
LOAD C:/ST/STM32CubeIDE_1.15.1/STM32CubeIDE/plugins/com.st.stm32cube.ide.mcu.externaltools.gnu-tools-for-stm32.12.3.rel1.win32_1.0.100.202403111256/tools/bin/../lib/gcc/arm-none-eabi/12.3.1/../../../../arm-none-eabi/lib/thumb/v7e-m+dp/hard\libnosys.a
END GROUP
START GROUP
LOAD C:/ST/STM32CubeIDE_1.15.1/STM32CubeIDE/plugins/com.st.stm32cube.ide.mcu.externaltools.gnu-tools-for-stm32.12.3.rel1.win32_1.0.100.202403111256/tools/bin/../lib/gcc/arm-none-eabi/12.3.1/thumb/v7e-m+dp/hard\libgcc.a
LOAD C:/ST/STM32CubeIDE_1.15.1/STM32CubeIDE/plugins/com.st.stm32cube.ide.mcu.externaltools.gnu-tools-for-stm32.12.3.rel1.win32_1.0.100.202403111256/tools/bin/../lib/gcc/arm-none-eabi/12.3.1/../../../../arm-none-eabi/lib/thumb/v7e-m+dp/hard\libc_nano.a
LOAD C:/ST/STM32CubeIDE_1.15.1/STM32CubeIDE/plugins/com.st.stm32cube.ide.mcu.externaltools.gnu-tools-for-stm32.12.3.rel1.win32_1.0.100.202403111256/tools/bin/../lib/gcc/arm-none-eabi/12.3.1/../../../../arm-none-eabi/lib/thumb/v7e-m+dp/hard\libnosys.a
END GROUP
LOAD C:/ST/STM32CubeIDE_1.15.1/STM32CubeIDE/plugins/com.st.stm32cube.ide.mcu.externaltools.gnu-tools-for-stm32.12.3.rel1.win32_1.0.100.202403111256/tools/bin/../lib/gcc/arm-none-eabi/12.3.1/thumb/v7e-m+dp/hard/crtend.o
LOAD C:/ST/STM32CubeIDE_1.15.1/STM32CubeIDE/plugins/com.st.stm32cube.ide.mcu.externaltools.gnu-tools-for-stm32.12.3.rel1.win32_1.0.100.202403111256/tools/bin/../lib/gcc/arm-none-eabi/12.3.1/thumb/v7e-m+dp/hard/crtn.o
                0x24080000                        _estack = (ORIGIN (RAM_D1) + LENGTH (RAM_D1))
                0x00000800                        _Min_Heap_Size = 0x800
                0x00000800                        _Min_Stack_Size = 0x800

.isr_vector     0x08000000      0x298
                0x08000000                        . = ALIGN (0x4)
 *(.isr_vector)
 .isr_vector    0x08000000      0x298 ./Core/Startup/startup_stm32h743zitx.o
                0x08000000                g_pfnVectors
                0x08000298                        . = ALIGN (0x4)

.text           0x080002a0     0xa330
                0x080002a0                        . = ALIGN (0x4)
 *(.text)
 .text          0x080002a0       0x40 C:/ST/STM32CubeIDE_1.15.1/STM32CubeIDE/plugins/com.st.stm32cube.ide.mcu.externaltools.gnu-tools-for-stm32.12.3.rel1.win32_1.0.100.202403111256/tools/bin/../lib/gcc/arm-none-eabi/12.3.1/thumb/v7e-m+dp/hard/crtbegin.o
 .text          0x080002e0       0xa0 C:/ST/STM32CubeIDE_1.15.1/STM32CubeIDE/plugins/com.st.stm32cube.ide.mcu.externaltools.gnu-tools-for-stm32.12.3.rel1.win32_1.0.100.202403111256/tools/bin/../lib/gcc/arm-none-eabi/12.3.1/../../../../arm-none-eabi/lib/thumb/v7e-m+dp/hard\libc_nano.a(libc_a-memchr.o)
                0x080002e0                memchr
 .text          0x08000380       0x10 C:/ST/STM32CubeIDE_1.15.1/STM32CubeIDE/plugins/com.st.stm32cube.ide.mcu.externaltools.gnu-tools-for-stm32.12.3.rel1.win32_1.0.100.202403111256/tools/bin/../lib/gcc/arm-none-eabi/12.3.1/../../../../arm-none-eabi/lib/thumb/v7e-m+dp/hard\libc_nano.a(libc_a-strlen.o)
                0x08000380                strlen
 .text          0x08000390       0x30 C:/ST/STM32CubeIDE_1.15.1/STM32CubeIDE/plugins/com.st.stm32cube.ide.mcu.externaltools.gnu-tools-for-stm32.12.3.rel1.win32_1.0.100.202403111256/tools/bin/../lib/gcc/arm-none-eabi/12.3.1/thumb/v7e-m+dp/hard\libgcc.a(_aeabi_uldivmod.o)
                0x08000390                __aeabi_uldivmod
 .text          0x080003c0      0x2bc C:/ST/STM32CubeIDE_1.15.1/STM32CubeIDE/plugins/com.st.stm32cube.ide.mcu.externaltools.gnu-tools-for-stm32.12.3.rel1.win32_1.0.100.202403111256/tools/bin/../lib/gcc/arm-none-eabi/12.3.1/thumb/v7e-m+dp/hard\libgcc.a(_udivmoddi4.o)
                0x080003c0                __udivmoddi4
 .text          0x0800067c        0x4 C:/ST/STM32CubeIDE_1.15.1/STM32CubeIDE/plugins/com.st.stm32cube.ide.mcu.externaltools.gnu-tools-for-stm32.12.3.rel1.win32_1.0.100.202403111256/tools/bin/../lib/gcc/arm-none-eabi/12.3.1/thumb/v7e-m+dp/hard\libgcc.a(_dvmd_tls.o)
                0x0800067c                __aeabi_idiv0
                0x0800067c                __aeabi_ldiv0
 *(.text*)
 .text.MX_GPIO_Init
                0x08000680      0x110 ./Core/Src/gpio.o
                0x08000680                MX_GPIO_Init
 .text.main     0x08000790      0x17c ./Core/Src/main.o
                0x08000790                main
 .text.SystemClock_Config
                0x0800090c      0x15c ./Core/Src/main.o
                0x0800090c                SystemClock_Config
 .text.Error_Handler
                0x08000a68        0xc ./Core/Src/main.o
                0x08000a68                Error_Handler
 .text.HAL_MspInit
                0x08000a74       0x34 ./Core/Src/stm32h7xx_hal_msp.o
                0x08000a74                HAL_MspInit
 .text.NMI_Handler
                0x08000aa8        0x8 ./Core/Src/stm32h7xx_it.o
                0x08000aa8                NMI_Handler
 .text.HardFault_Handler
                0x08000ab0        0x8 ./Core/Src/stm32h7xx_it.o
                0x08000ab0                HardFault_Handler
 .text.MemManage_Handler
                0x08000ab8        0x8 ./Core/Src/stm32h7xx_it.o
                0x08000ab8                MemManage_Handler
 .text.BusFault_Handler
                0x08000ac0        0x8 ./Core/Src/stm32h7xx_it.o
                0x08000ac0                BusFault_Handler
 .text.UsageFault_Handler
                0x08000ac8        0x8 ./Core/Src/stm32h7xx_it.o
                0x08000ac8                UsageFault_Handler
 .text.SVC_Handler
                0x08000ad0        0xe ./Core/Src/stm32h7xx_it.o
                0x08000ad0                SVC_Handler
 .text.DebugMon_Handler
                0x08000ade        0xe ./Core/Src/stm32h7xx_it.o
                0x08000ade                DebugMon_Handler
 .text.PendSV_Handler
                0x08000aec        0xe ./Core/Src/stm32h7xx_it.o
                0x08000aec                PendSV_Handler
 .text.SysTick_Handler
                0x08000afa        0xc ./Core/Src/stm32h7xx_it.o
                0x08000afa                SysTick_Handler
 *fill*         0x08000b06        0x2 
 .text._sbrk    0x08000b08       0x6c ./Core/Src/sysmem.o
                0x08000b08                _sbrk
 .text.SystemInit
                0x08000b74      0x110 ./Core/Src/system_stm32h7xx.o
                0x08000b74                SystemInit
 .text.MX_TIM16_Init
                0x08000c84       0x4c ./Core/Src/tim.o
                0x08000c84                MX_TIM16_Init
 .text.HAL_TIM_Base_MspInit
                0x08000cd0       0x44 ./Core/Src/tim.o
                0x08000cd0                HAL_TIM_Base_MspInit
 .text.MX_USART3_UART_Init
                0x08000d14       0x98 ./Core/Src/usart.o
                0x08000d14                MX_USART3_UART_Init
 .text.HAL_UART_MspInit
                0x08000dac       0xd4 ./Core/Src/usart.o
                0x08000dac                HAL_UART_MspInit
 .text.printToUART
                0x08000e80       0x24 ./Core/Src/usart.o
                0x08000e80                printToUART
 .text.printToConsole
                0x08000ea4       0x80 ./Core/Src/usart.o
                0x08000ea4                printToConsole
 .text.Reset_Handler
                0x08000f24       0x50 ./Core/Startup/startup_stm32h743zitx.o
                0x08000f24                Reset_Handler
 .text.Default_Handler
                0x08000f74        0x2 ./Core/Startup/startup_stm32h743zitx.o
                0x08000f74                RTC_Alarm_IRQHandler
                0x08000f74                EXTI2_IRQHandler
                0x08000f74                TIM8_CC_IRQHandler
                0x08000f74                HRTIM1_Master_IRQHandler
                0x08000f74                UART8_IRQHandler
                0x08000f74                SPI4_IRQHandler
                0x08000f74                TIM1_CC_IRQHandler
                0x08000f74                BDMA_Channel6_IRQHandler
                0x08000f74                DMA2_Stream5_IRQHandler
                0x08000f74                HRTIM1_FLT_IRQHandler
                0x08000f74                JPEG_IRQHandler
                0x08000f74                DMA1_Stream5_IRQHandler
                0x08000f74                BDMA_Channel1_IRQHandler
                0x08000f74                HRTIM1_TIMD_IRQHandler
                0x08000f74                TAMP_STAMP_IRQHandler
                0x08000f74                EXTI3_IRQHandler
                0x08000f74                LPTIM4_IRQHandler
                0x08000f74                TIM8_TRG_COM_TIM14_IRQHandler
                0x08000f74                LPTIM2_IRQHandler
                0x08000f74                DFSDM1_FLT1_IRQHandler
                0x08000f74                DMAMUX2_OVR_IRQHandler
                0x08000f74                TIM8_UP_TIM13_IRQHandler
                0x08000f74                I2C3_ER_IRQHandler
                0x08000f74                DFSDM1_FLT2_IRQHandler
                0x08000f74                MDMA_IRQHandler
                0x08000f74                LPTIM3_IRQHandler
                0x08000f74                HSEM1_IRQHandler
                0x08000f74                EXTI0_IRQHandler
                0x08000f74                I2C2_EV_IRQHandler
                0x08000f74                DMA1_Stream2_IRQHandler
                0x08000f74                FPU_IRQHandler
                0x08000f74                OTG_HS_WKUP_IRQHandler
                0x08000f74                FDCAN1_IT1_IRQHandler
                0x08000f74                LTDC_ER_IRQHandler
                0x08000f74                DMA2_Stream2_IRQHandler
                0x08000f74                HRTIM1_TIME_IRQHandler
                0x08000f74                SPI1_IRQHandler
                0x08000f74                TIM6_DAC_IRQHandler
                0x08000f74                DCMI_IRQHandler
                0x08000f74                HRTIM1_TIMC_IRQHandler
                0x08000f74                DMA2_Stream3_IRQHandler
                0x08000f74                SAI2_IRQHandler
                0x08000f74                DFSDM1_FLT3_IRQHandler
                0x08000f74                USART6_IRQHandler
                0x08000f74                TIM17_IRQHandler
                0x08000f74                USART3_IRQHandler
                0x08000f74                BDMA_Channel7_IRQHandler
                0x08000f74                LPTIM5_IRQHandler
                0x08000f74                UART5_IRQHandler
                0x08000f74                ADC3_IRQHandler
                0x08000f74                DMA2_Stream0_IRQHandler
                0x08000f74                TIM4_IRQHandler
                0x08000f74                BDMA_Channel2_IRQHandler
                0x08000f74                QUADSPI_IRQHandler
                0x08000f74                I2C1_EV_IRQHandler
                0x08000f74                DMA1_Stream6_IRQHandler
                0x08000f74                DMAMUX1_OVR_IRQHandler
                0x08000f74                DMA1_Stream1_IRQHandler
                0x08000f74                TIM16_IRQHandler
                0x08000f74                UART4_IRQHandler
                0x08000f74                BDMA_Channel5_IRQHandler
                0x08000f74                TIM3_IRQHandler
                0x08000f74                RCC_IRQHandler
                0x08000f74                TIM8_BRK_TIM12_IRQHandler
                0x08000f74                TIM1_TRG_COM_IRQHandler
                0x08000f74                Default_Handler
                0x08000f74                ECC_IRQHandler
                0x08000f74                CEC_IRQHandler
                0x08000f74                EXTI15_10_IRQHandler
                0x08000f74                BDMA_Channel0_IRQHandler
                0x08000f74                ADC_IRQHandler
                0x08000f74                DMA1_Stream7_IRQHandler
                0x08000f74                HRTIM1_TIMA_IRQHandler
                0x08000f74                SPI5_IRQHandler
                0x08000f74                TIM7_IRQHandler
                0x08000f74                SDMMC1_IRQHandler
                0x08000f74                TIM5_IRQHandler
                0x08000f74                DMA2_Stream7_IRQHandler
                0x08000f74                TIM15_IRQHandler
                0x08000f74                PVD_AVD_IRQHandler
                0x08000f74                I2C3_EV_IRQHandler
                0x08000f74                EXTI9_5_IRQHandler
                0x08000f74                RTC_WKUP_IRQHandler
                0x08000f74                LTDC_IRQHandler
                0x08000f74                SAI3_IRQHandler
                0x08000f74                ETH_WKUP_IRQHandler
                0x08000f74                SPDIF_RX_IRQHandler
                0x08000f74                SPI2_IRQHandler
                0x08000f74                OTG_HS_EP1_IN_IRQHandler
                0x08000f74                DMA1_Stream0_IRQHandler
                0x08000f74                CRS_IRQHandler
                0x08000f74                EXTI4_IRQHandler
                0x08000f74                RNG_IRQHandler
                0x08000f74                HRTIM1_TIMB_IRQHandler
                0x08000f74                FDCAN2_IT1_IRQHandler
                0x08000f74                ETH_IRQHandler
                0x08000f74                TIM1_UP_IRQHandler
                0x08000f74                BDMA_Channel4_IRQHandler
                0x08000f74                OTG_HS_EP1_OUT_IRQHandler
                0x08000f74                WWDG_IRQHandler
                0x08000f74                SPI6_IRQHandler
                0x08000f74                MDIOS_IRQHandler
                0x08000f74                I2C4_EV_IRQHandler
                0x08000f74                FDCAN2_IT0_IRQHandler
                0x08000f74                LPUART1_IRQHandler
                0x08000f74                FDCAN1_IT0_IRQHandler
                0x08000f74                TIM2_IRQHandler
                0x08000f74                OTG_FS_WKUP_IRQHandler
                0x08000f74                OTG_HS_IRQHandler
                0x08000f74                DMA2D_IRQHandler
                0x08000f74                TIM1_BRK_IRQHandler
                0x08000f74                EXTI1_IRQHandler
                0x08000f74                SDMMC2_IRQHandler
                0x08000f74                OTG_FS_EP1_OUT_IRQHandler
                0x08000f74                BDMA_Channel3_IRQHandler
                0x08000f74                UART7_IRQHandler
                0x08000f74                MDIOS_WKUP_IRQHandler
                0x08000f74                USART2_IRQHandler
                0x08000f74                DFSDM1_FLT0_IRQHandler
                0x08000f74                SAI4_IRQHandler
                0x08000f74                I2C2_ER_IRQHandler
                0x08000f74                DMA2_Stream1_IRQHandler
                0x08000f74                FLASH_IRQHandler
                0x08000f74                DMA2_Stream4_IRQHandler
                0x08000f74                USART1_IRQHandler
                0x08000f74                OTG_FS_IRQHandler
                0x08000f74                SPI3_IRQHandler
                0x08000f74                WAKEUP_PIN_IRQHandler
                0x08000f74                DMA1_Stream4_IRQHandler
                0x08000f74                OTG_FS_EP1_IN_IRQHandler
                0x08000f74                I2C1_ER_IRQHandler
                0x08000f74                FMC_IRQHandler
                0x08000f74                FDCAN_CAL_IRQHandler
                0x08000f74                SWPMI1_IRQHandler
                0x08000f74                COMP1_IRQHandler
                0x08000f74                LPTIM1_IRQHandler
                0x08000f74                I2C4_ER_IRQHandler
                0x08000f74                DMA2_Stream6_IRQHandler
                0x08000f74                SAI1_IRQHandler
                0x08000f74                DMA1_Stream3_IRQHandler
 *fill*         0x08000f76        0x2 
 .text.HAL_Init
                0x08000f78       0x78 ./Drivers/STM32H7xx_HAL_Driver/Src/stm32h7xx_hal.o
                0x08000f78                HAL_Init
 .text.HAL_InitTick
                0x08000ff0       0x6c ./Drivers/STM32H7xx_HAL_Driver/Src/stm32h7xx_hal.o
                0x08000ff0                HAL_InitTick
 .text.HAL_IncTick
                0x0800105c       0x28 ./Drivers/STM32H7xx_HAL_Driver/Src/stm32h7xx_hal.o
                0x0800105c                HAL_IncTick
 .text.HAL_GetTick
                0x08001084       0x18 ./Drivers/STM32H7xx_HAL_Driver/Src/stm32h7xx_hal.o
                0x08001084                HAL_GetTick
 .text.HAL_Delay
                0x0800109c       0x48 ./Drivers/STM32H7xx_HAL_Driver/Src/stm32h7xx_hal.o
                0x0800109c                HAL_Delay
 .text.HAL_GetREVID
                0x080010e4       0x18 ./Drivers/STM32H7xx_HAL_Driver/Src/stm32h7xx_hal.o
                0x080010e4                HAL_GetREVID
 .text.__NVIC_SetPriorityGrouping
                0x080010fc       0x48 ./Drivers/STM32H7xx_HAL_Driver/Src/stm32h7xx_hal_cortex.o
 .text.__NVIC_GetPriorityGrouping
                0x08001144       0x1c ./Drivers/STM32H7xx_HAL_Driver/Src/stm32h7xx_hal_cortex.o
 .text.__NVIC_SetPriority
                0x08001160       0x54 ./Drivers/STM32H7xx_HAL_Driver/Src/stm32h7xx_hal_cortex.o
 .text.NVIC_EncodePriority
                0x080011b4       0x66 ./Drivers/STM32H7xx_HAL_Driver/Src/stm32h7xx_hal_cortex.o
 *fill*         0x0800121a        0x2 
 .text.SysTick_Config
                0x0800121c       0x44 ./Drivers/STM32H7xx_HAL_Driver/Src/stm32h7xx_hal_cortex.o
 .text.HAL_NVIC_SetPriorityGrouping
                0x08001260       0x16 ./Drivers/STM32H7xx_HAL_Driver/Src/stm32h7xx_hal_cortex.o
                0x08001260                HAL_NVIC_SetPriorityGrouping
 .text.HAL_NVIC_SetPriority
                0x08001276       0x34 ./Drivers/STM32H7xx_HAL_Driver/Src/stm32h7xx_hal_cortex.o
                0x08001276                HAL_NVIC_SetPriority
 .text.HAL_SYSTICK_Config
                0x080012aa       0x18 ./Drivers/STM32H7xx_HAL_Driver/Src/stm32h7xx_hal_cortex.o
                0x080012aa                HAL_SYSTICK_Config
 *fill*         0x080012c2        0x2 
 .text.HAL_GPIO_Init
                0x080012c4      0x360 ./Drivers/STM32H7xx_HAL_Driver/Src/stm32h7xx_hal_gpio.o
                0x080012c4                HAL_GPIO_Init
 .text.HAL_GPIO_WritePin
                0x08001624       0x32 ./Drivers/STM32H7xx_HAL_Driver/Src/stm32h7xx_hal_gpio.o
                0x08001624                HAL_GPIO_WritePin
 *fill*         0x08001656        0x2 
 .text.HAL_PWREx_ConfigSupply
                0x08001658       0x74 ./Drivers/STM32H7xx_HAL_Driver/Src/stm32h7xx_hal_pwr_ex.o
                0x08001658                HAL_PWREx_ConfigSupply
 .text.HAL_RCC_OscConfig
                0x080016cc      0x8b4 ./Drivers/STM32H7xx_HAL_Driver/Src/stm32h7xx_hal_rcc.o
                0x080016cc                HAL_RCC_OscConfig
 .text.HAL_RCC_ClockConfig
                0x08001f80      0x36c ./Drivers/STM32H7xx_HAL_Driver/Src/stm32h7xx_hal_rcc.o
                0x08001f80                HAL_RCC_ClockConfig
 .text.HAL_RCC_GetSysClockFreq
                0x080022ec      0x2f4 ./Drivers/STM32H7xx_HAL_Driver/Src/stm32h7xx_hal_rcc.o
                0x080022ec                HAL_RCC_GetSysClockFreq
 .text.HAL_RCC_GetHCLKFreq
                0x080025e0       0x60 ./Drivers/STM32H7xx_HAL_Driver/Src/stm32h7xx_hal_rcc.o
                0x080025e0                HAL_RCC_GetHCLKFreq
 .text.HAL_RCC_GetPCLK1Freq
                0x08002640       0x2c ./Drivers/STM32H7xx_HAL_Driver/Src/stm32h7xx_hal_rcc.o
                0x08002640                HAL_RCC_GetPCLK1Freq
 .text.HAL_RCC_GetPCLK2Freq
                0x0800266c       0x2c ./Drivers/STM32H7xx_HAL_Driver/Src/stm32h7xx_hal_rcc.o
                0x0800266c                HAL_RCC_GetPCLK2Freq
 .text.HAL_RCCEx_PeriphCLKConfig
                0x08002698     0x1414 ./Drivers/STM32H7xx_HAL_Driver/Src/stm32h7xx_hal_rcc_ex.o
                0x08002698                HAL_RCCEx_PeriphCLKConfig
 .text.HAL_RCCEx_GetD3PCLK1Freq
                0x08003aac       0x2c ./Drivers/STM32H7xx_HAL_Driver/Src/stm32h7xx_hal_rcc_ex.o
                0x08003aac                HAL_RCCEx_GetD3PCLK1Freq
 .text.HAL_RCCEx_GetPLL2ClockFreq
                0x08003ad8      0x2a8 ./Drivers/STM32H7xx_HAL_Driver/Src/stm32h7xx_hal_rcc_ex.o
                0x08003ad8                HAL_RCCEx_GetPLL2ClockFreq
 .text.HAL_RCCEx_GetPLL3ClockFreq
                0x08003d80      0x2a8 ./Drivers/STM32H7xx_HAL_Driver/Src/stm32h7xx_hal_rcc_ex.o
                0x08003d80                HAL_RCCEx_GetPLL3ClockFreq
 .text.RCCEx_PLL2_Config
                0x08004028      0x164 ./Drivers/STM32H7xx_HAL_Driver/Src/stm32h7xx_hal_rcc_ex.o
 .text.RCCEx_PLL3_Config
                0x0800418c      0x164 ./Drivers/STM32H7xx_HAL_Driver/Src/stm32h7xx_hal_rcc_ex.o
 .text.HAL_TIM_Base_Init
                0x080042f0       0xae ./Drivers/STM32H7xx_HAL_Driver/Src/stm32h7xx_hal_tim.o
                0x080042f0                HAL_TIM_Base_Init
 *fill*         0x0800439e        0x2 
 .text.TIM_Base_SetConfig
                0x080043a0      0x14c ./Drivers/STM32H7xx_HAL_Driver/Src/stm32h7xx_hal_tim.o
                0x080043a0                TIM_Base_SetConfig
 .text.HAL_UART_Init
                0x080044ec       0xa0 ./Drivers/STM32H7xx_HAL_Driver/Src/stm32h7xx_hal_uart.o
                0x080044ec                HAL_UART_Init
 .text.HAL_UART_Transmit
                0x0800458c      0x11c ./Drivers/STM32H7xx_HAL_Driver/Src/stm32h7xx_hal_uart.o
                0x0800458c                HAL_UART_Transmit
 .text.UART_SetConfig
                0x080046a8      0xad0 ./Drivers/STM32H7xx_HAL_Driver/Src/stm32h7xx_hal_uart.o
                0x080046a8                UART_SetConfig
 .text.UART_AdvFeatureConfig
                0x08005178      0x144 ./Drivers/STM32H7xx_HAL_Driver/Src/stm32h7xx_hal_uart.o
                0x08005178                UART_AdvFeatureConfig
 .text.UART_CheckIdleState
                0x080052bc      0x154 ./Drivers/STM32H7xx_HAL_Driver/Src/stm32h7xx_hal_uart.o
                0x080052bc                UART_CheckIdleState
 .text.UART_WaitOnFlagUntilTimeout
                0x08005410       0xda ./Drivers/STM32H7xx_HAL_Driver/Src/stm32h7xx_hal_uart.o
                0x08005410                UART_WaitOnFlagUntilTimeout
 *fill*         0x080054ea        0x2 
 .text.UART_EndRxTransfer
                0x080054ec       0xcc ./Drivers/STM32H7xx_HAL_Driver/Src/stm32h7xx_hal_uart.o
 .text.HAL_UARTEx_DisableFifoMode
                0x080055b8       0x72 ./Drivers/STM32H7xx_HAL_Driver/Src/stm32h7xx_hal_uart_ex.o
                0x080055b8                HAL_UARTEx_DisableFifoMode
 .text.HAL_UARTEx_SetTxFifoThreshold
                0x0800562a       0x7c ./Drivers/STM32H7xx_HAL_Driver/Src/stm32h7xx_hal_uart_ex.o
                0x0800562a                HAL_UARTEx_SetTxFifoThreshold
 .text.HAL_UARTEx_SetRxFifoThreshold
                0x080056a6       0x7c ./Drivers/STM32H7xx_HAL_Driver/Src/stm32h7xx_hal_uart_ex.o
                0x080056a6                HAL_UARTEx_SetRxFifoThreshold
 *fill*         0x08005722        0x2 
 .text.UARTEx_SetNbDataToProcess
                0x08005724       0x9c ./Drivers/STM32H7xx_HAL_Driver/Src/stm32h7xx_hal_uart_ex.o
 .text.ai_log_err
                0x080057c0       0x44 ./X-CUBE-AI/App/app_x-cube-ai.o
 .text.ai_boostrap
                0x08005804       0xc8 ./X-CUBE-AI/App/app_x-cube-ai.o
 .text.ai_run   0x080058cc       0x60 ./X-CUBE-AI/App/app_x-cube-ai.o
 *fill*         0x0800592c        0x4 
 .text.acquire_and_process_data
                0x08005930       0x9c ./X-CUBE-AI/App/app_x-cube-ai.o
                0x08005930                acquire_and_process_data
 .text.post_process
                0x080059cc       0x8c ./X-CUBE-AI/App/app_x-cube-ai.o
                0x080059cc                post_process
 .text.MX_X_CUBE_AI_Init
                0x08005a58       0x28 ./X-CUBE-AI/App/app_x-cube-ai.o
                0x08005a58                MX_X_CUBE_AI_Init
 .text.MX_X_CUBE_AI_Process
                0x08005a80       0x98 ./X-CUBE-AI/App/app_x-cube-ai.o
                0x08005a80                MX_X_CUBE_AI_Process
 .text.sine_model_configure_activations
                0x08005b18       0xc0 ./X-CUBE-AI/App/sine_model.o
 .text.sine_model_configure_weights
                0x08005bd8      0x118 ./X-CUBE-AI/App/sine_model.o
 .text.ai_sine_model_get_error
                0x08005cf0       0x18 ./X-CUBE-AI/App/sine_model.o
                0x08005cf0                ai_sine_model_get_error
 .text.ai_sine_model_create
                0x08005d08       0x2c ./X-CUBE-AI/App/sine_model.o
                0x08005d08                ai_sine_model_create
 .text.ai_sine_model_create_and_init
                0x08005d34       0xfc ./X-CUBE-AI/App/sine_model.o
                0x08005d34                ai_sine_model_create_and_init
 .text.ai_sine_model_inputs_get
                0x08005e30       0x34 ./X-CUBE-AI/App/sine_model.o
                0x08005e30                ai_sine_model_inputs_get
 .text.ai_sine_model_outputs_get
                0x08005e64       0x34 ./X-CUBE-AI/App/sine_model.o
                0x08005e64                ai_sine_model_outputs_get
 .text.ai_sine_model_init
                0x08005e98       0x78 ./X-CUBE-AI/App/sine_model.o
                0x08005e98                ai_sine_model_init
 .text.ai_sine_model_run
                0x08005f10       0x20 ./X-CUBE-AI/App/sine_model.o
                0x08005f10                ai_sine_model_run
 .text.ai_sine_model_data_params_get
                0x08005f30       0x50 ./X-CUBE-AI/App/sine_model_data.o
                0x08005f30                ai_sine_model_data_params_get
 .text.ai_buffer_get_size
                0x08005f80       0x68 ../Middlewares/ST/AI/Lib\NetworkRuntime900_CM7_GCC.a(ai_platform.o)
                0x08005f80                ai_buffer_get_size
 .text.ai_buffer_array_sane
                0x08005fe8       0x14 ../Middlewares/ST/AI/Lib\NetworkRuntime900_CM7_GCC.a(ai_platform.o)
                0x08005fe8                ai_buffer_array_sane
 .text.ai_buffer_array_item_set_address
                0x08005ffc       0x20 ../Middlewares/ST/AI/Lib\NetworkRuntime900_CM7_GCC.a(ai_platform.o)
                0x08005ffc                ai_buffer_array_item_set_address
 .text.ai_platform_get_weights_map
                0x0800601c       0xb0 ../Middlewares/ST/AI/Lib\NetworkRuntime900_CM7_GCC.a(ai_platform_interface.o)
                0x0800601c                ai_platform_get_weights_map
 .text.ai_platform_get_activations_map
                0x080060cc       0xb0 ../Middlewares/ST/AI/Lib\NetworkRuntime900_CM7_GCC.a(ai_platform_interface.o)
                0x080060cc                ai_platform_get_activations_map
 .text.ai_platform_bind_network_params
                0x0800617c       0x34 ../Middlewares/ST/AI/Lib\NetworkRuntime900_CM7_GCC.a(ai_platform_interface.o)
                0x0800617c                ai_platform_bind_network_params
 .text.ai_platform_network_get_error
                0x080061b0       0x18 ../Middlewares/ST/AI/Lib\NetworkRuntime900_CM7_GCC.a(ai_platform_interface.o)
                0x080061b0                ai_platform_network_get_error
 .text.ai_platform_network_set_error
                0x080061c8        0xc ../Middlewares/ST/AI/Lib\NetworkRuntime900_CM7_GCC.a(ai_platform_interface.o)
                0x080061c8                ai_platform_network_set_error
 .text.ai_platform_inputs_get
                0x080061d4       0xf0 ../Middlewares/ST/AI/Lib\NetworkRuntime900_CM7_GCC.a(ai_platform_interface.o)
                0x080061d4                ai_platform_inputs_get
 .text.ai_platform_outputs_get
                0x080062c4       0xec ../Middlewares/ST/AI/Lib\NetworkRuntime900_CM7_GCC.a(ai_platform_interface.o)
                0x080062c4                ai_platform_outputs_get
 .text.ai_platform_network_create
                0x080063b0       0x84 ../Middlewares/ST/AI/Lib\NetworkRuntime900_CM7_GCC.a(ai_platform_interface.o)
                0x080063b0                ai_platform_network_create
 .text.ai_platform_network_init
                0x08006434      0x180 ../Middlewares/ST/AI/Lib\NetworkRuntime900_CM7_GCC.a(ai_platform_interface.o)
                0x08006434                ai_platform_network_init
 .text.ai_platform_network_post_init
                0x080065b4       0x60 ../Middlewares/ST/AI/Lib\NetworkRuntime900_CM7_GCC.a(ai_platform_interface.o)
                0x080065b4                ai_platform_network_post_init
 .text.ai_platform_network_process
                0x08006614      0x48c ../Middlewares/ST/AI/Lib\NetworkRuntime900_CM7_GCC.a(ai_platform_interface.o)
                0x08006614                ai_platform_network_process
 .text.core_init
                0x08006aa0        0x4 ../Middlewares/ST/AI/Lib\NetworkRuntime900_CM7_GCC.a(core_common.o)
                0x08006aa0                core_init
 .text.core_get_error
                0x08006aa4        0xc ../Middlewares/ST/AI/Lib\NetworkRuntime900_CM7_GCC.a(core_common.o)
                0x08006aa4                core_get_error
 .text.core_set_error
                0x08006ab0       0x18 ../Middlewares/ST/AI/Lib\NetworkRuntime900_CM7_GCC.a(core_common.o)
                0x08006ab0                core_set_error
 .text.ai_check_custom_types
                0x08006ac8       0x50 ../Middlewares/ST/AI/Lib\NetworkRuntime900_CM7_GCC.a(layers.o)
                0x08006ac8                ai_check_custom_types
 .text.ai_layers_init_all
                0x08006b18       0x1c ../Middlewares/ST/AI/Lib\NetworkRuntime900_CM7_GCC.a(layers.o)
                0x08006b18                ai_layers_init_all
 .text.ai_layers_post_init_all
                0x08006b34       0x28 ../Middlewares/ST/AI/Lib\NetworkRuntime900_CM7_GCC.a(layers.o)
                0x08006b34                ai_layers_post_init_all
 .text.ai_layers_forward_all
                0x08006b5c       0x90 ../Middlewares/ST/AI/Lib\NetworkRuntime900_CM7_GCC.a(layers.o)
                0x08006b5c                ai_layers_forward_all
 .text.forward_dense
                0x08006bec      0x3dc ../Middlewares/ST/AI/Lib\NetworkRuntime900_CM7_GCC.a(layers_conv2d_generic_float.o)
                0x08006bec                forward_dense
 .text.forward_relu
                0x08006fc8      0x12c ../Middlewares/ST/AI/Lib\NetworkRuntime900_CM7_GCC.a(layers_nl_generic_float.o)
                0x08006fc8                forward_relu
 .text.forward_lite_nl_relu_generic_if32of32_kernel
                0x080070f4      0x10c ../Middlewares/ST/AI/Lib\NetworkRuntime900_CM7_GCC.a(lite_nl_relu_if32of32.o)
                0x080070f4                forward_lite_nl_relu_generic_if32of32_kernel
 .text.forward_lite_dense_if32of32wf32
                0x08007200      0x2bc ../Middlewares/ST/AI/Lib\NetworkRuntime900_CM7_GCC.a(lite_dense_if32.o)
                0x08007200                forward_lite_dense_if32of32wf32
 .text.st_int8_copy
                0x080074bc      0x110 ../Middlewares/ST/AI/Lib\NetworkRuntime900_CM7_GCC.a(st_int8_fill.o)
                0x080074bc                st_int8_copy
 .text.ai_array_to_buffer_fmt
                0x080075cc       0xe0 ../Middlewares/ST/AI/Lib\NetworkRuntime900_CM7_GCC.a(ai_datatypes_format.o)
                0x080075cc                ai_array_to_buffer_fmt
 .text.ai_array_get_byte_size
                0x080076ac       0x50 ../Middlewares/ST/AI/Lib\NetworkRuntime900_CM7_GCC.a(ai_datatypes_format.o)
                0x080076ac                ai_array_get_byte_size
 .text.ai_array_get_data_byte_size
                0x080076fc       0x24 ../Middlewares/ST/AI/Lib\NetworkRuntime900_CM7_GCC.a(ai_datatypes_format.o)
                0x080076fc                ai_array_get_data_byte_size
 .text.ai_version_get
                0x08007720        0xc ../Middlewares/ST/AI/Lib\NetworkRuntime900_CM7_GCC.a(ai_datatypes_internal.o)
                0x08007720                ai_version_get
 .text.get_tensor_byte_size
                0x0800772c       0x2c ../Middlewares/ST/AI/Lib\NetworkRuntime900_CM7_GCC.a(ai_datatypes_internal.o)
                0x0800772c                get_tensor_byte_size
 .text.malloc   0x08007758       0x10 C:/ST/STM32CubeIDE_1.15.1/STM32CubeIDE/plugins/com.st.stm32cube.ide.mcu.externaltools.gnu-tools-for-stm32.12.3.rel1.win32_1.0.100.202403111256/tools/bin/../lib/gcc/arm-none-eabi/12.3.1/../../../../arm-none-eabi/lib/thumb/v7e-m+dp/hard\libc_nano.a(libc_a-malloc.o)
                0x08007758                malloc
 .text.sbrk_aligned
                0x08007768       0x44 C:/ST/STM32CubeIDE_1.15.1/STM32CubeIDE/plugins/com.st.stm32cube.ide.mcu.externaltools.gnu-tools-for-stm32.12.3.rel1.win32_1.0.100.202403111256/tools/bin/../lib/gcc/arm-none-eabi/12.3.1/../../../../arm-none-eabi/lib/thumb/v7e-m+dp/hard\libc_nano.a(libc_a-mallocr.o)
 .text._malloc_r
                0x080077ac      0x100 C:/ST/STM32CubeIDE_1.15.1/STM32CubeIDE/plugins/com.st.stm32cube.ide.mcu.externaltools.gnu-tools-for-stm32.12.3.rel1.win32_1.0.100.202403111256/tools/bin/../lib/gcc/arm-none-eabi/12.3.1/../../../../arm-none-eabi/lib/thumb/v7e-m+dp/hard\libc_nano.a(libc_a-mallocr.o)
                0x080077ac                _malloc_r
 .text.__malloc_lock
                0x080078ac        0xc C:/ST/STM32CubeIDE_1.15.1/STM32CubeIDE/plugins/com.st.stm32cube.ide.mcu.externaltools.gnu-tools-for-stm32.12.3.rel1.win32_1.0.100.202403111256/tools/bin/../lib/gcc/arm-none-eabi/12.3.1/../../../../arm-none-eabi/lib/thumb/v7e-m+dp/hard\libc_nano.a(libc_a-mlock.o)
                0x080078ac                __malloc_lock
 .text.__malloc_unlock
                0x080078b8        0xc C:/ST/STM32CubeIDE_1.15.1/STM32CubeIDE/plugins/com.st.stm32cube.ide.mcu.externaltools.gnu-tools-for-stm32.12.3.rel1.win32_1.0.100.202403111256/tools/bin/../lib/gcc/arm-none-eabi/12.3.1/../../../../arm-none-eabi/lib/thumb/v7e-m+dp/hard\libc_nano.a(libc_a-mlock.o)
                0x080078b8                __malloc_unlock
 .text.srand    0x080078c4       0x5c C:/ST/STM32CubeIDE_1.15.1/STM32CubeIDE/plugins/com.st.stm32cube.ide.mcu.externaltools.gnu-tools-for-stm32.12.3.rel1.win32_1.0.100.202403111256/tools/bin/../lib/gcc/arm-none-eabi/12.3.1/../../../../arm-none-eabi/lib/thumb/v7e-m+dp/hard\libc_nano.a(libc_a-rand.o)
                0x080078c4                srand
 .text.rand     0x08007920       0x7c C:/ST/STM32CubeIDE_1.15.1/STM32CubeIDE/plugins/com.st.stm32cube.ide.mcu.externaltools.gnu-tools-for-stm32.12.3.rel1.win32_1.0.100.202403111256/tools/bin/../lib/gcc/arm-none-eabi/12.3.1/../../../../arm-none-eabi/lib/thumb/v7e-m+dp/hard\libc_nano.a(libc_a-rand.o)
                0x08007920                rand
 .text._realloc_r
                0x0800799c       0x5c C:/ST/STM32CubeIDE_1.15.1/STM32CubeIDE/plugins/com.st.stm32cube.ide.mcu.externaltools.gnu-tools-for-stm32.12.3.rel1.win32_1.0.100.202403111256/tools/bin/../lib/gcc/arm-none-eabi/12.3.1/../../../../arm-none-eabi/lib/thumb/v7e-m+dp/hard\libc_nano.a(libc_a-reallocr.o)
                0x0800799c                _realloc_r
 .text.__cvt    0x080079f8       0xa8 C:/ST/STM32CubeIDE_1.15.1/STM32CubeIDE/plugins/com.st.stm32cube.ide.mcu.externaltools.gnu-tools-for-stm32.12.3.rel1.win32_1.0.100.202403111256/tools/bin/../lib/gcc/arm-none-eabi/12.3.1/../../../../arm-none-eabi/lib/thumb/v7e-m+dp/hard\libc_nano.a(libc_a-nano-vfprintf_float.o)
                0x080079f8                __cvt
 .text.__exponent
                0x08007aa0       0x74 C:/ST/STM32CubeIDE_1.15.1/STM32CubeIDE/plugins/com.st.stm32cube.ide.mcu.externaltools.gnu-tools-for-stm32.12.3.rel1.win32_1.0.100.202403111256/tools/bin/../lib/gcc/arm-none-eabi/12.3.1/../../../../arm-none-eabi/lib/thumb/v7e-m+dp/hard\libc_nano.a(libc_a-nano-vfprintf_float.o)
                0x08007aa0                __exponent
 *fill*         0x08007b14        0x4 
 .text._printf_float
                0x08007b18      0x434 C:/ST/STM32CubeIDE_1.15.1/STM32CubeIDE/plugins/com.st.stm32cube.ide.mcu.externaltools.gnu-tools-for-stm32.12.3.rel1.win32_1.0.100.202403111256/tools/bin/../lib/gcc/arm-none-eabi/12.3.1/../../../../arm-none-eabi/lib/thumb/v7e-m+dp/hard\libc_nano.a(libc_a-nano-vfprintf_float.o)
                0x08007b18                _printf_float
 .text._printf_common
                0x08007f4c       0xda C:/ST/STM32CubeIDE_1.15.1/STM32CubeIDE/plugins/com.st.stm32cube.ide.mcu.externaltools.gnu-tools-for-stm32.12.3.rel1.win32_1.0.100.202403111256/tools/bin/../lib/gcc/arm-none-eabi/12.3.1/../../../../arm-none-eabi/lib/thumb/v7e-m+dp/hard\libc_nano.a(libc_a-nano-vfprintf_i.o)
                0x08007f4c                _printf_common
 *fill*         0x08008026        0x2 
 .text._printf_i
                0x08008028      0x240 C:/ST/STM32CubeIDE_1.15.1/STM32CubeIDE/plugins/com.st.stm32cube.ide.mcu.externaltools.gnu-tools-for-stm32.12.3.rel1.win32_1.0.100.202403111256/tools/bin/../lib/gcc/arm-none-eabi/12.3.1/../../../../arm-none-eabi/lib/thumb/v7e-m+dp/hard\libc_nano.a(libc_a-nano-vfprintf_i.o)
                0x08008028                _printf_i
 .text.std      0x08008268       0x6c C:/ST/STM32CubeIDE_1.15.1/STM32CubeIDE/plugins/com.st.stm32cube.ide.mcu.externaltools.gnu-tools-for-stm32.12.3.rel1.win32_1.0.100.202403111256/tools/bin/../lib/gcc/arm-none-eabi/12.3.1/../../../../arm-none-eabi/lib/thumb/v7e-m+dp/hard\libc_nano.a(libc_a-findfp.o)
 .text.stdio_exit_handler
                0x080082d4       0x18 C:/ST/STM32CubeIDE_1.15.1/STM32CubeIDE/plugins/com.st.stm32cube.ide.mcu.externaltools.gnu-tools-for-stm32.12.3.rel1.win32_1.0.100.202403111256/tools/bin/../lib/gcc/arm-none-eabi/12.3.1/../../../../arm-none-eabi/lib/thumb/v7e-m+dp/hard\libc_nano.a(libc_a-findfp.o)
 .text.cleanup_stdio
                0x080082ec       0x40 C:/ST/STM32CubeIDE_1.15.1/STM32CubeIDE/plugins/com.st.stm32cube.ide.mcu.externaltools.gnu-tools-for-stm32.12.3.rel1.win32_1.0.100.202403111256/tools/bin/../lib/gcc/arm-none-eabi/12.3.1/../../../../arm-none-eabi/lib/thumb/v7e-m+dp/hard\libc_nano.a(libc_a-findfp.o)
 .text.global_stdio_init.part.0
                0x0800832c       0x3c C:/ST/STM32CubeIDE_1.15.1/STM32CubeIDE/plugins/com.st.stm32cube.ide.mcu.externaltools.gnu-tools-for-stm32.12.3.rel1.win32_1.0.100.202403111256/tools/bin/../lib/gcc/arm-none-eabi/12.3.1/../../../../arm-none-eabi/lib/thumb/v7e-m+dp/hard\libc_nano.a(libc_a-findfp.o)
 .text.__sfp_lock_acquire
                0x08008368        0xc C:/ST/STM32CubeIDE_1.15.1/STM32CubeIDE/plugins/com.st.stm32cube.ide.mcu.externaltools.gnu-tools-for-stm32.12.3.rel1.win32_1.0.100.202403111256/tools/bin/../lib/gcc/arm-none-eabi/12.3.1/../../../../arm-none-eabi/lib/thumb/v7e-m+dp/hard\libc_nano.a(libc_a-findfp.o)
                0x08008368                __sfp_lock_acquire
 .text.__sfp_lock_release
                0x08008374        0xc C:/ST/STM32CubeIDE_1.15.1/STM32CubeIDE/plugins/com.st.stm32cube.ide.mcu.externaltools.gnu-tools-for-stm32.12.3.rel1.win32_1.0.100.202403111256/tools/bin/../lib/gcc/arm-none-eabi/12.3.1/../../../../arm-none-eabi/lib/thumb/v7e-m+dp/hard\libc_nano.a(libc_a-findfp.o)
                0x08008374                __sfp_lock_release
 .text.__sinit  0x08008380       0x30 C:/ST/STM32CubeIDE_1.15.1/STM32CubeIDE/plugins/com.st.stm32cube.ide.mcu.externaltools.gnu-tools-for-stm32.12.3.rel1.win32_1.0.100.202403111256/tools/bin/../lib/gcc/arm-none-eabi/12.3.1/../../../../arm-none-eabi/lib/thumb/v7e-m+dp/hard\libc_nano.a(libc_a-findfp.o)
                0x08008380                __sinit
 .text._fwalk_sglue
                0x080083b0       0x3c C:/ST/STM32CubeIDE_1.15.1/STM32CubeIDE/plugins/com.st.stm32cube.ide.mcu.externaltools.gnu-tools-for-stm32.12.3.rel1.win32_1.0.100.202403111256/tools/bin/../lib/gcc/arm-none-eabi/12.3.1/../../../../arm-none-eabi/lib/thumb/v7e-m+dp/hard\libc_nano.a(libc_a-fwalk.o)
                0x080083b0                _fwalk_sglue
 .text.printf   0x080083ec       0x24 C:/ST/STM32CubeIDE_1.15.1/STM32CubeIDE/plugins/com.st.stm32cube.ide.mcu.externaltools.gnu-tools-for-stm32.12.3.rel1.win32_1.0.100.202403111256/tools/bin/../lib/gcc/arm-none-eabi/12.3.1/../../../../arm-none-eabi/lib/thumb/v7e-m+dp/hard\libc_nano.a(libc_a-printf.o)
                0x080083ec                iprintf
                0x080083ec                printf
 .text._puts_r  0x08008410       0xaa C:/ST/STM32CubeIDE_1.15.1/STM32CubeIDE/plugins/com.st.stm32cube.ide.mcu.externaltools.gnu-tools-for-stm32.12.3.rel1.win32_1.0.100.202403111256/tools/bin/../lib/gcc/arm-none-eabi/12.3.1/../../../../arm-none-eabi/lib/thumb/v7e-m+dp/hard\libc_nano.a(libc_a-puts.o)
                0x08008410                _puts_r
 *fill*         0x080084ba        0x2 
 .text.puts     0x080084bc       0x10 C:/ST/STM32CubeIDE_1.15.1/STM32CubeIDE/plugins/com.st.stm32cube.ide.mcu.externaltools.gnu-tools-for-stm32.12.3.rel1.win32_1.0.100.202403111256/tools/bin/../lib/gcc/arm-none-eabi/12.3.1/../../../../arm-none-eabi/lib/thumb/v7e-m+dp/hard\libc_nano.a(libc_a-puts.o)
                0x080084bc                puts
 .text.snprintf
                0x080084cc       0x68 C:/ST/STM32CubeIDE_1.15.1/STM32CubeIDE/plugins/com.st.stm32cube.ide.mcu.externaltools.gnu-tools-for-stm32.12.3.rel1.win32_1.0.100.202403111256/tools/bin/../lib/gcc/arm-none-eabi/12.3.1/../../../../arm-none-eabi/lib/thumb/v7e-m+dp/hard\libc_nano.a(libc_a-snprintf.o)
                0x080084cc                sniprintf
                0x080084cc                snprintf
 .text.__sread  0x08008534       0x22 C:/ST/STM32CubeIDE_1.15.1/STM32CubeIDE/plugins/com.st.stm32cube.ide.mcu.externaltools.gnu-tools-for-stm32.12.3.rel1.win32_1.0.100.202403111256/tools/bin/../lib/gcc/arm-none-eabi/12.3.1/../../../../arm-none-eabi/lib/thumb/v7e-m+dp/hard\libc_nano.a(libc_a-stdio.o)
                0x08008534                __sread
 .text.__swrite
                0x08008556       0x38 C:/ST/STM32CubeIDE_1.15.1/STM32CubeIDE/plugins/com.st.stm32cube.ide.mcu.externaltools.gnu-tools-for-stm32.12.3.rel1.win32_1.0.100.202403111256/tools/bin/../lib/gcc/arm-none-eabi/12.3.1/../../../../arm-none-eabi/lib/thumb/v7e-m+dp/hard\libc_nano.a(libc_a-stdio.o)
                0x08008556                __swrite
 .text.__sseek  0x0800858e       0x24 C:/ST/STM32CubeIDE_1.15.1/STM32CubeIDE/plugins/com.st.stm32cube.ide.mcu.externaltools.gnu-tools-for-stm32.12.3.rel1.win32_1.0.100.202403111256/tools/bin/../lib/gcc/arm-none-eabi/12.3.1/../../../../arm-none-eabi/lib/thumb/v7e-m+dp/hard\libc_nano.a(libc_a-stdio.o)
                0x0800858e                __sseek
 .text.__sclose
                0x080085b2        0x8 C:/ST/STM32CubeIDE_1.15.1/STM32CubeIDE/plugins/com.st.stm32cube.ide.mcu.externaltools.gnu-tools-for-stm32.12.3.rel1.win32_1.0.100.202403111256/tools/bin/../lib/gcc/arm-none-eabi/12.3.1/../../../../arm-none-eabi/lib/thumb/v7e-m+dp/hard\libc_nano.a(libc_a-stdio.o)
                0x080085b2                __sclose
 .text.__swbuf_r
                0x080085ba       0x7c C:/ST/STM32CubeIDE_1.15.1/STM32CubeIDE/plugins/com.st.stm32cube.ide.mcu.externaltools.gnu-tools-for-stm32.12.3.rel1.win32_1.0.100.202403111256/tools/bin/../lib/gcc/arm-none-eabi/12.3.1/../../../../arm-none-eabi/lib/thumb/v7e-m+dp/hard\libc_nano.a(libc_a-wbuf.o)
                0x080085ba                __swbuf_r
 *fill*         0x08008636        0x2 
 .text.__swsetup_r
                0x08008638       0xac C:/ST/STM32CubeIDE_1.15.1/STM32CubeIDE/plugins/com.st.stm32cube.ide.mcu.externaltools.gnu-tools-for-stm32.12.3.rel1.win32_1.0.100.202403111256/tools/bin/../lib/gcc/arm-none-eabi/12.3.1/../../../../arm-none-eabi/lib/thumb/v7e-m+dp/hard\libc_nano.a(libc_a-wsetup.o)
                0x08008638                __swsetup_r
 .text.memset   0x080086e4       0x10 C:/ST/STM32CubeIDE_1.15.1/STM32CubeIDE/plugins/com.st.stm32cube.ide.mcu.externaltools.gnu-tools-for-stm32.12.3.rel1.win32_1.0.100.202403111256/tools/bin/../lib/gcc/arm-none-eabi/12.3.1/../../../../arm-none-eabi/lib/thumb/v7e-m+dp/hard\libc_nano.a(libc_a-memset.o)
                0x080086e4                memset
 .text.strcat   0x080086f4       0x1e C:/ST/STM32CubeIDE_1.15.1/STM32CubeIDE/plugins/com.st.stm32cube.ide.mcu.externaltools.gnu-tools-for-stm32.12.3.rel1.win32_1.0.100.202403111256/tools/bin/../lib/gcc/arm-none-eabi/12.3.1/../../../../arm-none-eabi/lib/thumb/v7e-m+dp/hard\libc_nano.a(libc_a-strcat.o)
                0x080086f4                strcat
 *fill*         0x08008712        0x2 
 .text.time     0x08008714       0x38 C:/ST/STM32CubeIDE_1.15.1/STM32CubeIDE/plugins/com.st.stm32cube.ide.mcu.externaltools.gnu-tools-for-stm32.12.3.rel1.win32_1.0.100.202403111256/tools/bin/../lib/gcc/arm-none-eabi/12.3.1/../../../../arm-none-eabi/lib/thumb/v7e-m+dp/hard\libc_nano.a(libc_a-time.o)
                0x08008714                time
 .text._localeconv_r
                0x0800874c        0x8 C:/ST/STM32CubeIDE_1.15.1/STM32CubeIDE/plugins/com.st.stm32cube.ide.mcu.externaltools.gnu-tools-for-stm32.12.3.rel1.win32_1.0.100.202403111256/tools/bin/../lib/gcc/arm-none-eabi/12.3.1/../../../../arm-none-eabi/lib/thumb/v7e-m+dp/hard\libc_nano.a(libc_a-localeconv.o)
                0x0800874c                _localeconv_r
 .text._close_r
                0x08008754       0x20 C:/ST/STM32CubeIDE_1.15.1/STM32CubeIDE/plugins/com.st.stm32cube.ide.mcu.externaltools.gnu-tools-for-stm32.12.3.rel1.win32_1.0.100.202403111256/tools/bin/../lib/gcc/arm-none-eabi/12.3.1/../../../../arm-none-eabi/lib/thumb/v7e-m+dp/hard\libc_nano.a(libc_a-closer.o)
                0x08008754                _close_r
 .text._gettimeofday_r
                0x08008774       0x24 C:/ST/STM32CubeIDE_1.15.1/STM32CubeIDE/plugins/com.st.stm32cube.ide.mcu.externaltools.gnu-tools-for-stm32.12.3.rel1.win32_1.0.100.202403111256/tools/bin/../lib/gcc/arm-none-eabi/12.3.1/../../../../arm-none-eabi/lib/thumb/v7e-m+dp/hard\libc_nano.a(libc_a-gettimeofdayr.o)
                0x08008774                _gettimeofday_r
 .text._lseek_r
                0x08008798       0x24 C:/ST/STM32CubeIDE_1.15.1/STM32CubeIDE/plugins/com.st.stm32cube.ide.mcu.externaltools.gnu-tools-for-stm32.12.3.rel1.win32_1.0.100.202403111256/tools/bin/../lib/gcc/arm-none-eabi/12.3.1/../../../../arm-none-eabi/lib/thumb/v7e-m+dp/hard\libc_nano.a(libc_a-lseekr.o)
                0x08008798                _lseek_r
 .text._read_r  0x080087bc       0x24 C:/ST/STM32CubeIDE_1.15.1/STM32CubeIDE/plugins/com.st.stm32cube.ide.mcu.externaltools.gnu-tools-for-stm32.12.3.rel1.win32_1.0.100.202403111256/tools/bin/../lib/gcc/arm-none-eabi/12.3.1/../../../../arm-none-eabi/lib/thumb/v7e-m+dp/hard\libc_nano.a(libc_a-readr.o)
                0x080087bc                _read_r
 .text._sbrk_r  0x080087e0       0x20 C:/ST/STM32CubeIDE_1.15.1/STM32CubeIDE/plugins/com.st.stm32cube.ide.mcu.externaltools.gnu-tools-for-stm32.12.3.rel1.win32_1.0.100.202403111256/tools/bin/../lib/gcc/arm-none-eabi/12.3.1/../../../../arm-none-eabi/lib/thumb/v7e-m+dp/hard\libc_nano.a(libc_a-sbrkr.o)
                0x080087e0                _sbrk_r
 .text._write_r
                0x08008800       0x24 C:/ST/STM32CubeIDE_1.15.1/STM32CubeIDE/plugins/com.st.stm32cube.ide.mcu.externaltools.gnu-tools-for-stm32.12.3.rel1.win32_1.0.100.202403111256/tools/bin/../lib/gcc/arm-none-eabi/12.3.1/../../../../arm-none-eabi/lib/thumb/v7e-m+dp/hard\libc_nano.a(libc_a-writer.o)
                0x08008800                _write_r
 .text.__errno  0x08008824        0xc C:/ST/STM32CubeIDE_1.15.1/STM32CubeIDE/plugins/com.st.stm32cube.ide.mcu.externaltools.gnu-tools-for-stm32.12.3.rel1.win32_1.0.100.202403111256/tools/bin/../lib/gcc/arm-none-eabi/12.3.1/../../../../arm-none-eabi/lib/thumb/v7e-m+dp/hard\libc_nano.a(libc_a-errno.o)
                0x08008824                __errno
 .text.__libc_init_array
                0x08008830       0x48 C:/ST/STM32CubeIDE_1.15.1/STM32CubeIDE/plugins/com.st.stm32cube.ide.mcu.externaltools.gnu-tools-for-stm32.12.3.rel1.win32_1.0.100.202403111256/tools/bin/../lib/gcc/arm-none-eabi/12.3.1/../../../../arm-none-eabi/lib/thumb/v7e-m+dp/hard\libc_nano.a(libc_a-init.o)
                0x08008830                __libc_init_array
 .text.__retarget_lock_init_recursive
                0x08008878        0x2 C:/ST/STM32CubeIDE_1.15.1/STM32CubeIDE/plugins/com.st.stm32cube.ide.mcu.externaltools.gnu-tools-for-stm32.12.3.rel1.win32_1.0.100.202403111256/tools/bin/../lib/gcc/arm-none-eabi/12.3.1/../../../../arm-none-eabi/lib/thumb/v7e-m+dp/hard\libc_nano.a(libc_a-lock.o)
                0x08008878                __retarget_lock_init_recursive
 .text.__retarget_lock_acquire_recursive
                0x0800887a        0x2 C:/ST/STM32CubeIDE_1.15.1/STM32CubeIDE/plugins/com.st.stm32cube.ide.mcu.externaltools.gnu-tools-for-stm32.12.3.rel1.win32_1.0.100.202403111256/tools/bin/../lib/gcc/arm-none-eabi/12.3.1/../../../../arm-none-eabi/lib/thumb/v7e-m+dp/hard\libc_nano.a(libc_a-lock.o)
                0x0800887a                __retarget_lock_acquire_recursive
 .text.__retarget_lock_release_recursive
                0x0800887c        0x2 C:/ST/STM32CubeIDE_1.15.1/STM32CubeIDE/plugins/com.st.stm32cube.ide.mcu.externaltools.gnu-tools-for-stm32.12.3.rel1.win32_1.0.100.202403111256/tools/bin/../lib/gcc/arm-none-eabi/12.3.1/../../../../arm-none-eabi/lib/thumb/v7e-m+dp/hard\libc_nano.a(libc_a-lock.o)
                0x0800887c                __retarget_lock_release_recursive
 .text.memcpy   0x0800887e       0x1c C:/ST/STM32CubeIDE_1.15.1/STM32CubeIDE/plugins/com.st.stm32cube.ide.mcu.externaltools.gnu-tools-for-stm32.12.3.rel1.win32_1.0.100.202403111256/tools/bin/../lib/gcc/arm-none-eabi/12.3.1/../../../../arm-none-eabi/lib/thumb/v7e-m+dp/hard\libc_nano.a(libc_a-memcpy-stub.o)
                0x0800887e                memcpy
 *fill*         0x0800889a        0x2 
 .text.__assert_func
                0x0800889c       0x3c C:/ST/STM32CubeIDE_1.15.1/STM32CubeIDE/plugins/com.st.stm32cube.ide.mcu.externaltools.gnu-tools-for-stm32.12.3.rel1.win32_1.0.100.202403111256/tools/bin/../lib/gcc/arm-none-eabi/12.3.1/../../../../arm-none-eabi/lib/thumb/v7e-m+dp/hard\libc_nano.a(libc_a-assert.o)
                0x0800889c                __assert_func
 .text.quorem   0x080088d8      0x110 C:/ST/STM32CubeIDE_1.15.1/STM32CubeIDE/plugins/com.st.stm32cube.ide.mcu.externaltools.gnu-tools-for-stm32.12.3.rel1.win32_1.0.100.202403111256/tools/bin/../lib/gcc/arm-none-eabi/12.3.1/../../../../arm-none-eabi/lib/thumb/v7e-m+dp/hard\libc_nano.a(libc_a-dtoa.o)
 .text._dtoa_r  0x080089e8      0xaac C:/ST/STM32CubeIDE_1.15.1/STM32CubeIDE/plugins/com.st.stm32cube.ide.mcu.externaltools.gnu-tools-for-stm32.12.3.rel1.win32_1.0.100.202403111256/tools/bin/../lib/gcc/arm-none-eabi/12.3.1/../../../../arm-none-eabi/lib/thumb/v7e-m+dp/hard\libc_nano.a(libc_a-dtoa.o)
                0x080089e8                _dtoa_r
 .text._free_r  0x08009494       0x94 C:/ST/STM32CubeIDE_1.15.1/STM32CubeIDE/plugins/com.st.stm32cube.ide.mcu.externaltools.gnu-tools-for-stm32.12.3.rel1.win32_1.0.100.202403111256/tools/bin/../lib/gcc/arm-none-eabi/12.3.1/../../../../arm-none-eabi/lib/thumb/v7e-m+dp/hard\libc_nano.a(libc_a-freer.o)
                0x08009494                _free_r
 .text._Balloc  0x08009528       0x80 C:/ST/STM32CubeIDE_1.15.1/STM32CubeIDE/plugins/com.st.stm32cube.ide.mcu.externaltools.gnu-tools-for-stm32.12.3.rel1.win32_1.0.100.202403111256/tools/bin/../lib/gcc/arm-none-eabi/12.3.1/../../../../arm-none-eabi/lib/thumb/v7e-m+dp/hard\libc_nano.a(libc_a-mprec.o)
                0x08009528                _Balloc
 .text._Bfree   0x080095a8       0x44 C:/ST/STM32CubeIDE_1.15.1/STM32CubeIDE/plugins/com.st.stm32cube.ide.mcu.externaltools.gnu-tools-for-stm32.12.3.rel1.win32_1.0.100.202403111256/tools/bin/../lib/gcc/arm-none-eabi/12.3.1/../../../../arm-none-eabi/lib/thumb/v7e-m+dp/hard\libc_nano.a(libc_a-mprec.o)
                0x080095a8                _Bfree
 .text.__multadd
                0x080095ec       0x8c C:/ST/STM32CubeIDE_1.15.1/STM32CubeIDE/plugins/com.st.stm32cube.ide.mcu.externaltools.gnu-tools-for-stm32.12.3.rel1.win32_1.0.100.202403111256/tools/bin/../lib/gcc/arm-none-eabi/12.3.1/../../../../arm-none-eabi/lib/thumb/v7e-m+dp/hard\libc_nano.a(libc_a-mprec.o)
                0x080095ec                __multadd
 .text.__hi0bits
                0x08009678       0x3e C:/ST/STM32CubeIDE_1.15.1/STM32CubeIDE/plugins/com.st.stm32cube.ide.mcu.externaltools.gnu-tools-for-stm32.12.3.rel1.win32_1.0.100.202403111256/tools/bin/../lib/gcc/arm-none-eabi/12.3.1/../../../../arm-none-eabi/lib/thumb/v7e-m+dp/hard\libc_nano.a(libc_a-mprec.o)
                0x08009678                __hi0bits
 .text.__lo0bits
                0x080096b6       0x5a C:/ST/STM32CubeIDE_1.15.1/STM32CubeIDE/plugins/com.st.stm32cube.ide.mcu.externaltools.gnu-tools-for-stm32.12.3.rel1.win32_1.0.100.202403111256/tools/bin/../lib/gcc/arm-none-eabi/12.3.1/../../../../arm-none-eabi/lib/thumb/v7e-m+dp/hard\libc_nano.a(libc_a-mprec.o)
                0x080096b6                __lo0bits
 .text.__i2b    0x08009710       0x2c C:/ST/STM32CubeIDE_1.15.1/STM32CubeIDE/plugins/com.st.stm32cube.ide.mcu.externaltools.gnu-tools-for-stm32.12.3.rel1.win32_1.0.100.202403111256/tools/bin/../lib/gcc/arm-none-eabi/12.3.1/../../../../arm-none-eabi/lib/thumb/v7e-m+dp/hard\libc_nano.a(libc_a-mprec.o)
                0x08009710                __i2b
 .text.__multiply
                0x0800973c      0x154 C:/ST/STM32CubeIDE_1.15.1/STM32CubeIDE/plugins/com.st.stm32cube.ide.mcu.externaltools.gnu-tools-for-stm32.12.3.rel1.win32_1.0.100.202403111256/tools/bin/../lib/gcc/arm-none-eabi/12.3.1/../../../../arm-none-eabi/lib/thumb/v7e-m+dp/hard\libc_nano.a(libc_a-mprec.o)
                0x0800973c                __multiply
 .text.__pow5mult
                0x08009890       0xb4 C:/ST/STM32CubeIDE_1.15.1/STM32CubeIDE/plugins/com.st.stm32cube.ide.mcu.externaltools.gnu-tools-for-stm32.12.3.rel1.win32_1.0.100.202403111256/tools/bin/../lib/gcc/arm-none-eabi/12.3.1/../../../../arm-none-eabi/lib/thumb/v7e-m+dp/hard\libc_nano.a(libc_a-mprec.o)
                0x08009890                __pow5mult
 .text.__lshift
                0x08009944       0xd8 C:/ST/STM32CubeIDE_1.15.1/STM32CubeIDE/plugins/com.st.stm32cube.ide.mcu.externaltools.gnu-tools-for-stm32.12.3.rel1.win32_1.0.100.202403111256/tools/bin/../lib/gcc/arm-none-eabi/12.3.1/../../../../arm-none-eabi/lib/thumb/v7e-m+dp/hard\libc_nano.a(libc_a-mprec.o)
                0x08009944                __lshift
 .text.__mcmp   0x08009a1c       0x36 C:/ST/STM32CubeIDE_1.15.1/STM32CubeIDE/plugins/com.st.stm32cube.ide.mcu.externaltools.gnu-tools-for-stm32.12.3.rel1.win32_1.0.100.202403111256/tools/bin/../lib/gcc/arm-none-eabi/12.3.1/../../../../arm-none-eabi/lib/thumb/v7e-m+dp/hard\libc_nano.a(libc_a-mprec.o)
                0x08009a1c                __mcmp
 *fill*         0x08009a52        0x2 
 .text.__mdiff  0x08009a54      0x128 C:/ST/STM32CubeIDE_1.15.1/STM32CubeIDE/plugins/com.st.stm32cube.ide.mcu.externaltools.gnu-tools-for-stm32.12.3.rel1.win32_1.0.100.202403111256/tools/bin/../lib/gcc/arm-none-eabi/12.3.1/../../../../arm-none-eabi/lib/thumb/v7e-m+dp/hard\libc_nano.a(libc_a-mprec.o)
                0x08009a54                __mdiff
 .text.__d2b    0x08009b7c       0xb0 C:/ST/STM32CubeIDE_1.15.1/STM32CubeIDE/plugins/com.st.stm32cube.ide.mcu.externaltools.gnu-tools-for-stm32.12.3.rel1.win32_1.0.100.202403111256/tools/bin/../lib/gcc/arm-none-eabi/12.3.1/../../../../arm-none-eabi/lib/thumb/v7e-m+dp/hard\libc_nano.a(libc_a-mprec.o)
                0x08009b7c                __d2b
 .text._malloc_usable_size_r
                0x08009c2c       0x10 C:/ST/STM32CubeIDE_1.15.1/STM32CubeIDE/plugins/com.st.stm32cube.ide.mcu.externaltools.gnu-tools-for-stm32.12.3.rel1.win32_1.0.100.202403111256/tools/bin/../lib/gcc/arm-none-eabi/12.3.1/../../../../arm-none-eabi/lib/thumb/v7e-m+dp/hard\libc_nano.a(libc_a-msizer.o)
                0x08009c2c                _malloc_usable_size_r
 .text.__ssputs_r
                0x08009c3c       0xb6 C:/ST/STM32CubeIDE_1.15.1/STM32CubeIDE/plugins/com.st.stm32cube.ide.mcu.externaltools.gnu-tools-for-stm32.12.3.rel1.win32_1.0.100.202403111256/tools/bin/../lib/gcc/arm-none-eabi/12.3.1/../../../../arm-none-eabi/lib/thumb/v7e-m+dp/hard\libc_nano.a(libc_a-nano-svfprintf.o)
                0x08009c3c                __ssputs_r
 *fill*         0x08009cf2        0x2 
 .text._svfprintf_r
                0x08009cf4      0x1f8 C:/ST/STM32CubeIDE_1.15.1/STM32CubeIDE/plugins/com.st.stm32cube.ide.mcu.externaltools.gnu-tools-for-stm32.12.3.rel1.win32_1.0.100.202403111256/tools/bin/../lib/gcc/arm-none-eabi/12.3.1/../../../../arm-none-eabi/lib/thumb/v7e-m+dp/hard\libc_nano.a(libc_a-nano-svfprintf.o)
                0x08009cf4                _svfiprintf_r
                0x08009cf4                _svfprintf_r
 .text.__sfputc_r
                0x08009eec       0x2e C:/ST/STM32CubeIDE_1.15.1/STM32CubeIDE/plugins/com.st.stm32cube.ide.mcu.externaltools.gnu-tools-for-stm32.12.3.rel1.win32_1.0.100.202403111256/tools/bin/../lib/gcc/arm-none-eabi/12.3.1/../../../../arm-none-eabi/lib/thumb/v7e-m+dp/hard\libc_nano.a(libc_a-nano-vfprintf.o)
 .text.__sfputs_r
                0x08009f1a       0x24 C:/ST/STM32CubeIDE_1.15.1/STM32CubeIDE/plugins/com.st.stm32cube.ide.mcu.externaltools.gnu-tools-for-stm32.12.3.rel1.win32_1.0.100.202403111256/tools/bin/../lib/gcc/arm-none-eabi/12.3.1/../../../../arm-none-eabi/lib/thumb/v7e-m+dp/hard\libc_nano.a(libc_a-nano-vfprintf.o)
                0x08009f1a                __sfputs_r
 *fill*         0x08009f3e        0x2 
 .text._vfprintf_r
                0x08009f40      0x230 C:/ST/STM32CubeIDE_1.15.1/STM32CubeIDE/plugins/com.st.stm32cube.ide.mcu.externaltools.gnu-tools-for-stm32.12.3.rel1.win32_1.0.100.202403111256/tools/bin/../lib/gcc/arm-none-eabi/12.3.1/../../../../arm-none-eabi/lib/thumb/v7e-m+dp/hard\libc_nano.a(libc_a-nano-vfprintf.o)
                0x08009f40                _vfprintf_r
                0x08009f40                _vfiprintf_r
 .text.__sflush_r
                0x0800a170      0x108 C:/ST/STM32CubeIDE_1.15.1/STM32CubeIDE/plugins/com.st.stm32cube.ide.mcu.externaltools.gnu-tools-for-stm32.12.3.rel1.win32_1.0.100.202403111256/tools/bin/../lib/gcc/arm-none-eabi/12.3.1/../../../../arm-none-eabi/lib/thumb/v7e-m+dp/hard\libc_nano.a(libc_a-fflush.o)
                0x0800a170                __sflush_r
 .text._fflush_r
                0x0800a278       0x50 C:/ST/STM32CubeIDE_1.15.1/STM32CubeIDE/plugins/com.st.stm32cube.ide.mcu.externaltools.gnu-tools-for-stm32.12.3.rel1.win32_1.0.100.202403111256/tools/bin/../lib/gcc/arm-none-eabi/12.3.1/../../../../arm-none-eabi/lib/thumb/v7e-m+dp/hard\libc_nano.a(libc_a-fflush.o)
                0x0800a278                _fflush_r
 .text.fprintf  0x0800a2c8       0x24 C:/ST/STM32CubeIDE_1.15.1/STM32CubeIDE/plugins/com.st.stm32cube.ide.mcu.externaltools.gnu-tools-for-stm32.12.3.rel1.win32_1.0.100.202403111256/tools/bin/../lib/gcc/arm-none-eabi/12.3.1/../../../../arm-none-eabi/lib/thumb/v7e-m+dp/hard\libc_nano.a(libc_a-fprintf.o)
                0x0800a2c8                fiprintf
                0x0800a2c8                fprintf
 .text.__swhatbuf_r
                0x0800a2ec       0x4c C:/ST/STM32CubeIDE_1.15.1/STM32CubeIDE/plugins/com.st.stm32cube.ide.mcu.externaltools.gnu-tools-for-stm32.12.3.rel1.win32_1.0.100.202403111256/tools/bin/../lib/gcc/arm-none-eabi/12.3.1/../../../../arm-none-eabi/lib/thumb/v7e-m+dp/hard\libc_nano.a(libc_a-makebuf.o)
                0x0800a2ec                __swhatbuf_r
 .text.__smakebuf_r
                0x0800a338       0x78 C:/ST/STM32CubeIDE_1.15.1/STM32CubeIDE/plugins/com.st.stm32cube.ide.mcu.externaltools.gnu-tools-for-stm32.12.3.rel1.win32_1.0.100.202403111256/tools/bin/../lib/gcc/arm-none-eabi/12.3.1/../../../../arm-none-eabi/lib/thumb/v7e-m+dp/hard\libc_nano.a(libc_a-makebuf.o)
                0x0800a338                __smakebuf_r
 .text.memmove  0x0800a3b0       0x34 C:/ST/STM32CubeIDE_1.15.1/STM32CubeIDE/plugins/com.st.stm32cube.ide.mcu.externaltools.gnu-tools-for-stm32.12.3.rel1.win32_1.0.100.202403111256/tools/bin/../lib/gcc/arm-none-eabi/12.3.1/../../../../arm-none-eabi/lib/thumb/v7e-m+dp/hard\libc_nano.a(libc_a-memmove.o)
                0x0800a3b0                memmove
 .text._fstat_r
                0x0800a3e4       0x24 C:/ST/STM32CubeIDE_1.15.1/STM32CubeIDE/plugins/com.st.stm32cube.ide.mcu.externaltools.gnu-tools-for-stm32.12.3.rel1.win32_1.0.100.202403111256/tools/bin/../lib/gcc/arm-none-eabi/12.3.1/../../../../arm-none-eabi/lib/thumb/v7e-m+dp/hard\libc_nano.a(libc_a-fstatr.o)
                0x0800a3e4                _fstat_r
 .text._isatty_r
                0x0800a408       0x20 C:/ST/STM32CubeIDE_1.15.1/STM32CubeIDE/plugins/com.st.stm32cube.ide.mcu.externaltools.gnu-tools-for-stm32.12.3.rel1.win32_1.0.100.202403111256/tools/bin/../lib/gcc/arm-none-eabi/12.3.1/../../../../arm-none-eabi/lib/thumb/v7e-m+dp/hard\libc_nano.a(libc_a-isattyr.o)
                0x0800a408                _isatty_r
 .text.abort    0x0800a428        0xe C:/ST/STM32CubeIDE_1.15.1/STM32CubeIDE/plugins/com.st.stm32cube.ide.mcu.externaltools.gnu-tools-for-stm32.12.3.rel1.win32_1.0.100.202403111256/tools/bin/../lib/gcc/arm-none-eabi/12.3.1/../../../../arm-none-eabi/lib/thumb/v7e-m+dp/hard\libc_nano.a(libc_a-abort.o)
                0x0800a428                abort
 .text._calloc_r
                0x0800a436       0x28 C:/ST/STM32CubeIDE_1.15.1/STM32CubeIDE/plugins/com.st.stm32cube.ide.mcu.externaltools.gnu-tools-for-stm32.12.3.rel1.win32_1.0.100.202403111256/tools/bin/../lib/gcc/arm-none-eabi/12.3.1/../../../../arm-none-eabi/lib/thumb/v7e-m+dp/hard\libc_nano.a(libc_a-callocr.o)
                0x0800a436                _calloc_r
 .text.__ascii_mbtowc
                0x0800a45e       0x24 C:/ST/STM32CubeIDE_1.15.1/STM32CubeIDE/plugins/com.st.stm32cube.ide.mcu.externaltools.gnu-tools-for-stm32.12.3.rel1.win32_1.0.100.202403111256/tools/bin/../lib/gcc/arm-none-eabi/12.3.1/../../../../arm-none-eabi/lib/thumb/v7e-m+dp/hard\libc_nano.a(libc_a-mbtowc_r.o)
                0x0800a45e                __ascii_mbtowc
 .text.__ascii_wctomb
                0x0800a482       0x1a C:/ST/STM32CubeIDE_1.15.1/STM32CubeIDE/plugins/com.st.stm32cube.ide.mcu.externaltools.gnu-tools-for-stm32.12.3.rel1.win32_1.0.100.202403111256/tools/bin/../lib/gcc/arm-none-eabi/12.3.1/../../../../arm-none-eabi/lib/thumb/v7e-m+dp/hard\libc_nano.a(libc_a-wctomb_r.o)
                0x0800a482                __ascii_wctomb
 .text._raise_r
                0x0800a49c       0x50 C:/ST/STM32CubeIDE_1.15.1/STM32CubeIDE/plugins/com.st.stm32cube.ide.mcu.externaltools.gnu-tools-for-stm32.12.3.rel1.win32_1.0.100.202403111256/tools/bin/../lib/gcc/arm-none-eabi/12.3.1/../../../../arm-none-eabi/lib/thumb/v7e-m+dp/hard\libc_nano.a(libc_a-signal.o)
                0x0800a49c                _raise_r
 .text.raise    0x0800a4ec       0x10 C:/ST/STM32CubeIDE_1.15.1/STM32CubeIDE/plugins/com.st.stm32cube.ide.mcu.externaltools.gnu-tools-for-stm32.12.3.rel1.win32_1.0.100.202403111256/tools/bin/../lib/gcc/arm-none-eabi/12.3.1/../../../../arm-none-eabi/lib/thumb/v7e-m+dp/hard\libc_nano.a(libc_a-signal.o)
                0x0800a4ec                raise
 .text._kill_r  0x0800a4fc       0x24 C:/ST/STM32CubeIDE_1.15.1/STM32CubeIDE/plugins/com.st.stm32cube.ide.mcu.externaltools.gnu-tools-for-stm32.12.3.rel1.win32_1.0.100.202403111256/tools/bin/../lib/gcc/arm-none-eabi/12.3.1/../../../../arm-none-eabi/lib/thumb/v7e-m+dp/hard\libc_nano.a(libc_a-signalr.o)
                0x0800a4fc                _kill_r
 .text._getpid_r
                0x0800a520        0x4 C:/ST/STM32CubeIDE_1.15.1/STM32CubeIDE/plugins/com.st.stm32cube.ide.mcu.externaltools.gnu-tools-for-stm32.12.3.rel1.win32_1.0.100.202403111256/tools/bin/../lib/gcc/arm-none-eabi/12.3.1/../../../../arm-none-eabi/lib/thumb/v7e-m+dp/hard\libc_nano.a(libc_a-signalr.o)
                0x0800a520                _getpid_r
 .text._close   0x0800a524       0x10 C:/ST/STM32CubeIDE_1.15.1/STM32CubeIDE/plugins/com.st.stm32cube.ide.mcu.externaltools.gnu-tools-for-stm32.12.3.rel1.win32_1.0.100.202403111256/tools/bin/../lib/gcc/arm-none-eabi/12.3.1/../../../../arm-none-eabi/lib/thumb/v7e-m+dp/hard\libnosys.a(close.o)
                0x0800a524                _close
 .text._fstat   0x0800a534       0x10 C:/ST/STM32CubeIDE_1.15.1/STM32CubeIDE/plugins/com.st.stm32cube.ide.mcu.externaltools.gnu-tools-for-stm32.12.3.rel1.win32_1.0.100.202403111256/tools/bin/../lib/gcc/arm-none-eabi/12.3.1/../../../../arm-none-eabi/lib/thumb/v7e-m+dp/hard\libnosys.a(fstat.o)
                0x0800a534                _fstat
 .text._getpid  0x0800a544       0x10 C:/ST/STM32CubeIDE_1.15.1/STM32CubeIDE/plugins/com.st.stm32cube.ide.mcu.externaltools.gnu-tools-for-stm32.12.3.rel1.win32_1.0.100.202403111256/tools/bin/../lib/gcc/arm-none-eabi/12.3.1/../../../../arm-none-eabi/lib/thumb/v7e-m+dp/hard\libnosys.a(getpid.o)
                0x0800a544                _getpid
 .text._gettimeofday
                0x0800a554       0x10 C:/ST/STM32CubeIDE_1.15.1/STM32CubeIDE/plugins/com.st.stm32cube.ide.mcu.externaltools.gnu-tools-for-stm32.12.3.rel1.win32_1.0.100.202403111256/tools/bin/../lib/gcc/arm-none-eabi/12.3.1/../../../../arm-none-eabi/lib/thumb/v7e-m+dp/hard\libnosys.a(gettod.o)
                0x0800a554                _gettimeofday
 .text._isatty  0x0800a564       0x10 C:/ST/STM32CubeIDE_1.15.1/STM32CubeIDE/plugins/com.st.stm32cube.ide.mcu.externaltools.gnu-tools-for-stm32.12.3.rel1.win32_1.0.100.202403111256/tools/bin/../lib/gcc/arm-none-eabi/12.3.1/../../../../arm-none-eabi/lib/thumb/v7e-m+dp/hard\libnosys.a(isatty.o)
                0x0800a564                _isatty
 .text._kill    0x0800a574       0x10 C:/ST/STM32CubeIDE_1.15.1/STM32CubeIDE/plugins/com.st.stm32cube.ide.mcu.externaltools.gnu-tools-for-stm32.12.3.rel1.win32_1.0.100.202403111256/tools/bin/../lib/gcc/arm-none-eabi/12.3.1/../../../../arm-none-eabi/lib/thumb/v7e-m+dp/hard\libnosys.a(kill.o)
                0x0800a574                _kill
 .text._lseek   0x0800a584       0x10 C:/ST/STM32CubeIDE_1.15.1/STM32CubeIDE/plugins/com.st.stm32cube.ide.mcu.externaltools.gnu-tools-for-stm32.12.3.rel1.win32_1.0.100.202403111256/tools/bin/../lib/gcc/arm-none-eabi/12.3.1/../../../../arm-none-eabi/lib/thumb/v7e-m+dp/hard\libnosys.a(lseek.o)
                0x0800a584                _lseek
 .text._read    0x0800a594       0x10 C:/ST/STM32CubeIDE_1.15.1/STM32CubeIDE/plugins/com.st.stm32cube.ide.mcu.externaltools.gnu-tools-for-stm32.12.3.rel1.win32_1.0.100.202403111256/tools/bin/../lib/gcc/arm-none-eabi/12.3.1/../../../../arm-none-eabi/lib/thumb/v7e-m+dp/hard\libnosys.a(read.o)
                0x0800a594                _read
 .text._write   0x0800a5a4       0x10 C:/ST/STM32CubeIDE_1.15.1/STM32CubeIDE/plugins/com.st.stm32cube.ide.mcu.externaltools.gnu-tools-for-stm32.12.3.rel1.win32_1.0.100.202403111256/tools/bin/../lib/gcc/arm-none-eabi/12.3.1/../../../../arm-none-eabi/lib/thumb/v7e-m+dp/hard\libnosys.a(write.o)
                0x0800a5a4                _write
 .text._exit    0x0800a5b4        0x2 C:/ST/STM32CubeIDE_1.15.1/STM32CubeIDE/plugins/com.st.stm32cube.ide.mcu.externaltools.gnu-tools-for-stm32.12.3.rel1.win32_1.0.100.202403111256/tools/bin/../lib/gcc/arm-none-eabi/12.3.1/../../../../arm-none-eabi/lib/thumb/v7e-m+dp/hard\libnosys.a(_exit.o)
                0x0800a5b4                _exit
 *(.glue_7)
 .glue_7        0x0800a5b6        0x0 linker stubs
 *(.glue_7t)
 .glue_7t       0x0800a5b6        0x0 linker stubs
 *(.eh_frame)
 *fill*         0x0800a5b6        0x2 
 .eh_frame      0x0800a5b8        0x0 C:/ST/STM32CubeIDE_1.15.1/STM32CubeIDE/plugins/com.st.stm32cube.ide.mcu.externaltools.gnu-tools-for-stm32.12.3.rel1.win32_1.0.100.202403111256/tools/bin/../lib/gcc/arm-none-eabi/12.3.1/thumb/v7e-m+dp/hard/crtbegin.o
 *(.init)
 .init          0x0800a5b8        0x4 C:/ST/STM32CubeIDE_1.15.1/STM32CubeIDE/plugins/com.st.stm32cube.ide.mcu.externaltools.gnu-tools-for-stm32.12.3.rel1.win32_1.0.100.202403111256/tools/bin/../lib/gcc/arm-none-eabi/12.3.1/thumb/v7e-m+dp/hard/crti.o
                0x0800a5b8                _init
 .init          0x0800a5bc        0x8 C:/ST/STM32CubeIDE_1.15.1/STM32CubeIDE/plugins/com.st.stm32cube.ide.mcu.externaltools.gnu-tools-for-stm32.12.3.rel1.win32_1.0.100.202403111256/tools/bin/../lib/gcc/arm-none-eabi/12.3.1/thumb/v7e-m+dp/hard/crtn.o
 *(.fini)
 .fini          0x0800a5c4        0x4 C:/ST/STM32CubeIDE_1.15.1/STM32CubeIDE/plugins/com.st.stm32cube.ide.mcu.externaltools.gnu-tools-for-stm32.12.3.rel1.win32_1.0.100.202403111256/tools/bin/../lib/gcc/arm-none-eabi/12.3.1/thumb/v7e-m+dp/hard/crti.o
                0x0800a5c4                _fini
 .fini          0x0800a5c8        0x8 C:/ST/STM32CubeIDE_1.15.1/STM32CubeIDE/plugins/com.st.stm32cube.ide.mcu.externaltools.gnu-tools-for-stm32.12.3.rel1.win32_1.0.100.202403111256/tools/bin/../lib/gcc/arm-none-eabi/12.3.1/thumb/v7e-m+dp/hard/crtn.o
                0x0800a5d0                        . = ALIGN (0x4)
                0x0800a5d0                        _etext = .

.vfp11_veneer   0x0800a5d0        0x0
 .vfp11_veneer  0x0800a5d0        0x0 linker stubs

.v4_bx          0x0800a5d0        0x0
 .v4_bx         0x0800a5d0        0x0 linker stubs

.iplt           0x0800a5d0        0x0
 .iplt          0x0800a5d0        0x0 C:/ST/STM32CubeIDE_1.15.1/STM32CubeIDE/plugins/com.st.stm32cube.ide.mcu.externaltools.gnu-tools-for-stm32.12.3.rel1.win32_1.0.100.202403111256/tools/bin/../lib/gcc/arm-none-eabi/12.3.1/thumb/v7e-m+dp/hard/crtbegin.o

.rodata         0x0800a5e0      0xad4
                0x0800a5e0                        . = ALIGN (0x4)
 *(.rodata)
 .rodata        0x0800a5e0        0x3 ./Core/Src/main.o
 *fill*         0x0800a5e3        0x1 
 .rodata        0x0800a5e4        0x3 ./Core/Src/usart.o
 *fill*         0x0800a5e7        0x1 
 .rodata        0x0800a5e8      0x157 ./X-CUBE-AI/App/app_x-cube-ai.o
 *fill*         0x0800a73f        0x1 
 .rodata        0x0800a740       0x30 ./X-CUBE-AI/App/sine_model_data.o
 *(.rodata*)
 .rodata.D1CorePrescTable
                0x0800a770       0x10 ./Core/Src/system_stm32h7xx.o
                0x0800a770                D1CorePrescTable
 .rodata.UARTPrescTable
                0x0800a780       0x18 ./Drivers/STM32H7xx_HAL_Driver/Src/stm32h7xx_hal_uart.o
                0x0800a780                UARTPrescTable
 .rodata.numerator.1
                0x0800a798        0x8 ./Drivers/STM32H7xx_HAL_Driver/Src/stm32h7xx_hal_uart_ex.o
 .rodata.denominator.0
                0x0800a7a0        0x8 ./Drivers/STM32H7xx_HAL_Driver/Src/stm32h7xx_hal_uart_ex.o
 .rodata.gemm_2_chain
                0x0800a7a8        0x8 ./X-CUBE-AI/App/sine_model.o
 .rodata.nl_1_nl_chain
                0x0800a7b0        0x8 ./X-CUBE-AI/App/sine_model.o
 .rodata.gemm_1_chain
                0x0800a7b8        0x8 ./X-CUBE-AI/App/sine_model.o
 .rodata.nl_0_nl_chain
                0x0800a7c0        0x8 ./X-CUBE-AI/App/sine_model.o
 .rodata.gemm_0_chain
                0x0800a7c8        0x8 ./X-CUBE-AI/App/sine_model.o
 *fill*         0x0800a7d0       0x10 
 .rodata.s_sine_model_weights_array_u64
                0x0800a7e0      0x508 ./X-CUBE-AI/App/sine_model_data_params.o
                0x0800a7e0                s_sine_model_weights_array_u64
 .rodata.srand.str1.1
                0x0800ace8       0x6f C:/ST/STM32CubeIDE_1.15.1/STM32CubeIDE/plugins/com.st.stm32cube.ide.mcu.externaltools.gnu-tools-for-stm32.12.3.rel1.win32_1.0.100.202403111256/tools/bin/../lib/gcc/arm-none-eabi/12.3.1/../../../../arm-none-eabi/lib/thumb/v7e-m+dp/hard\libc_nano.a(libc_a-rand.o)
 .rodata._printf_float.str1.1
                0x0800ad57       0x12 C:/ST/STM32CubeIDE_1.15.1/STM32CubeIDE/plugins/com.st.stm32cube.ide.mcu.externaltools.gnu-tools-for-stm32.12.3.rel1.win32_1.0.100.202403111256/tools/bin/../lib/gcc/arm-none-eabi/12.3.1/../../../../arm-none-eabi/lib/thumb/v7e-m+dp/hard\libc_nano.a(libc_a-nano-vfprintf_float.o)
 .rodata._printf_i.str1.1
                0x0800ad69       0x22 C:/ST/STM32CubeIDE_1.15.1/STM32CubeIDE/plugins/com.st.stm32cube.ide.mcu.externaltools.gnu-tools-for-stm32.12.3.rel1.win32_1.0.100.202403111256/tools/bin/../lib/gcc/arm-none-eabi/12.3.1/../../../../arm-none-eabi/lib/thumb/v7e-m+dp/hard\libc_nano.a(libc_a-nano-vfprintf_i.o)
 .rodata.__assert_func.str1.1
                0x0800ad8b       0x3c C:/ST/STM32CubeIDE_1.15.1/STM32CubeIDE/plugins/com.st.stm32cube.ide.mcu.externaltools.gnu-tools-for-stm32.12.3.rel1.win32_1.0.100.202403111256/tools/bin/../lib/gcc/arm-none-eabi/12.3.1/../../../../arm-none-eabi/lib/thumb/v7e-m+dp/hard\libc_nano.a(libc_a-assert.o)
                                 0x3d (size before relaxing)
 .rodata._dtoa_r.str1.1
                0x0800adc7       0x76 C:/ST/STM32CubeIDE_1.15.1/STM32CubeIDE/plugins/com.st.stm32cube.ide.mcu.externaltools.gnu-tools-for-stm32.12.3.rel1.win32_1.0.100.202403111256/tools/bin/../lib/gcc/arm-none-eabi/12.3.1/../../../../arm-none-eabi/lib/thumb/v7e-m+dp/hard\libc_nano.a(libc_a-dtoa.o)
                                 0x8f (size before relaxing)
 .rodata._Balloc.str1.1
                0x0800ae3d       0x59 C:/ST/STM32CubeIDE_1.15.1/STM32CubeIDE/plugins/com.st.stm32cube.ide.mcu.externaltools.gnu-tools-for-stm32.12.3.rel1.win32_1.0.100.202403111256/tools/bin/../lib/gcc/arm-none-eabi/12.3.1/../../../../arm-none-eabi/lib/thumb/v7e-m+dp/hard\libc_nano.a(libc_a-mprec.o)
                                 0x70 (size before relaxing)
 .rodata.__multadd.str1.1
                0x0800ae96       0x11 C:/ST/STM32CubeIDE_1.15.1/STM32CubeIDE/plugins/com.st.stm32cube.ide.mcu.externaltools.gnu-tools-for-stm32.12.3.rel1.win32_1.0.100.202403111256/tools/bin/../lib/gcc/arm-none-eabi/12.3.1/../../../../arm-none-eabi/lib/thumb/v7e-m+dp/hard\libc_nano.a(libc_a-mprec.o)
 *fill*         0x0800ae96        0x2 
 .rodata.p05.0  0x0800ae98        0xc C:/ST/STM32CubeIDE_1.15.1/STM32CubeIDE/plugins/com.st.stm32cube.ide.mcu.externaltools.gnu-tools-for-stm32.12.3.rel1.win32_1.0.100.202403111256/tools/bin/../lib/gcc/arm-none-eabi/12.3.1/../../../../arm-none-eabi/lib/thumb/v7e-m+dp/hard\libc_nano.a(libc_a-mprec.o)
 *fill*         0x0800aea4        0x4 
 .rodata.__mprec_bigtens
                0x0800aea8       0x28 C:/ST/STM32CubeIDE_1.15.1/STM32CubeIDE/plugins/com.st.stm32cube.ide.mcu.externaltools.gnu-tools-for-stm32.12.3.rel1.win32_1.0.100.202403111256/tools/bin/../lib/gcc/arm-none-eabi/12.3.1/../../../../arm-none-eabi/lib/thumb/v7e-m+dp/hard\libc_nano.a(libc_a-mprec.o)
                0x0800aea8                __mprec_bigtens
 .rodata.__mprec_tens
                0x0800aed0       0xc8 C:/ST/STM32CubeIDE_1.15.1/STM32CubeIDE/plugins/com.st.stm32cube.ide.mcu.externaltools.gnu-tools-for-stm32.12.3.rel1.win32_1.0.100.202403111256/tools/bin/../lib/gcc/arm-none-eabi/12.3.1/../../../../arm-none-eabi/lib/thumb/v7e-m+dp/hard\libc_nano.a(libc_a-mprec.o)
                0x0800aed0                __mprec_tens
 .rodata._svfprintf_r.str1.1
                0x0800af98       0x11 C:/ST/STM32CubeIDE_1.15.1/STM32CubeIDE/plugins/com.st.stm32cube.ide.mcu.externaltools.gnu-tools-for-stm32.12.3.rel1.win32_1.0.100.202403111256/tools/bin/../lib/gcc/arm-none-eabi/12.3.1/../../../../arm-none-eabi/lib/thumb/v7e-m+dp/hard\libc_nano.a(libc_a-nano-svfprintf.o)
 .rodata._vfprintf_r.str1.1
                0x0800afa9       0x11 C:/ST/STM32CubeIDE_1.15.1/STM32CubeIDE/plugins/com.st.stm32cube.ide.mcu.externaltools.gnu-tools-for-stm32.12.3.rel1.win32_1.0.100.202403111256/tools/bin/../lib/gcc/arm-none-eabi/12.3.1/../../../../arm-none-eabi/lib/thumb/v7e-m+dp/hard\libc_nano.a(libc_a-nano-vfprintf.o)
 .rodata._setlocale_r.str1.1
                0x0800afa9        0x8 C:/ST/STM32CubeIDE_1.15.1/STM32CubeIDE/plugins/com.st.stm32cube.ide.mcu.externaltools.gnu-tools-for-stm32.12.3.rel1.win32_1.0.100.202403111256/tools/bin/../lib/gcc/arm-none-eabi/12.3.1/../../../../arm-none-eabi/lib/thumb/v7e-m+dp/hard\libc_nano.a(libc_a-locale.o)
                                  0x9 (size before relaxing)
 .rodata.str1.1
                0x0800afb1        0x2 C:/ST/STM32CubeIDE_1.15.1/STM32CubeIDE/plugins/com.st.stm32cube.ide.mcu.externaltools.gnu-tools-for-stm32.12.3.rel1.win32_1.0.100.202403111256/tools/bin/../lib/gcc/arm-none-eabi/12.3.1/../../../../arm-none-eabi/lib/thumb/v7e-m+dp/hard\libc_nano.a(libc_a-locale.o)
 .rodata._ctype_
                0x0800afb3      0x101 C:/ST/STM32CubeIDE_1.15.1/STM32CubeIDE/plugins/com.st.stm32cube.ide.mcu.externaltools.gnu-tools-for-stm32.12.3.rel1.win32_1.0.100.202403111256/tools/bin/../lib/gcc/arm-none-eabi/12.3.1/../../../../arm-none-eabi/lib/thumb/v7e-m+dp/hard\libc_nano.a(libc_a-ctype_.o)
                0x0800afb3                _ctype_
                0x0800b0b4                        . = ALIGN (0x4)

.ARM.extab
 *(.ARM.extab* .gnu.linkonce.armextab.*)

.ARM            0x0800b0b4        0x8
                0x0800b0b4                        __exidx_start = .
 *(.ARM.exidx*)
 .ARM.exidx     0x0800b0b4        0x8 C:/ST/STM32CubeIDE_1.15.1/STM32CubeIDE/plugins/com.st.stm32cube.ide.mcu.externaltools.gnu-tools-for-stm32.12.3.rel1.win32_1.0.100.202403111256/tools/bin/../lib/gcc/arm-none-eabi/12.3.1/../../../../arm-none-eabi/lib/thumb/v7e-m+dp/hard\libc_nano.a(libc_a-memchr.o)
 .ARM.exidx     0x0800b0bc        0x0 C:/ST/STM32CubeIDE_1.15.1/STM32CubeIDE/plugins/com.st.stm32cube.ide.mcu.externaltools.gnu-tools-for-stm32.12.3.rel1.win32_1.0.100.202403111256/tools/bin/../lib/gcc/arm-none-eabi/12.3.1/../../../../arm-none-eabi/lib/thumb/v7e-m+dp/hard\libc_nano.a(libc_a-strlen.o)
                                  0x8 (size before relaxing)
 .ARM.exidx     0x0800b0bc        0x0 C:/ST/STM32CubeIDE_1.15.1/STM32CubeIDE/plugins/com.st.stm32cube.ide.mcu.externaltools.gnu-tools-for-stm32.12.3.rel1.win32_1.0.100.202403111256/tools/bin/../lib/gcc/arm-none-eabi/12.3.1/thumb/v7e-m+dp/hard\libgcc.a(_udivmoddi4.o)
                                  0x8 (size before relaxing)
                0x0800b0bc                        __exidx_end = .

.preinit_array  0x0800b0bc        0x0
                0x0800b0bc                        PROVIDE (__preinit_array_start = .)
 *(.preinit_array*)
                0x0800b0bc                        PROVIDE (__preinit_array_end = .)

.init_array     0x0800b0bc        0x4
                0x0800b0bc                        PROVIDE (__init_array_start = .)
 *(SORT_BY_NAME(.init_array.*))
 *(.init_array*)
 .init_array    0x0800b0bc        0x4 C:/ST/STM32CubeIDE_1.15.1/STM32CubeIDE/plugins/com.st.stm32cube.ide.mcu.externaltools.gnu-tools-for-stm32.12.3.rel1.win32_1.0.100.202403111256/tools/bin/../lib/gcc/arm-none-eabi/12.3.1/thumb/v7e-m+dp/hard/crtbegin.o
                0x0800b0c0                        PROVIDE (__init_array_end = .)

.fini_array     0x0800b0c0        0x4
                [!provide]                        PROVIDE (__fini_array_start = .)
 *(SORT_BY_NAME(.fini_array.*))
 *(.fini_array*)
 .fini_array    0x0800b0c0        0x4 C:/ST/STM32CubeIDE_1.15.1/STM32CubeIDE/plugins/com.st.stm32cube.ide.mcu.externaltools.gnu-tools-for-stm32.12.3.rel1.win32_1.0.100.202403111256/tools/bin/../lib/gcc/arm-none-eabi/12.3.1/thumb/v7e-m+dp/hard/crtbegin.o
                [!provide]                        PROVIDE (__fini_array_end = .)
                0x0800b0c4                        _sidata = LOADADDR (.data)

.rel.dyn        0x0800b0c4        0x0
 .rel.iplt      0x0800b0c4        0x0 C:/ST/STM32CubeIDE_1.15.1/STM32CubeIDE/plugins/com.st.stm32cube.ide.mcu.externaltools.gnu-tools-for-stm32.12.3.rel1.win32_1.0.100.202403111256/tools/bin/../lib/gcc/arm-none-eabi/12.3.1/thumb/v7e-m+dp/hard/crtbegin.o

.data           0x24000000      0x864 load address 0x0800b0c4
                0x24000000                        . = ALIGN (0x4)
                0x24000000                        _sdata = .
 *(.data)
 *(.data*)
 .data.SystemCoreClock
                0x24000000        0x4 ./Core/Src/system_stm32h7xx.o
                0x24000000                SystemCoreClock
 .data.SystemD2Clock
                0x24000004        0x4 ./Core/Src/system_stm32h7xx.o
                0x24000004                SystemD2Clock
 .data.uwTickPrio
                0x24000008        0x4 ./Drivers/STM32H7xx_HAL_Driver/Src/stm32h7xx_hal.o
                0x24000008                uwTickPrio
 .data.uwTickFreq
                0x2400000c        0x1 ./Drivers/STM32H7xx_HAL_Driver/Src/stm32h7xx_hal.o
                0x2400000c                uwTickFreq
 *fill*         0x2400000d        0x3 
 .data.data_activations0
                0x24000010        0x4 ./X-CUBE-AI/App/app_x-cube-ai.o
                0x24000010                data_activations0
 .data.serving_default_dense_4_input0_output_array
                0x24000014       0x10 ./X-CUBE-AI/App/sine_model.o
 .data.gemm_0_output_array
                0x24000024       0x10 ./X-CUBE-AI/App/sine_model.o
 .data.nl_0_nl_output_array
                0x24000034       0x10 ./X-CUBE-AI/App/sine_model.o
 .data.gemm_1_output_array
                0x24000044       0x10 ./X-CUBE-AI/App/sine_model.o
 .data.nl_1_nl_output_array
                0x24000054       0x10 ./X-CUBE-AI/App/sine_model.o
 .data.gemm_2_output_array
                0x24000064       0x10 ./X-CUBE-AI/App/sine_model.o
 .data.gemm_0_weights_array
                0x24000074       0x10 ./X-CUBE-AI/App/sine_model.o
 .data.gemm_0_bias_array
                0x24000084       0x10 ./X-CUBE-AI/App/sine_model.o
 .data.gemm_1_weights_array
                0x24000094       0x10 ./X-CUBE-AI/App/sine_model.o
 .data.gemm_1_bias_array
                0x240000a4       0x10 ./X-CUBE-AI/App/sine_model.o
 .data.gemm_2_weights_array
                0x240000b4       0x10 ./X-CUBE-AI/App/sine_model.o
 .data.gemm_2_bias_array
                0x240000c4       0x10 ./X-CUBE-AI/App/sine_model.o
 .data.__compound_literal.0
                0x240000d4       0x10 ./X-CUBE-AI/App/sine_model.o
 .data.__compound_literal.1
                0x240000e4       0x10 ./X-CUBE-AI/App/sine_model.o
 .data.serving_default_dense_4_input0_output
                0x240000f4       0x1c ./X-CUBE-AI/App/sine_model.o
 .data.__compound_literal.2
                0x24000110       0x10 ./X-CUBE-AI/App/sine_model.o
 .data.__compound_literal.3
                0x24000120       0x10 ./X-CUBE-AI/App/sine_model.o
 .data.gemm_0_output
                0x24000130       0x1c ./X-CUBE-AI/App/sine_model.o
 .data.__compound_literal.4
                0x2400014c       0x10 ./X-CUBE-AI/App/sine_model.o
 .data.__compound_literal.5
                0x2400015c       0x10 ./X-CUBE-AI/App/sine_model.o
 .data.nl_0_nl_output
                0x2400016c       0x1c ./X-CUBE-AI/App/sine_model.o
 .data.__compound_literal.6
                0x24000188       0x10 ./X-CUBE-AI/App/sine_model.o
 .data.__compound_literal.7
                0x24000198       0x10 ./X-CUBE-AI/App/sine_model.o
 .data.gemm_1_output
                0x240001a8       0x1c ./X-CUBE-AI/App/sine_model.o
 .data.__compound_literal.8
                0x240001c4       0x10 ./X-CUBE-AI/App/sine_model.o
 .data.__compound_literal.9
                0x240001d4       0x10 ./X-CUBE-AI/App/sine_model.o
 .data.nl_1_nl_output
                0x240001e4       0x1c ./X-CUBE-AI/App/sine_model.o
 .data.__compound_literal.10
                0x24000200       0x10 ./X-CUBE-AI/App/sine_model.o
 .data.__compound_literal.11
                0x24000210       0x10 ./X-CUBE-AI/App/sine_model.o
 .data.gemm_2_output
                0x24000220       0x1c ./X-CUBE-AI/App/sine_model.o
 .data.__compound_literal.12
                0x2400023c       0x10 ./X-CUBE-AI/App/sine_model.o
 .data.__compound_literal.13
                0x2400024c       0x10 ./X-CUBE-AI/App/sine_model.o
 .data.gemm_0_weights
                0x2400025c       0x1c ./X-CUBE-AI/App/sine_model.o
 .data.__compound_literal.14
                0x24000278       0x10 ./X-CUBE-AI/App/sine_model.o
 .data.__compound_literal.15
                0x24000288       0x10 ./X-CUBE-AI/App/sine_model.o
 .data.gemm_0_bias
                0x24000298       0x1c ./X-CUBE-AI/App/sine_model.o
 .data.__compound_literal.16
                0x240002b4       0x10 ./X-CUBE-AI/App/sine_model.o
 .data.__compound_literal.17
                0x240002c4       0x10 ./X-CUBE-AI/App/sine_model.o
 .data.gemm_1_weights
                0x240002d4       0x1c ./X-CUBE-AI/App/sine_model.o
 .data.__compound_literal.18
                0x240002f0       0x10 ./X-CUBE-AI/App/sine_model.o
 .data.__compound_literal.19
                0x24000300       0x10 ./X-CUBE-AI/App/sine_model.o
 .data.gemm_1_bias
                0x24000310       0x1c ./X-CUBE-AI/App/sine_model.o
 .data.__compound_literal.20
                0x2400032c       0x10 ./X-CUBE-AI/App/sine_model.o
 .data.__compound_literal.21
                0x2400033c       0x10 ./X-CUBE-AI/App/sine_model.o
 .data.gemm_2_weights
                0x2400034c       0x1c ./X-CUBE-AI/App/sine_model.o
 .data.__compound_literal.22
                0x24000368       0x10 ./X-CUBE-AI/App/sine_model.o
 .data.__compound_literal.23
                0x24000378       0x10 ./X-CUBE-AI/App/sine_model.o
 .data.gemm_2_bias
                0x24000388       0x1c ./X-CUBE-AI/App/sine_model.o
 .data.__compound_literal.24
                0x240003a4        0x4 ./X-CUBE-AI/App/sine_model.o
 .data.__compound_literal.25
                0x240003a8        0x4 ./X-CUBE-AI/App/sine_model.o
 .data.__compound_literal.26
                0x240003ac        0x8 ./X-CUBE-AI/App/sine_model.o
 .data.__compound_literal.28
                0x240003b4       0x30 ./X-CUBE-AI/App/sine_model.o
 .data.gemm_2_layer
                0x240003e4       0x1c ./X-CUBE-AI/App/sine_model.o
 .data.__compound_literal.29
                0x24000400        0x4 ./X-CUBE-AI/App/sine_model.o
 .data.__compound_literal.30
                0x24000404        0x4 ./X-CUBE-AI/App/sine_model.o
 .data.__compound_literal.33
                0x24000408       0x30 ./X-CUBE-AI/App/sine_model.o
 .data.nl_1_nl_layer
                0x24000438       0x20 ./X-CUBE-AI/App/sine_model.o
 .data.__compound_literal.34
                0x24000458        0x4 ./X-CUBE-AI/App/sine_model.o
 .data.__compound_literal.35
                0x2400045c        0x4 ./X-CUBE-AI/App/sine_model.o
 .data.__compound_literal.36
                0x24000460        0x8 ./X-CUBE-AI/App/sine_model.o
 .data.__compound_literal.38
                0x24000468       0x30 ./X-CUBE-AI/App/sine_model.o
 .data.gemm_1_layer
                0x24000498       0x1c ./X-CUBE-AI/App/sine_model.o
 .data.__compound_literal.39
                0x240004b4        0x4 ./X-CUBE-AI/App/sine_model.o
 .data.__compound_literal.40
                0x240004b8        0x4 ./X-CUBE-AI/App/sine_model.o
 .data.__compound_literal.43
                0x240004bc       0x30 ./X-CUBE-AI/App/sine_model.o
 .data.nl_0_nl_layer
                0x240004ec       0x20 ./X-CUBE-AI/App/sine_model.o
 .data.__compound_literal.44
                0x2400050c        0x4 ./X-CUBE-AI/App/sine_model.o
 .data.__compound_literal.45
                0x24000510        0x4 ./X-CUBE-AI/App/sine_model.o
 .data.__compound_literal.46
                0x24000514        0x8 ./X-CUBE-AI/App/sine_model.o
 .data.__compound_literal.48
                0x2400051c       0x30 ./X-CUBE-AI/App/sine_model.o
 .data.gemm_0_layer
                0x2400054c       0x1c ./X-CUBE-AI/App/sine_model.o
 .data.__compound_literal.49
                0x24000568       0x10 ./X-CUBE-AI/App/sine_model.o
 .data.__compound_literal.50
                0x24000578       0x1c ./X-CUBE-AI/App/sine_model.o
 .data.__compound_literal.51
                0x24000594       0x10 ./X-CUBE-AI/App/sine_model.o
 .data.__compound_literal.52
                0x240005a4       0x1c ./X-CUBE-AI/App/sine_model.o
 .data.__compound_literal.53
                0x240005c0        0x4 ./X-CUBE-AI/App/sine_model.o
 .data.__compound_literal.57
                0x240005c4        0xc ./X-CUBE-AI/App/sine_model.o
 .data.__compound_literal.58
                0x240005d0        0x4 ./X-CUBE-AI/App/sine_model.o
 .data.__compound_literal.62
                0x240005d4        0xc ./X-CUBE-AI/App/sine_model.o
 .data.__compound_literal.63
                0x240005e0       0x18 ./X-CUBE-AI/App/sine_model.o
 .data.g_sine_model
                0x240005f8       0x4c ./X-CUBE-AI/App/sine_model.o
 .data.__compound_literal.0
                0x24000644       0x10 ./X-CUBE-AI/App/sine_model_data.o
 .data.g_sine_model_data_map_activations
                0x24000654       0x1c ./X-CUBE-AI/App/sine_model_data.o
                0x24000654                g_sine_model_data_map_activations
 .data.__compound_literal.1
                0x24000670       0x10 ./X-CUBE-AI/App/sine_model_data.o
 .data.g_sine_model_data_map_weights
                0x24000680       0x1c ./X-CUBE-AI/App/sine_model_data.o
                0x24000680                g_sine_model_data_map_weights
 .data.__sglue  0x2400069c        0xc C:/ST/STM32CubeIDE_1.15.1/STM32CubeIDE/plugins/com.st.stm32cube.ide.mcu.externaltools.gnu-tools-for-stm32.12.3.rel1.win32_1.0.100.202403111256/tools/bin/../lib/gcc/arm-none-eabi/12.3.1/../../../../arm-none-eabi/lib/thumb/v7e-m+dp/hard\libc_nano.a(libc_a-findfp.o)
                0x2400069c                __sglue
 .data._impure_ptr
                0x240006a8        0x4 C:/ST/STM32CubeIDE_1.15.1/STM32CubeIDE/plugins/com.st.stm32cube.ide.mcu.externaltools.gnu-tools-for-stm32.12.3.rel1.win32_1.0.100.202403111256/tools/bin/../lib/gcc/arm-none-eabi/12.3.1/../../../../arm-none-eabi/lib/thumb/v7e-m+dp/hard\libc_nano.a(libc_a-impure.o)
                0x240006a8                _impure_ptr
 .data._impure_data
                0x240006ac       0x4c C:/ST/STM32CubeIDE_1.15.1/STM32CubeIDE/plugins/com.st.stm32cube.ide.mcu.externaltools.gnu-tools-for-stm32.12.3.rel1.win32_1.0.100.202403111256/tools/bin/../lib/gcc/arm-none-eabi/12.3.1/../../../../arm-none-eabi/lib/thumb/v7e-m+dp/hard\libc_nano.a(libc_a-impure.o)
                0x240006ac                _impure_data
 .data.__global_locale
                0x240006f8      0x16c C:/ST/STM32CubeIDE_1.15.1/STM32CubeIDE/plugins/com.st.stm32cube.ide.mcu.externaltools.gnu-tools-for-stm32.12.3.rel1.win32_1.0.100.202403111256/tools/bin/../lib/gcc/arm-none-eabi/12.3.1/../../../../arm-none-eabi/lib/thumb/v7e-m+dp/hard\libc_nano.a(libc_a-locale.o)
                0x240006f8                __global_locale
 *(.RamFunc)
 *(.RamFunc*)
                0x24000864                        . = ALIGN (0x4)
                0x24000864                        _edata = .
